<?xml version="1.0" encoding="ISO-8859-1" ?>
<link_info>
   <banner>TI ARM Clang Linker PC v4.0.0.LTS</banner>
   <copyright>Copyright (c) 1996-2018 Texas Instruments Incorporated</copyright>
   <command_line>C:\ti\ccstheia151\ccs\tools\compiler\ti-cgt-armllvm_4.0.0.LTS\bin\tiarmlnk -IC:\ti\ccstheia151\ccs\tools\compiler\ti-cgt-armllvm_4.0.0.LTS\lib -o SafeBeat-Infant-Monitor.out -mSafeBeat-Infant-Monitor.map -iC:/ti/simplelink_cc13xx_cc26xx_sdk_7_41_00_17/source -iC:/ti/simplelink_cc13xx_cc26xx_sdk_7_41_00_17/kernel/tirtos7/packages -iC:/Users/byork/workspace_ccstheia/SafeBeat-Infant-Monitor/Debug/syscfg -iC:/ti/ccstheia151/ccs/tools/compiler/ti-cgt-armllvm_4.0.0.LTS/lib --diag_wrap=off --display_error_number --warn_sections --xml_link_info=SafeBeat-Infant-Monitor_linkInfo.xml --rom_model ./main.o ./syscfg/ti_devices_config.o ./syscfg/ti_drivers_config.o ./syscfg/ti_sysbios_config.o ./main_tirtos.o ../cc13x1_cc26x1_tirtos7.cmd -lti_utils_build_linker.cmd.genlibs -llibc.a --start-group -llibc++.a -llibc++abi.a -llibc.a -llibsys.a -llibsysbm.a -llibclang_rt.builtins.a -llibclang_rt.profile.a --end-group --cg_opt_level=z</command_line>
   <link_time>0x67154ffe</link_time>
   <link_errors>0x0</link_errors>
   <output_file>C:\Users\byork\workspace_ccstheia\SafeBeat-Infant-Monitor\Debug\SafeBeat-Infant-Monitor.out</output_file>
   <entry_point>
      <name>ResetISR</name>
      <address>0x381f</address>
   </entry_point>
   <input_file_list>
      <input_file id="fl-1">
         <path>C:\Users\byork\workspace_ccstheia\SafeBeat-Infant-Monitor\Debug\.\</path>
         <kind>object</kind>
         <file>main.o</file>
         <name>main.o</name>
      </input_file>
      <input_file id="fl-2">
         <path>C:\Users\byork\workspace_ccstheia\SafeBeat-Infant-Monitor\Debug\.\syscfg\</path>
         <kind>object</kind>
         <file>ti_devices_config.o</file>
         <name>ti_devices_config.o</name>
      </input_file>
      <input_file id="fl-3">
         <path>C:\Users\byork\workspace_ccstheia\SafeBeat-Infant-Monitor\Debug\.\syscfg\</path>
         <kind>object</kind>
         <file>ti_drivers_config.o</file>
         <name>ti_drivers_config.o</name>
      </input_file>
      <input_file id="fl-4">
         <path>C:\Users\byork\workspace_ccstheia\SafeBeat-Infant-Monitor\Debug\.\syscfg\</path>
         <kind>object</kind>
         <file>ti_sysbios_config.o</file>
         <name>ti_sysbios_config.o</name>
      </input_file>
      <input_file id="fl-5">
         <path>C:\Users\byork\workspace_ccstheia\SafeBeat-Infant-Monitor\Debug\.\</path>
         <kind>object</kind>
         <file>main_tirtos.o</file>
         <name>main_tirtos.o</name>
      </input_file>
      <input_file id="fl-15">
         <path>C:\Users\byork\workspace_ccstheia\SafeBeat-Infant-Monitor\Debug\</path>
         <kind>object</kind>
         <file>&lt;internal&gt;</file>
         <name>&lt;internal&gt;</name>
      </input_file>
      <input_file id="fl-16">
         <path>C:\ti\simplelink_cc13xx_cc26xx_sdk_7_41_00_17\source\ti\drivers\lib\ticlang\m4\</path>
         <kind>archive</kind>
         <file>drivers_cc26x1.a</file>
         <name>GPIO.c.obj</name>
      </input_file>
      <input_file id="fl-17">
         <path>C:\ti\simplelink_cc13xx_cc26xx_sdk_7_41_00_17\source\ti\drivers\lib\ticlang\m4\</path>
         <kind>archive</kind>
         <file>drivers_cc26x1.a</file>
         <name>GPIOCC26XX.c.obj</name>
      </input_file>
      <input_file id="fl-18">
         <path>C:\ti\simplelink_cc13xx_cc26xx_sdk_7_41_00_17\source\ti\drivers\lib\ticlang\m4\</path>
         <kind>archive</kind>
         <file>drivers_cc26x1.a</file>
         <name>PowerCC26X2.c.obj</name>
      </input_file>
      <input_file id="fl-19">
         <path>C:\ti\simplelink_cc13xx_cc26xx_sdk_7_41_00_17\source\ti\drivers\lib\ticlang\m4\</path>
         <kind>archive</kind>
         <file>drivers_cc26x1.a</file>
         <name>PowerCC26X2_calibrateRCOSC.c.obj</name>
      </input_file>
      <input_file id="fl-1a">
         <path>C:\ti\simplelink_cc13xx_cc26xx_sdk_7_41_00_17\source\ti\drivers\lib\ticlang\m4\</path>
         <kind>archive</kind>
         <file>drivers_cc26x1.a</file>
         <name>TemperatureCC26X2.c.obj</name>
      </input_file>
      <input_file id="fl-1b">
         <path>C:\ti\simplelink_cc13xx_cc26xx_sdk_7_41_00_17\source\ti\drivers\lib\ticlang\m4\</path>
         <kind>archive</kind>
         <file>drivers_cc26x1.a</file>
         <name>GPIOCC26X2.c.obj</name>
      </input_file>
      <input_file id="fl-1c">
         <path>C:\ti\simplelink_cc13xx_cc26xx_sdk_7_41_00_17\source\ti\drivers\lib\ticlang\m4\</path>
         <kind>archive</kind>
         <file>drivers_cc26x1.a</file>
         <name>PowerCC26X2_calibrateRCOSC_helpers.c.obj</name>
      </input_file>
      <input_file id="fl-1d">
         <path>C:\ti\simplelink_cc13xx_cc26xx_sdk_7_41_00_17\source\ti\drivers\lib\ticlang\m4\</path>
         <kind>archive</kind>
         <file>drivers_cc26x1.a</file>
         <name>PowerCC26X2_helpers.c.obj</name>
      </input_file>
      <input_file id="fl-1e">
         <path>C:\ti\simplelink_cc13xx_cc26xx_sdk_7_41_00_17\source\ti\drivers\lib\ticlang\m4\</path>
         <kind>archive</kind>
         <file>drivers_cc26x1.a</file>
         <name>List.c.obj</name>
      </input_file>
      <input_file id="fl-1f">
         <path>C:\ti\simplelink_cc13xx_cc26xx_sdk_7_41_00_17\source\ti\devices\cc13x1_cc26x1\driverlib\bin\ticlang\</path>
         <kind>archive</kind>
         <file>driverlib.lib</file>
         <name>cpu.c.obj</name>
      </input_file>
      <input_file id="fl-20">
         <path>C:\ti\simplelink_cc13xx_cc26xx_sdk_7_41_00_17\source\ti\devices\cc13x1_cc26x1\driverlib\bin\ticlang\</path>
         <kind>archive</kind>
         <file>driverlib.lib</file>
         <name>osc.c.obj</name>
      </input_file>
      <input_file id="fl-21">
         <path>C:\ti\simplelink_cc13xx_cc26xx_sdk_7_41_00_17\source\ti\devices\cc13x1_cc26x1\driverlib\bin\ticlang\</path>
         <kind>archive</kind>
         <file>driverlib.lib</file>
         <name>prcm.c.obj</name>
      </input_file>
      <input_file id="fl-22">
         <path>C:\ti\simplelink_cc13xx_cc26xx_sdk_7_41_00_17\source\ti\devices\cc13x1_cc26x1\driverlib\bin\ticlang\</path>
         <kind>archive</kind>
         <file>driverlib.lib</file>
         <name>setup.c.obj</name>
      </input_file>
      <input_file id="fl-23">
         <path>C:\ti\simplelink_cc13xx_cc26xx_sdk_7_41_00_17\source\ti\devices\cc13x1_cc26x1\driverlib\bin\ticlang\</path>
         <kind>archive</kind>
         <file>driverlib.lib</file>
         <name>sys_ctrl.c.obj</name>
      </input_file>
      <input_file id="fl-24">
         <path>C:\ti\simplelink_cc13xx_cc26xx_sdk_7_41_00_17\source\ti\devices\cc13x1_cc26x1\driverlib\bin\ticlang\</path>
         <kind>archive</kind>
         <file>driverlib.lib</file>
         <name>aux_sysif.c.obj</name>
      </input_file>
      <input_file id="fl-25">
         <path>C:\ti\simplelink_cc13xx_cc26xx_sdk_7_41_00_17\source\ti\devices\cc13x1_cc26x1\driverlib\bin\ticlang\</path>
         <kind>archive</kind>
         <file>driverlib.lib</file>
         <name>chipinfo.c.obj</name>
      </input_file>
      <input_file id="fl-26">
         <path>C:\ti\simplelink_cc13xx_cc26xx_sdk_7_41_00_17\kernel\tirtos7\packages\ti\sysbios\lib\ticlang\m4\</path>
         <kind>archive</kind>
         <file>sysbios.a</file>
         <name>TaskSupport_asm_gcc.s.obj</name>
      </input_file>
      <input_file id="fl-27">
         <path>C:\ti\simplelink_cc13xx_cc26xx_sdk_7_41_00_17\kernel\tirtos7\packages\ti\sysbios\lib\ticlang\m4\</path>
         <kind>archive</kind>
         <file>sysbios.a</file>
         <name>Hwi_asm_gcc.s.obj</name>
      </input_file>
      <input_file id="fl-28">
         <path>C:\ti\simplelink_cc13xx_cc26xx_sdk_7_41_00_17\kernel\tirtos7\packages\ti\sysbios\lib\ticlang\m4\</path>
         <kind>archive</kind>
         <file>sysbios.a</file>
         <name>Hwi_asm_switch_gcc.s.obj</name>
      </input_file>
      <input_file id="fl-29">
         <path>C:\ti\simplelink_cc13xx_cc26xx_sdk_7_41_00_17\kernel\tirtos7\packages\ti\sysbios\lib\ticlang\m4\</path>
         <kind>archive</kind>
         <file>sysbios.a</file>
         <name>boot_cortex_m.c.obj</name>
      </input_file>
      <input_file id="fl-3e">
         <path>C:\ti\ccstheia151\ccs\tools\compiler\ti-cgt-armllvm_4.0.0.LTS\lib\armv7em-ti-none-eabi\c\</path>
         <kind>archive</kind>
         <file>libc.a</file>
         <name>strcmp_t2.S.obj</name>
      </input_file>
      <input_file id="fl-3f">
         <path>C:\ti\ccstheia151\ccs\tools\compiler\ti-cgt-armllvm_4.0.0.LTS\lib\armv7em-ti-none-eabi\c\</path>
         <kind>archive</kind>
         <file>libc.a</file>
         <name>aeabi_portable.c.obj</name>
      </input_file>
      <input_file id="fl-40">
         <path>C:\ti\ccstheia151\ccs\tools\compiler\ti-cgt-armllvm_4.0.0.LTS\lib\armv7em-ti-none-eabi\c\</path>
         <kind>archive</kind>
         <file>libc.a</file>
         <name>exit.c.obj</name>
      </input_file>
      <input_file id="fl-41">
         <path>C:\ti\ccstheia151\ccs\tools\compiler\ti-cgt-armllvm_4.0.0.LTS\lib\armv7em-ti-none-eabi\c\</path>
         <kind>archive</kind>
         <file>libc.a</file>
         <name>_lock.c.obj</name>
      </input_file>
      <input_file id="fl-42">
         <path>C:\ti\ccstheia151\ccs\tools\compiler\ti-cgt-armllvm_4.0.0.LTS\lib\armv7em-ti-none-eabi\c\</path>
         <kind>archive</kind>
         <file>libc.a</file>
         <name>args_main.c.obj</name>
      </input_file>
      <input_file id="fl-43">
         <path>C:\ti\ccstheia151\ccs\tools\compiler\ti-cgt-armllvm_4.0.0.LTS\lib\armv7em-ti-none-eabi\c\</path>
         <kind>archive</kind>
         <file>libc.a</file>
         <name>assert.c.obj</name>
      </input_file>
      <input_file id="fl-44">
         <path>C:\ti\ccstheia151\ccs\tools\compiler\ti-cgt-armllvm_4.0.0.LTS\lib\armv7em-ti-none-eabi\c\</path>
         <kind>archive</kind>
         <file>libc.a</file>
         <name>defs.c.obj</name>
      </input_file>
      <input_file id="fl-45">
         <path>C:\ti\ccstheia151\ccs\tools\compiler\ti-cgt-armllvm_4.0.0.LTS\lib\armv7em-ti-none-eabi\c\</path>
         <kind>archive</kind>
         <file>libc.a</file>
         <name>autoinit.c.obj</name>
      </input_file>
      <input_file id="fl-46">
         <path>C:\ti\ccstheia151\ccs\tools\compiler\ti-cgt-armllvm_4.0.0.LTS\lib\armv7em-ti-none-eabi\c\</path>
         <kind>archive</kind>
         <file>libc.a</file>
         <name>cpy_tbl.c.obj</name>
      </input_file>
      <input_file id="fl-47">
         <path>C:\ti\ccstheia151\ccs\tools\compiler\ti-cgt-armllvm_4.0.0.LTS\lib\armv7em-ti-none-eabi\c\</path>
         <kind>archive</kind>
         <file>libc.a</file>
         <name>copy_zero_init.c.obj</name>
      </input_file>
      <input_file id="fl-48">
         <path>C:\ti\ccstheia151\ccs\tools\compiler\ti-cgt-armllvm_4.0.0.LTS\lib\armv7em-ti-none-eabi\c\</path>
         <kind>archive</kind>
         <file>libc.a</file>
         <name>copy_decompress_none.c.obj</name>
      </input_file>
      <input_file id="fl-49">
         <path>C:\ti\ccstheia151\ccs\tools\compiler\ti-cgt-armllvm_4.0.0.LTS\lib\armv7em-ti-none-eabi\c\</path>
         <kind>archive</kind>
         <file>libc.a</file>
         <name>copy_decompress_lzss.c.obj</name>
      </input_file>
      <input_file id="fl-4a">
         <path>C:\ti\ccstheia151\ccs\tools\compiler\ti-cgt-armllvm_4.0.0.LTS\lib\armv7em-ti-none-eabi\c\</path>
         <kind>archive</kind>
         <file>libc.a</file>
         <name>sprintf.c.obj</name>
      </input_file>
      <input_file id="fl-4b">
         <path>C:\ti\ccstheia151\ccs\tools\compiler\ti-cgt-armllvm_4.0.0.LTS\lib\armv7em-ti-none-eabi\c\</path>
         <kind>archive</kind>
         <file>libc.a</file>
         <name>fflush.c.obj</name>
      </input_file>
      <input_file id="fl-4c">
         <path>C:\ti\ccstheia151\ccs\tools\compiler\ti-cgt-armllvm_4.0.0.LTS\lib\armv7em-ti-none-eabi\c\</path>
         <kind>archive</kind>
         <file>libc.a</file>
         <name>fputs.c.obj</name>
      </input_file>
      <input_file id="fl-4d">
         <path>C:\ti\ccstheia151\ccs\tools\compiler\ti-cgt-armllvm_4.0.0.LTS\lib\armv7em-ti-none-eabi\c\</path>
         <kind>archive</kind>
         <file>libc.a</file>
         <name>_io_perm.c.obj</name>
      </input_file>
      <input_file id="fl-4e">
         <path>C:\ti\ccstheia151\ccs\tools\compiler\ti-cgt-armllvm_4.0.0.LTS\lib\armv7em-ti-none-eabi\c\</path>
         <kind>archive</kind>
         <file>libc.a</file>
         <name>setvbuf.c.obj</name>
      </input_file>
      <input_file id="fl-4f">
         <path>C:\ti\ccstheia151\ccs\tools\compiler\ti-cgt-armllvm_4.0.0.LTS\lib\armv7em-ti-none-eabi\c\</path>
         <kind>archive</kind>
         <file>libc.a</file>
         <name>_printfi.c.obj</name>
      </input_file>
      <input_file id="fl-50">
         <path>C:\ti\ccstheia151\ccs\tools\compiler\ti-cgt-armllvm_4.0.0.LTS\lib\armv7em-ti-none-eabi\c\</path>
         <kind>archive</kind>
         <file>libc.a</file>
         <name>fopen.c.obj</name>
      </input_file>
      <input_file id="fl-51">
         <path>C:\ti\ccstheia151\ccs\tools\compiler\ti-cgt-armllvm_4.0.0.LTS\lib\armv7em-ti-none-eabi\c\</path>
         <kind>archive</kind>
         <file>libc.a</file>
         <name>fseek.c.obj</name>
      </input_file>
      <input_file id="fl-52">
         <path>C:\ti\ccstheia151\ccs\tools\compiler\ti-cgt-armllvm_4.0.0.LTS\lib\armv7em-ti-none-eabi\c\</path>
         <kind>archive</kind>
         <file>libc.a</file>
         <name>wcslen.c.obj</name>
      </input_file>
      <input_file id="fl-53">
         <path>C:\ti\ccstheia151\ccs\tools\compiler\ti-cgt-armllvm_4.0.0.LTS\lib\armv7em-ti-none-eabi\c\</path>
         <kind>archive</kind>
         <file>libc.a</file>
         <name>s_frexp.c.obj</name>
      </input_file>
      <input_file id="fl-54">
         <path>C:\ti\ccstheia151\ccs\tools\compiler\ti-cgt-armllvm_4.0.0.LTS\lib\armv7em-ti-none-eabi\c\</path>
         <kind>archive</kind>
         <file>libc.a</file>
         <name>s_scalbn.c.obj</name>
      </input_file>
      <input_file id="fl-55">
         <path>C:\ti\ccstheia151\ccs\tools\compiler\ti-cgt-armllvm_4.0.0.LTS\lib\armv7em-ti-none-eabi\c\</path>
         <kind>archive</kind>
         <file>libc.a</file>
         <name>_ltoa.c.obj</name>
      </input_file>
      <input_file id="fl-56">
         <path>C:\ti\ccstheia151\ccs\tools\compiler\ti-cgt-armllvm_4.0.0.LTS\lib\armv7em-ti-none-eabi\c\</path>
         <kind>archive</kind>
         <file>libc.a</file>
         <name>atoi.c.obj</name>
      </input_file>
      <input_file id="fl-57">
         <path>C:\ti\ccstheia151\ccs\tools\compiler\ti-cgt-armllvm_4.0.0.LTS\lib\armv7em-ti-none-eabi\c\</path>
         <kind>archive</kind>
         <file>libc.a</file>
         <name>memccpy.c.obj</name>
      </input_file>
      <input_file id="fl-58">
         <path>C:\ti\ccstheia151\ccs\tools\compiler\ti-cgt-armllvm_4.0.0.LTS\lib\armv7em-ti-none-eabi\c\</path>
         <kind>archive</kind>
         <file>libc.a</file>
         <name>fclose.c.obj</name>
      </input_file>
      <input_file id="fl-59">
         <path>C:\ti\ccstheia151\ccs\tools\compiler\ti-cgt-armllvm_4.0.0.LTS\lib\armv7em-ti-none-eabi\c\</path>
         <kind>archive</kind>
         <file>libc.a</file>
         <name>aeabi_ctype.S.obj</name>
      </input_file>
      <input_file id="fl-ef">
         <path>C:\ti\ccstheia151\ccs\tools\compiler\ti-cgt-armllvm_4.0.0.LTS\lib\armv7em-ti-none-eabi\c\</path>
         <kind>archive</kind>
         <file>libsysbm.a</file>
         <name>write.c.obj</name>
      </input_file>
      <input_file id="fl-f0">
         <path>C:\ti\ccstheia151\ccs\tools\compiler\ti-cgt-armllvm_4.0.0.LTS\lib\armv7em-ti-none-eabi\c\</path>
         <kind>archive</kind>
         <file>libsysbm.a</file>
         <name>host_device.c.obj</name>
      </input_file>
      <input_file id="fl-f1">
         <path>C:\ti\ccstheia151\ccs\tools\compiler\ti-cgt-armllvm_4.0.0.LTS\lib\armv7em-ti-none-eabi\c\</path>
         <kind>archive</kind>
         <file>libsysbm.a</file>
         <name>remove.c.obj</name>
      </input_file>
      <input_file id="fl-f2">
         <path>C:\ti\ccstheia151\ccs\tools\compiler\ti-cgt-armllvm_4.0.0.LTS\lib\armv7em-ti-none-eabi\c\</path>
         <kind>archive</kind>
         <file>libsysbm.a</file>
         <name>open.c.obj</name>
      </input_file>
      <input_file id="fl-f3">
         <path>C:\ti\ccstheia151\ccs\tools\compiler\ti-cgt-armllvm_4.0.0.LTS\lib\armv7em-ti-none-eabi\c\</path>
         <kind>archive</kind>
         <file>libsysbm.a</file>
         <name>lseek.c.obj</name>
      </input_file>
      <input_file id="fl-f4">
         <path>C:\ti\ccstheia151\ccs\tools\compiler\ti-cgt-armllvm_4.0.0.LTS\lib\armv7em-ti-none-eabi\c\</path>
         <kind>archive</kind>
         <file>libsysbm.a</file>
         <name>close.c.obj</name>
      </input_file>
      <input_file id="fl-f5">
         <path>C:\ti\ccstheia151\ccs\tools\compiler\ti-cgt-armllvm_4.0.0.LTS\lib\armv7em-ti-none-eabi\c\</path>
         <kind>archive</kind>
         <file>libsysbm.a</file>
         <name>unlink.c.obj</name>
      </input_file>
      <input_file id="fl-f6">
         <path>C:\ti\ccstheia151\ccs\tools\compiler\ti-cgt-armllvm_4.0.0.LTS\lib\armv7em-ti-none-eabi\c\</path>
         <kind>archive</kind>
         <file>libsysbm.a</file>
         <name>hostclose.c.obj</name>
      </input_file>
      <input_file id="fl-f7">
         <path>C:\ti\ccstheia151\ccs\tools\compiler\ti-cgt-armllvm_4.0.0.LTS\lib\armv7em-ti-none-eabi\c\</path>
         <kind>archive</kind>
         <file>libsysbm.a</file>
         <name>hostlseek.c.obj</name>
      </input_file>
      <input_file id="fl-f8">
         <path>C:\ti\ccstheia151\ccs\tools\compiler\ti-cgt-armllvm_4.0.0.LTS\lib\armv7em-ti-none-eabi\c\</path>
         <kind>archive</kind>
         <file>libsysbm.a</file>
         <name>hostopen.c.obj</name>
      </input_file>
      <input_file id="fl-f9">
         <path>C:\ti\ccstheia151\ccs\tools\compiler\ti-cgt-armllvm_4.0.0.LTS\lib\armv7em-ti-none-eabi\c\</path>
         <kind>archive</kind>
         <file>libsysbm.a</file>
         <name>hostread.c.obj</name>
      </input_file>
      <input_file id="fl-fa">
         <path>C:\ti\ccstheia151\ccs\tools\compiler\ti-cgt-armllvm_4.0.0.LTS\lib\armv7em-ti-none-eabi\c\</path>
         <kind>archive</kind>
         <file>libsysbm.a</file>
         <name>hostrename.c.obj</name>
      </input_file>
      <input_file id="fl-fb">
         <path>C:\ti\ccstheia151\ccs\tools\compiler\ti-cgt-armllvm_4.0.0.LTS\lib\armv7em-ti-none-eabi\c\</path>
         <kind>archive</kind>
         <file>libsysbm.a</file>
         <name>hostunlink.c.obj</name>
      </input_file>
      <input_file id="fl-fc">
         <path>C:\ti\ccstheia151\ccs\tools\compiler\ti-cgt-armllvm_4.0.0.LTS\lib\armv7em-ti-none-eabi\c\</path>
         <kind>archive</kind>
         <file>libsysbm.a</file>
         <name>hostwrite.c.obj</name>
      </input_file>
      <input_file id="fl-fd">
         <path>C:\ti\ccstheia151\ccs\tools\compiler\ti-cgt-armllvm_4.0.0.LTS\lib\armv7em-ti-none-eabi\c\</path>
         <kind>archive</kind>
         <file>libsysbm.a</file>
         <name>trgmsg.c.obj</name>
      </input_file>
      <input_file id="fl-fe">
         <path>C:\ti\ccstheia151\ccs\tools\compiler\ti-cgt-armllvm_4.0.0.LTS\lib\armv7em-ti-none-eabi\</path>
         <kind>archive</kind>
         <file>libclang_rt.builtins.a</file>
         <name>adddf3.S.obj</name>
      </input_file>
      <input_file id="fl-ff">
         <path>C:\ti\ccstheia151\ccs\tools\compiler\ti-cgt-armllvm_4.0.0.LTS\lib\armv7em-ti-none-eabi\</path>
         <kind>archive</kind>
         <file>libclang_rt.builtins.a</file>
         <name>muldf3.S.obj</name>
      </input_file>
      <input_file id="fl-100">
         <path>C:\ti\ccstheia151\ccs\tools\compiler\ti-cgt-armllvm_4.0.0.LTS\lib\armv7em-ti-none-eabi\</path>
         <kind>archive</kind>
         <file>libclang_rt.builtins.a</file>
         <name>ashldi3.S.obj</name>
      </input_file>
      <input_file id="fl-101">
         <path>C:\ti\ccstheia151\ccs\tools\compiler\ti-cgt-armllvm_4.0.0.LTS\lib\armv7em-ti-none-eabi\</path>
         <kind>archive</kind>
         <file>libclang_rt.builtins.a</file>
         <name>ashrdi3.S.obj</name>
      </input_file>
      <input_file id="fl-102">
         <path>C:\ti\ccstheia151\ccs\tools\compiler\ti-cgt-armllvm_4.0.0.LTS\lib\armv7em-ti-none-eabi\</path>
         <kind>archive</kind>
         <file>libclang_rt.builtins.a</file>
         <name>divdf3.S.obj</name>
      </input_file>
      <input_file id="fl-103">
         <path>C:\ti\ccstheia151\ccs\tools\compiler\ti-cgt-armllvm_4.0.0.LTS\lib\armv7em-ti-none-eabi\</path>
         <kind>archive</kind>
         <file>libclang_rt.builtins.a</file>
         <name>extendsfdf2.S.obj</name>
      </input_file>
      <input_file id="fl-104">
         <path>C:\ti\ccstheia151\ccs\tools\compiler\ti-cgt-armllvm_4.0.0.LTS\lib\armv7em-ti-none-eabi\</path>
         <kind>archive</kind>
         <file>libclang_rt.builtins.a</file>
         <name>fixdfsi.S.obj</name>
      </input_file>
      <input_file id="fl-105">
         <path>C:\ti\ccstheia151\ccs\tools\compiler\ti-cgt-armllvm_4.0.0.LTS\lib\armv7em-ti-none-eabi\</path>
         <kind>archive</kind>
         <file>libclang_rt.builtins.a</file>
         <name>fixunsdfsi.S.obj</name>
      </input_file>
      <input_file id="fl-106">
         <path>C:\ti\ccstheia151\ccs\tools\compiler\ti-cgt-armllvm_4.0.0.LTS\lib\armv7em-ti-none-eabi\</path>
         <kind>archive</kind>
         <file>libclang_rt.builtins.a</file>
         <name>floatsidf.S.obj</name>
      </input_file>
      <input_file id="fl-107">
         <path>C:\ti\ccstheia151\ccs\tools\compiler\ti-cgt-armllvm_4.0.0.LTS\lib\armv7em-ti-none-eabi\</path>
         <kind>archive</kind>
         <file>libclang_rt.builtins.a</file>
         <name>aeabi_dcmp.S.obj</name>
      </input_file>
      <input_file id="fl-108">
         <path>C:\ti\ccstheia151\ccs\tools\compiler\ti-cgt-armllvm_4.0.0.LTS\lib\armv7em-ti-none-eabi\</path>
         <kind>archive</kind>
         <file>libclang_rt.builtins.a</file>
         <name>aeabi_ldivmod.S.obj</name>
      </input_file>
      <input_file id="fl-109">
         <path>C:\ti\ccstheia151\ccs\tools\compiler\ti-cgt-armllvm_4.0.0.LTS\lib\armv7em-ti-none-eabi\</path>
         <kind>archive</kind>
         <file>libclang_rt.builtins.a</file>
         <name>aeabi_memcpy.S.obj</name>
      </input_file>
      <input_file id="fl-10a">
         <path>C:\ti\ccstheia151\ccs\tools\compiler\ti-cgt-armllvm_4.0.0.LTS\lib\armv7em-ti-none-eabi\</path>
         <kind>archive</kind>
         <file>libclang_rt.builtins.a</file>
         <name>aeabi_memset.S.obj</name>
      </input_file>
      <input_file id="fl-10b">
         <path>C:\ti\ccstheia151\ccs\tools\compiler\ti-cgt-armllvm_4.0.0.LTS\lib\armv7em-ti-none-eabi\</path>
         <kind>archive</kind>
         <file>libclang_rt.builtins.a</file>
         <name>aeabi_uldivmod.S.obj</name>
      </input_file>
      <input_file id="fl-10c">
         <path>C:\ti\ccstheia151\ccs\tools\compiler\ti-cgt-armllvm_4.0.0.LTS\lib\armv7em-ti-none-eabi\</path>
         <kind>archive</kind>
         <file>libclang_rt.builtins.a</file>
         <name>udivmoddi4.S.obj</name>
      </input_file>
      <input_file id="fl-10d">
         <path>C:\ti\ccstheia151\ccs\tools\compiler\ti-cgt-armllvm_4.0.0.LTS\lib\armv7em-ti-none-eabi\</path>
         <kind>archive</kind>
         <file>libclang_rt.builtins.a</file>
         <name>comparedf2.c.obj</name>
      </input_file>
      <input_file id="fl-10e">
         <path>C:\ti\ccstheia151\ccs\tools\compiler\ti-cgt-armllvm_4.0.0.LTS\lib\armv7em-ti-none-eabi\</path>
         <kind>archive</kind>
         <file>libclang_rt.builtins.a</file>
         <name>divmoddi4.c.obj</name>
      </input_file>
      <input_file id="fl-10f">
         <path>C:\ti\ccstheia151\ccs\tools\compiler\ti-cgt-armllvm_4.0.0.LTS\lib\armv7em-ti-none-eabi\</path>
         <kind>archive</kind>
         <file>libclang_rt.builtins.a</file>
         <name>aeabi_div0.c.obj</name>
      </input_file>
      <input_file id="fl-110">
         <path>C:\ti\ccstheia151\ccs\tools\compiler\ti-cgt-armllvm_4.0.0.LTS\lib\armv7em-ti-none-eabi\c\</path>
         <kind>archive</kind>
         <file>libc.a</file>
         <name>getdevice.c.obj</name>
      </input_file>
      <input_file id="fl-111">
         <path>C:\ti\ccstheia151\ccs\tools\compiler\ti-cgt-armllvm_4.0.0.LTS\lib\armv7em-ti-none-eabi\c\</path>
         <kind>archive</kind>
         <file>libc.a</file>
         <name>memcpy_t2.S.obj</name>
      </input_file>
      <input_file id="fl-112">
         <path>C:\ti\ccstheia151\ccs\tools\compiler\ti-cgt-armllvm_4.0.0.LTS\lib\armv7em-ti-none-eabi\c\</path>
         <kind>archive</kind>
         <file>libc.a</file>
         <name>memset_t2.S.obj</name>
      </input_file>
   </input_file_list>
   <object_component_list>
      <object_component id="oc-23">
         <name>.resetVecs</name>
         <load_address>0x0</load_address>
         <readonly>true</readonly>
         <run_address>0x0</run_address>
         <size>0x3c</size>
         <alignment>0x4</alignment>
         <input_file_ref idref="fl-4"/>
      </object_component>
      <object_component id="oc-13c">
         <name>.text.PowerCC26X2_auxISR</name>
         <load_address>0x3c</load_address>
         <readonly>true</readonly>
         <executable>true</executable>
         <run_address>0x3c</run_address>
         <size>0x194</size>
         <alignment>0x4</alignment>
         <input_file_ref idref="fl-19"/>
      </object_component>
      <object_component id="oc-1e9">
         <name>.text.Power_sleep</name>
         <load_address>0x1d0</load_address>
         <readonly>true</readonly>
         <executable>true</executable>
         <run_address>0x1d0</run_address>
         <size>0x158</size>
         <alignment>0x4</alignment>
         <input_file_ref idref="fl-18"/>
      </object_component>
      <object_component id="oc-1d1">
         <name>.text.ti_sysbios_family_arm_cc26xx_Timer_construct</name>
         <load_address>0x328</load_address>
         <readonly>true</readonly>
         <executable>true</executable>
         <run_address>0x328</run_address>
         <size>0x11c</size>
         <alignment>0x4</alignment>
         <input_file_ref idref="fl-4"/>
      </object_component>
      <object_component id="oc-db">
         <name>.text.Power_init</name>
         <load_address>0x444</load_address>
         <readonly>true</readonly>
         <executable>true</executable>
         <run_address>0x444</run_address>
         <size>0x118</size>
         <alignment>0x4</alignment>
         <input_file_ref idref="fl-18"/>
      </object_component>
      <object_component id="oc-1a3">
         <name>.text.PowerCC26X2_calibrate</name>
         <load_address>0x55c</load_address>
         <readonly>true</readonly>
         <executable>true</executable>
         <run_address>0x55c</run_address>
         <size>0x10c</size>
         <alignment>0x4</alignment>
         <input_file_ref idref="fl-19"/>
      </object_component>
      <object_component id="oc-e1">
         <name>.text.GPIO_init</name>
         <load_address>0x668</load_address>
         <readonly>true</readonly>
         <executable>true</executable>
         <run_address>0x668</run_address>
         <size>0x104</size>
         <alignment>0x4</alignment>
         <input_file_ref idref="fl-1b"/>
      </object_component>
      <object_component id="oc-23e">
         <name>.text.NOROM_SysCtrlStandby</name>
         <load_address>0x76c</load_address>
         <readonly>true</readonly>
         <executable>true</executable>
         <run_address>0x76c</run_address>
         <size>0xf0</size>
         <alignment>0x4</alignment>
         <input_file_ref idref="fl-23"/>
      </object_component>
      <object_component id="oc-4d">
         <name>.text.ti_sysbios_family_arm_m3_Hwi_dispatch</name>
         <load_address>0x85c</load_address>
         <readonly>true</readonly>
         <executable>true</executable>
         <run_address>0x85c</run_address>
         <size>0xec</size>
         <alignment>0x4</alignment>
         <input_file_ref idref="fl-27"/>
      </object_component>
      <object_component id="oc-201">
         <name>.text.ti_sysbios_knl_Semaphore_pend</name>
         <load_address>0x948</load_address>
         <readonly>true</readonly>
         <executable>true</executable>
         <run_address>0x948</run_address>
         <size>0xe4</size>
         <alignment>0x4</alignment>
         <input_file_ref idref="fl-4"/>
      </object_component>
      <object_component id="oc-a3">
         <name>.text.TrimAfterColdResetWakeupFromShutDown</name>
         <load_address>0xa2c</load_address>
         <readonly>true</readonly>
         <executable>true</executable>
         <run_address>0xa2c</run_address>
         <size>0xe0</size>
         <alignment>0x4</alignment>
         <input_file_ref idref="fl-22"/>
      </object_component>
      <object_component id="oc-c7">
         <name>.text.ti_sysbios_family_arm_m3_Hwi_excFillContext</name>
         <load_address>0xb0c</load_address>
         <readonly>true</readonly>
         <executable>true</executable>
         <run_address>0xb0c</run_address>
         <size>0xd8</size>
         <alignment>0x4</alignment>
         <input_file_ref idref="fl-4"/>
      </object_component>
      <object_component id="oc-b6">
         <name>.text.pthread_create</name>
         <load_address>0xbe4</load_address>
         <readonly>true</readonly>
         <executable>true</executable>
         <run_address>0xbe4</run_address>
         <size>0xd4</size>
         <alignment>0x4</alignment>
         <input_file_ref idref="fl-4"/>
      </object_component>
      <object_component id="oc-72">
         <name>.text.NOROM_SetupTrimDevice</name>
         <load_address>0xcb8</load_address>
         <readonly>true</readonly>
         <executable>true</executable>
         <run_address>0xcb8</run_address>
         <size>0xd0</size>
         <alignment>0x4</alignment>
         <input_file_ref idref="fl-22"/>
      </object_component>
      <object_component id="oc-189">
         <name>.text.configureXOSCHF</name>
         <load_address>0xd88</load_address>
         <readonly>true</readonly>
         <executable>true</executable>
         <run_address>0xd88</run_address>
         <size>0xd0</size>
         <alignment>0x4</alignment>
         <input_file_ref idref="fl-18"/>
      </object_component>
      <object_component id="oc-17c">
         <name>.text.ti_sysbios_knl_Clock_workFuncDynamic</name>
         <load_address>0xe58</load_address>
         <readonly>true</readonly>
         <executable>true</executable>
         <run_address>0xe58</run_address>
         <size>0xcc</size>
         <alignment>0x4</alignment>
         <input_file_ref idref="fl-4"/>
      </object_component>
      <object_component id="oc-1b7">
         <name>.text.ti_sysbios_knl_Task_Instance_finalize</name>
         <load_address>0xf24</load_address>
         <readonly>true</readonly>
         <executable>true</executable>
         <run_address>0xf24</run_address>
         <size>0xb8</size>
         <alignment>0x4</alignment>
         <input_file_ref idref="fl-4"/>
      </object_component>
      <object_component id="oc-f0">
         <name>.text.ti_sysbios_knl_Task_setPri</name>
         <load_address>0xfdc</load_address>
         <readonly>true</readonly>
         <executable>true</executable>
         <run_address>0xfdc</run_address>
         <size>0xb8</size>
         <alignment>0x4</alignment>
         <input_file_ref idref="fl-4"/>
      </object_component>
      <object_component id="oc-18b">
         <name>.text.PowerCC26XX_standbyPolicy</name>
         <load_address>0x1094</load_address>
         <readonly>true</readonly>
         <executable>true</executable>
         <run_address>0x1094</run_address>
         <size>0xb4</size>
         <alignment>0x4</alignment>
         <input_file_ref idref="fl-4"/>
      </object_component>
      <object_component id="oc-141">
         <name>.text.Power_setDependency</name>
         <load_address>0x1148</load_address>
         <readonly>true</readonly>
         <executable>true</executable>
         <run_address>0x1148</run_address>
         <size>0xb0</size>
         <alignment>0x4</alignment>
         <input_file_ref idref="fl-18"/>
      </object_component>
      <object_component id="oc-1d4">
         <name>.text</name>
         <load_address>0x11f8</load_address>
         <readonly>true</readonly>
         <executable>true</executable>
         <run_address>0x11f8</run_address>
         <size>0xb0</size>
         <alignment>0x4</alignment>
         <input_file_ref idref="fl-10c"/>
      </object_component>
      <object_component id="oc-1f9">
         <name>.text.Power_releaseDependency</name>
         <load_address>0x12a8</load_address>
         <readonly>true</readonly>
         <executable>true</executable>
         <run_address>0x12a8</run_address>
         <size>0xac</size>
         <alignment>0x4</alignment>
         <input_file_ref idref="fl-18"/>
      </object_component>
      <object_component id="oc-1b6">
         <name>.text.ti_sysbios_knl_Task_Instance_init</name>
         <load_address>0x1354</load_address>
         <readonly>true</readonly>
         <executable>true</executable>
         <run_address>0x1354</run_address>
         <size>0xa4</size>
         <alignment>0x4</alignment>
         <input_file_ref idref="fl-4"/>
      </object_component>
      <object_component id="oc-1bc">
         <name>.text.ti_sysbios_knl_Clock_startI</name>
         <load_address>0x13f8</load_address>
         <readonly>true</readonly>
         <executable>true</executable>
         <run_address>0x13f8</run_address>
         <size>0x94</size>
         <alignment>0x4</alignment>
         <input_file_ref idref="fl-4"/>
      </object_component>
      <object_component id="oc-15f">
         <name>.text.ti_sysbios_knl_Task_sleep</name>
         <load_address>0x148c</load_address>
         <readonly>true</readonly>
         <executable>true</executable>
         <run_address>0x148c</run_address>
         <size>0x94</size>
         <alignment>0x4</alignment>
         <input_file_ref idref="fl-4"/>
      </object_component>
      <object_component id="oc-15c">
         <name>.text.GPIO_setConfigAndMux</name>
         <load_address>0x1520</load_address>
         <readonly>true</readonly>
         <executable>true</executable>
         <run_address>0x1520</run_address>
         <size>0x90</size>
         <alignment>0x4</alignment>
         <input_file_ref idref="fl-17"/>
      </object_component>
      <object_component id="oc-11d">
         <name>.text.ti_sysbios_knl_Clock_init</name>
         <load_address>0x15b0</load_address>
         <readonly>true</readonly>
         <executable>true</executable>
         <run_address>0x15b0</run_address>
         <size>0x80</size>
         <alignment>0x4</alignment>
         <input_file_ref idref="fl-4"/>
      </object_component>
      <object_component id="oc-238">
         <name>.text.ti_sysbios_family_arm_m3_Hwi_postInit</name>
         <load_address>0x1630</load_address>
         <readonly>true</readonly>
         <executable>true</executable>
         <run_address>0x1630</run_address>
         <size>0x7c</size>
         <alignment>0x4</alignment>
         <input_file_ref idref="fl-4"/>
      </object_component>
      <object_component id="oc-1b9">
         <name>.text._pthread_removeThreadKeys</name>
         <load_address>0x16ac</load_address>
         <readonly>true</readonly>
         <executable>true</executable>
         <run_address>0x16ac</run_address>
         <size>0x78</size>
         <alignment>0x4</alignment>
         <input_file_ref idref="fl-4"/>
      </object_component>
      <object_component id="oc-1fe">
         <name>.text.ti_sysbios_knl_Task_postInit</name>
         <load_address>0x1724</load_address>
         <readonly>true</readonly>
         <executable>true</executable>
         <run_address>0x1724</run_address>
         <size>0x78</size>
         <alignment>0x4</alignment>
         <input_file_ref idref="fl-4"/>
      </object_component>
      <object_component id="oc-196">
         <name>.text.PowerCC26X2_updateSubSecInc</name>
         <load_address>0x179c</load_address>
         <readonly>true</readonly>
         <executable>true</executable>
         <run_address>0x179c</run_address>
         <size>0x74</size>
         <alignment>0x4</alignment>
         <input_file_ref idref="fl-1c"/>
      </object_component>
      <object_component id="oc-11a">
         <name>.text.ti_sysbios_family_arm_m3_Hwi_initNVIC</name>
         <load_address>0x1810</load_address>
         <readonly>true</readonly>
         <executable>true</executable>
         <run_address>0x1810</run_address>
         <size>0x74</size>
         <alignment>0x4</alignment>
         <input_file_ref idref="fl-4"/>
      </object_component>
      <object_component id="oc-9b">
         <name>.text.ti_sysbios_knl_Swi_restoreHwi</name>
         <load_address>0x1884</load_address>
         <readonly>true</readonly>
         <executable>true</executable>
         <run_address>0x1884</run_address>
         <size>0x74</size>
         <alignment>0x4</alignment>
         <input_file_ref idref="fl-4"/>
      </object_component>
      <object_component id="oc-2f">
         <name>.text:decompress:lzss</name>
         <load_address>0x18f8</load_address>
         <readonly>true</readonly>
         <executable>true</executable>
         <run_address>0x18f8</run_address>
         <size>0x74</size>
         <alignment>0x2</alignment>
         <input_file_ref idref="fl-49"/>
      </object_component>
      <object_component id="oc-219">
         <name>.text.ti_sysbios_family_arm_m3_Hwi_Instance_init</name>
         <load_address>0x196c</load_address>
         <readonly>true</readonly>
         <executable>true</executable>
         <run_address>0x196c</run_address>
         <size>0x70</size>
         <alignment>0x4</alignment>
         <input_file_ref idref="fl-4"/>
      </object_component>
      <object_component id="oc-20a">
         <name>.text.ti_sysbios_heaps_HeapMem_allocUnprotected</name>
         <load_address>0x19dc</load_address>
         <readonly>true</readonly>
         <executable>true</executable>
         <run_address>0x19dc</run_address>
         <size>0x70</size>
         <alignment>0x2</alignment>
         <input_file_ref idref="fl-4"/>
      </object_component>
      <object_component id="oc-10b">
         <name>.text.ti_sysbios_knl_Task_startup</name>
         <load_address>0x1a4c</load_address>
         <readonly>true</readonly>
         <executable>true</executable>
         <run_address>0x1a4c</run_address>
         <size>0x70</size>
         <alignment>0x4</alignment>
         <input_file_ref idref="fl-4"/>
      </object_component>
      <object_component id="oc-13b">
         <name>.text.oscillatorISR</name>
         <load_address>0x1abc</load_address>
         <readonly>true</readonly>
         <executable>true</executable>
         <run_address>0x1abc</run_address>
         <size>0x6c</size>
         <alignment>0x4</alignment>
         <input_file_ref idref="fl-18"/>
      </object_component>
      <object_component id="oc-6e">
         <name>.text.ti_sysbios_family_arm_m3_Hwi_dispatchC</name>
         <load_address>0x1b28</load_address>
         <readonly>true</readonly>
         <executable>true</executable>
         <run_address>0x1b28</run_address>
         <size>0x6c</size>
         <alignment>0x4</alignment>
         <input_file_ref idref="fl-4"/>
      </object_component>
      <object_component id="oc-120">
         <name>.text.ti_sysbios_knl_Idle_init</name>
         <load_address>0x1b94</load_address>
         <readonly>true</readonly>
         <executable>true</executable>
         <run_address>0x1b94</run_address>
         <size>0x68</size>
         <alignment>0x4</alignment>
         <input_file_ref idref="fl-4"/>
      </object_component>
      <object_component id="oc-cf">
         <name>.text.ti_sysbios_knl_Swi_run</name>
         <load_address>0x1bfc</load_address>
         <readonly>true</readonly>
         <executable>true</executable>
         <run_address>0x1bfc</run_address>
         <size>0x68</size>
         <alignment>0x4</alignment>
         <input_file_ref idref="fl-4"/>
      </object_component>
      <object_component id="oc-229">
         <name>.text.NOROM_OSCHF_AttemptToSwitchToXosc</name>
         <load_address>0x1c64</load_address>
         <readonly>true</readonly>
         <executable>true</executable>
         <run_address>0x1c64</run_address>
         <size>0x64</size>
         <alignment>0x4</alignment>
         <input_file_ref idref="fl-20"/>
      </object_component>
      <object_component id="oc-1ec">
         <name>.text.PowerCC26X2_initiateCalibration</name>
         <load_address>0x1cc8</load_address>
         <readonly>true</readonly>
         <executable>true</executable>
         <run_address>0x1cc8</run_address>
         <size>0x64</size>
         <alignment>0x4</alignment>
         <input_file_ref idref="fl-19"/>
      </object_component>
      <object_component id="oc-1d9">
         <name>.text.ti_sysbios_knl_Clock_walkQueueDynamic</name>
         <load_address>0x1d2c</load_address>
         <readonly>true</readonly>
         <executable>true</executable>
         <run_address>0x1d2c</run_address>
         <size>0x60</size>
         <alignment>0x4</alignment>
         <input_file_ref idref="fl-4"/>
      </object_component>
      <object_component id="oc-1ba">
         <name>.text.ti_sysbios_knl_Semaphore_post</name>
         <load_address>0x1d8c</load_address>
         <readonly>true</readonly>
         <executable>true</executable>
         <run_address>0x1d8c</run_address>
         <size>0x60</size>
         <alignment>0x4</alignment>
         <input_file_ref idref="fl-4"/>
      </object_component>
      <object_component id="oc-1c4">
         <name>.text.ti_sysbios_knl_Swi_schedule</name>
         <load_address>0x1dec</load_address>
         <readonly>true</readonly>
         <executable>true</executable>
         <run_address>0x1dec</run_address>
         <size>0x60</size>
         <alignment>0x4</alignment>
         <input_file_ref idref="fl-4"/>
      </object_component>
      <object_component id="oc-15b">
         <name>.text.pthread_exit</name>
         <load_address>0x1e4c</load_address>
         <readonly>true</readonly>
         <executable>true</executable>
         <run_address>0x1e4c</run_address>
         <size>0x5c</size>
         <alignment>0x4</alignment>
         <input_file_ref idref="fl-4"/>
      </object_component>
      <object_component id="oc-85">
         <name>.text.main</name>
         <load_address>0x1ea8</load_address>
         <readonly>true</readonly>
         <executable>true</executable>
         <run_address>0x1ea8</run_address>
         <size>0x58</size>
         <alignment>0x4</alignment>
         <input_file_ref idref="fl-5"/>
      </object_component>
      <object_component id="oc-14c">
         <name>.text.Board_sendExtFlashByte</name>
         <load_address>0x1f00</load_address>
         <readonly>true</readonly>
         <executable>true</executable>
         <run_address>0x1f00</run_address>
         <size>0x52</size>
         <alignment>0x2</alignment>
         <input_file_ref idref="fl-3"/>
      </object_component>
      <object_component id="oc-16e">
         <name>.text.BIOS_nullFunc</name>
         <load_address>0x1f52</load_address>
         <readonly>true</readonly>
         <executable>true</executable>
         <run_address>0x1f52</run_address>
         <size>0x2</size>
         <alignment>0x2</alignment>
         <input_file_ref idref="fl-4"/>
      </object_component>
      <object_component id="oc-e7">
         <name>.text.Board_shutDownExtFlash</name>
         <load_address>0x1f54</load_address>
         <readonly>true</readonly>
         <executable>true</executable>
         <run_address>0x1f54</run_address>
         <size>0x50</size>
         <alignment>0x4</alignment>
         <input_file_ref idref="fl-3"/>
      </object_component>
      <object_component id="oc-20f">
         <name>.text.ti_sysbios_knl_Swi_post</name>
         <load_address>0x1fa4</load_address>
         <readonly>true</readonly>
         <executable>true</executable>
         <run_address>0x1fa4</run_address>
         <size>0x50</size>
         <alignment>0x4</alignment>
         <input_file_ref idref="fl-4"/>
      </object_component>
      <object_component id="oc-206">
         <name>.text.ti_sysbios_knl_Swi_runLoop</name>
         <load_address>0x1ff4</load_address>
         <readonly>true</readonly>
         <executable>true</executable>
         <run_address>0x1ff4</run_address>
         <size>0x50</size>
         <alignment>0x4</alignment>
         <input_file_ref idref="fl-4"/>
      </object_component>
      <object_component id="oc-209">
         <name>.text.ti_sysbios_heaps_HeapMem_freeUnprotected</name>
         <load_address>0x2044</load_address>
         <readonly>true</readonly>
         <executable>true</executable>
         <run_address>0x2044</run_address>
         <size>0x4e</size>
         <alignment>0x2</alignment>
         <input_file_ref idref="fl-4"/>
      </object_component>
      <object_component id="oc-e9">
         <name>.text.Board_initHook</name>
         <load_address>0x2092</load_address>
         <readonly>true</readonly>
         <executable>true</executable>
         <run_address>0x2092</run_address>
         <size>0x2</size>
         <alignment>0x2</alignment>
         <input_file_ref idref="fl-3"/>
      </object_component>
      <object_component id="oc-11c">
         <name>.text.BIOS_init</name>
         <load_address>0x2094</load_address>
         <readonly>true</readonly>
         <executable>true</executable>
         <run_address>0x2094</run_address>
         <size>0x4c</size>
         <alignment>0x4</alignment>
         <input_file_ref idref="fl-4"/>
      </object_component>
      <object_component id="oc-c8">
         <name>.text.BIOS_startFunc</name>
         <load_address>0x20e0</load_address>
         <readonly>true</readonly>
         <executable>true</executable>
         <run_address>0x20e0</run_address>
         <size>0x4c</size>
         <alignment>0x4</alignment>
         <input_file_ref idref="fl-4"/>
      </object_component>
      <object_component id="oc-18e">
         <name>.text.switchXOSCHF</name>
         <load_address>0x212c</load_address>
         <readonly>true</readonly>
         <executable>true</executable>
         <run_address>0x212c</run_address>
         <size>0x4c</size>
         <alignment>0x4</alignment>
         <input_file_ref idref="fl-18"/>
      </object_component>
      <object_component id="oc-174">
         <name>.text.ti_sysbios_knl_Swi_Instance_init</name>
         <load_address>0x2178</load_address>
         <readonly>true</readonly>
         <executable>true</executable>
         <run_address>0x2178</run_address>
         <size>0x4c</size>
         <alignment>0x4</alignment>
         <input_file_ref idref="fl-4"/>
      </object_component>
      <object_component id="oc-20c">
         <name>.text.ti_sysbios_family_arm_cc26xx_Timer_start</name>
         <load_address>0x21c4</load_address>
         <readonly>true</readonly>
         <executable>true</executable>
         <run_address>0x21c4</run_address>
         <size>0x48</size>
         <alignment>0x4</alignment>
         <input_file_ref idref="fl-4"/>
      </object_component>
      <object_component id="oc-1c5">
         <name>.text.ti_sysbios_family_arm_m3_Hwi_initStacks</name>
         <load_address>0x220c</load_address>
         <readonly>true</readonly>
         <executable>true</executable>
         <run_address>0x220c</run_address>
         <size>0x48</size>
         <alignment>0x4</alignment>
         <input_file_ref idref="fl-28"/>
      </object_component>
      <object_component id="oc-1cb">
         <name>.text.ti_sysbios_heaps_HeapMem_Instance_init</name>
         <load_address>0x2254</load_address>
         <readonly>true</readonly>
         <executable>true</executable>
         <run_address>0x2254</run_address>
         <size>0x48</size>
         <alignment>0x4</alignment>
         <input_file_ref idref="fl-4"/>
      </object_component>
      <object_component id="oc-1d0">
         <name>.text.ti_sysbios_heaps_HeapMem_alloc</name>
         <load_address>0x229c</load_address>
         <readonly>true</readonly>
         <executable>true</executable>
         <run_address>0x229c</run_address>
         <size>0x48</size>
         <alignment>0x4</alignment>
         <input_file_ref idref="fl-4"/>
      </object_component>
      <object_component id="oc-22c">
         <name>.text.ti_sysbios_knl_TaskSupport_start</name>
         <load_address>0x22e4</load_address>
         <readonly>true</readonly>
         <executable>true</executable>
         <run_address>0x22e4</run_address>
         <size>0x48</size>
         <alignment>0x4</alignment>
         <input_file_ref idref="fl-4"/>
      </object_component>
      <object_component id="oc-d0">
         <name>.text.ti_sysbios_knl_Task_schedule</name>
         <load_address>0x232c</load_address>
         <readonly>true</readonly>
         <executable>true</executable>
         <run_address>0x232c</run_address>
         <size>0x48</size>
         <alignment>0x4</alignment>
         <input_file_ref idref="fl-4"/>
      </object_component>
      <object_component id="oc-d7">
         <name>.text.ti_sysbios_runtime_Startup_exec</name>
         <load_address>0x2374</load_address>
         <readonly>true</readonly>
         <executable>true</executable>
         <run_address>0x2374</run_address>
         <size>0x48</size>
         <alignment>0x4</alignment>
         <input_file_ref idref="fl-4"/>
      </object_component>
      <object_component id="oc-10d">
         <name>.text.BIOS_atExitFunc</name>
         <load_address>0x23bc</load_address>
         <readonly>true</readonly>
         <executable>true</executable>
         <run_address>0x23bc</run_address>
         <size>0x44</size>
         <alignment>0x4</alignment>
         <input_file_ref idref="fl-4"/>
      </object_component>
      <object_component id="oc-146">
         <name>.text.GPIO_hwiIntFxn</name>
         <load_address>0x2400</load_address>
         <readonly>true</readonly>
         <executable>true</executable>
         <run_address>0x2400</run_address>
         <size>0x44</size>
         <alignment>0x4</alignment>
         <input_file_ref idref="fl-1b"/>
      </object_component>
      <object_component id="oc-22b">
         <name>.text.NOROM_PRCMPowerDomainsAllOff</name>
         <load_address>0x2444</load_address>
         <readonly>true</readonly>
         <executable>true</executable>
         <run_address>0x2444</run_address>
         <size>0x44</size>
         <alignment>0x4</alignment>
         <input_file_ref idref="fl-21"/>
      </object_component>
      <object_component id="oc-1a4">
         <name>.text.NOROM_PRCMPowerDomainsAllOn</name>
         <load_address>0x2488</load_address>
         <readonly>true</readonly>
         <executable>true</executable>
         <run_address>0x2488</run_address>
         <size>0x44</size>
         <alignment>0x4</alignment>
         <input_file_ref idref="fl-21"/>
      </object_component>
      <object_component id="oc-186">
         <name>.text.ti_sysbios_family_arm_m3_Hwi_construct2</name>
         <load_address>0x24cc</load_address>
         <readonly>true</readonly>
         <executable>true</executable>
         <run_address>0x24cc</run_address>
         <size>0x44</size>
         <alignment>0x4</alignment>
         <input_file_ref idref="fl-4"/>
      </object_component>
      <object_component id="oc-237">
         <name>.text.ti_sysbios_family_arm_m3_Hwi_disableInterrupt</name>
         <load_address>0x2510</load_address>
         <readonly>true</readonly>
         <executable>true</executable>
         <run_address>0x2510</run_address>
         <size>0x44</size>
         <alignment>0x4</alignment>
         <input_file_ref idref="fl-4"/>
      </object_component>
      <object_component id="oc-243">
         <name>.text.ti_sysbios_family_arm_m3_Hwi_enableInterrupt</name>
         <load_address>0x2554</load_address>
         <readonly>true</readonly>
         <executable>true</executable>
         <run_address>0x2554</run_address>
         <size>0x44</size>
         <alignment>0x4</alignment>
         <input_file_ref idref="fl-4"/>
      </object_component>
      <object_component id="oc-16b">
         <name>.text.ti_sysbios_knl_Swi_restore</name>
         <load_address>0x2598</load_address>
         <readonly>true</readonly>
         <executable>true</executable>
         <run_address>0x2598</run_address>
         <size>0x44</size>
         <alignment>0x4</alignment>
         <input_file_ref idref="fl-4"/>
      </object_component>
      <object_component id="oc-ef">
         <name>.text.ti_sysbios_knl_Task_create</name>
         <load_address>0x25dc</load_address>
         <readonly>true</readonly>
         <executable>true</executable>
         <run_address>0x25dc</run_address>
         <size>0x44</size>
         <alignment>0x4</alignment>
         <input_file_ref idref="fl-4"/>
      </object_component>
      <object_component id="oc-135">
         <name>.text.PowerCC26X2_RCOSC_clockFunc</name>
         <load_address>0x2620</load_address>
         <readonly>true</readonly>
         <executable>true</executable>
         <run_address>0x2620</run_address>
         <size>0x40</size>
         <alignment>0x4</alignment>
         <input_file_ref idref="fl-19"/>
      </object_component>
      <object_component id="oc-1f8">
         <name>.text.PowerCC26X2_setAclkRefSrc</name>
         <load_address>0x2660</load_address>
         <readonly>true</readonly>
         <executable>true</executable>
         <run_address>0x2660</run_address>
         <size>0x40</size>
         <alignment>0x4</alignment>
         <input_file_ref idref="fl-1c"/>
      </object_component>
      <object_component id="oc-1cd">
         <name>.text.ti_sysbios_heaps_HeapMem_getStats</name>
         <load_address>0x26a0</load_address>
         <readonly>true</readonly>
         <executable>true</executable>
         <run_address>0x26a0</run_address>
         <size>0x40</size>
         <alignment>0x4</alignment>
         <input_file_ref idref="fl-4"/>
      </object_component>
      <object_component id="oc-1e7">
         <name>.text.ti_sysbios_knl_Clock_getTicksUntilInterrupt</name>
         <load_address>0x26e0</load_address>
         <readonly>true</readonly>
         <executable>true</executable>
         <run_address>0x26e0</run_address>
         <size>0x40</size>
         <alignment>0x4</alignment>
         <input_file_ref idref="fl-4"/>
      </object_component>
      <object_component id="oc-22f">
         <name>.text.ti_sysbios_knl_Task_exit</name>
         <load_address>0x2720</load_address>
         <readonly>true</readonly>
         <executable>true</executable>
         <run_address>0x2720</run_address>
         <size>0x40</size>
         <alignment>0x4</alignment>
         <input_file_ref idref="fl-4"/>
      </object_component>
      <object_component id="oc-14d">
         <name>.text.GPIO_resetConfig</name>
         <load_address>0x2760</load_address>
         <readonly>true</readonly>
         <executable>true</executable>
         <run_address>0x2760</run_address>
         <size>0x3c</size>
         <alignment>0x4</alignment>
         <input_file_ref idref="fl-16"/>
      </object_component>
      <object_component id="oc-12e">
         <name>.text.HwiP_construct</name>
         <load_address>0x279c</load_address>
         <readonly>true</readonly>
         <executable>true</executable>
         <run_address>0x279c</run_address>
         <size>0x3c</size>
         <alignment>0x4</alignment>
         <input_file_ref idref="fl-4"/>
      </object_component>
      <object_component id="oc-1f3">
         <name>.text.NOROM_OSC_HPOSCRelativeFrequencyOffsetGet</name>
         <load_address>0x27d8</load_address>
         <readonly>true</readonly>
         <executable>true</executable>
         <run_address>0x27d8</run_address>
         <size>0x3c</size>
         <alignment>0x4</alignment>
         <input_file_ref idref="fl-20"/>
      </object_component>
      <object_component id="oc-1f7">
         <name>.text.PowerCC26X2_setTdcClkSrc24M</name>
         <load_address>0x2814</load_address>
         <readonly>true</readonly>
         <executable>true</executable>
         <run_address>0x2814</run_address>
         <size>0x3c</size>
         <alignment>0x4</alignment>
         <input_file_ref idref="fl-1c"/>
      </object_component>
      <object_component id="oc-20d">
         <name>.text.ti_sysbios_family_arm_cc26xx_Timer_periodicStub</name>
         <load_address>0x2850</load_address>
         <readonly>true</readonly>
         <executable>true</executable>
         <run_address>0x2850</run_address>
         <size>0x3c</size>
         <alignment>0x4</alignment>
         <input_file_ref idref="fl-4"/>
      </object_component>
      <object_component id="oc-172">
         <name>.text.ti_sysbios_heaps_HeapMem_construct</name>
         <load_address>0x288c</load_address>
         <readonly>true</readonly>
         <executable>true</executable>
         <run_address>0x288c</run_address>
         <size>0x3c</size>
         <alignment>0x4</alignment>
         <input_file_ref idref="fl-4"/>
      </object_component>
      <object_component id="oc-175">
         <name>.text.ti_sysbios_knl_ClockSupport_init</name>
         <load_address>0x28c8</load_address>
         <readonly>true</readonly>
         <executable>true</executable>
         <run_address>0x28c8</run_address>
         <size>0x3c</size>
         <alignment>0x4</alignment>
         <input_file_ref idref="fl-4"/>
      </object_component>
      <object_component id="oc-1bb">
         <name>.text.ti_sysbios_knl_Task_blockI</name>
         <load_address>0x2904</load_address>
         <readonly>true</readonly>
         <executable>true</executable>
         <run_address>0x2904</run_address>
         <size>0x3c</size>
         <alignment>0x4</alignment>
         <input_file_ref idref="fl-4"/>
      </object_component>
      <object_component id="oc-158">
         <name>.text.ti_sysbios_knl_Task_restore</name>
         <load_address>0x2940</load_address>
         <readonly>true</readonly>
         <executable>true</executable>
         <run_address>0x2940</run_address>
         <size>0x3c</size>
         <alignment>0x4</alignment>
         <input_file_ref idref="fl-4"/>
      </object_component>
      <object_component id="oc-ed">
         <name>.text.ti_sysbios_runtime_Memory_alloc</name>
         <load_address>0x297c</load_address>
         <readonly>true</readonly>
         <executable>true</executable>
         <run_address>0x297c</run_address>
         <size>0x3c</size>
         <alignment>0x4</alignment>
         <input_file_ref idref="fl-4"/>
      </object_component>
      <object_component id="oc-d3">
         <name>.text.NOROM_AUXSYSIFOpModeChange</name>
         <load_address>0x29b8</load_address>
         <readonly>true</readonly>
         <executable>true</executable>
         <run_address>0x29b8</run_address>
         <size>0x38</size>
         <alignment>0x4</alignment>
         <input_file_ref idref="fl-24"/>
      </object_component>
      <object_component id="oc-21a">
         <name>.text.NOROM_OSCHF_SwitchToRcOscTurnOffXosc</name>
         <load_address>0x29f0</load_address>
         <readonly>true</readonly>
         <executable>true</executable>
         <run_address>0x29f0</run_address>
         <size>0x38</size>
         <alignment>0x4</alignment>
         <input_file_ref idref="fl-20"/>
      </object_component>
      <object_component id="oc-220">
         <name>.text.NOROM_SysCtrlIdle</name>
         <load_address>0x2a28</load_address>
         <readonly>true</readonly>
         <executable>true</executable>
         <run_address>0x2a28</run_address>
         <size>0x38</size>
         <alignment>0x4</alignment>
         <input_file_ref idref="fl-23"/>
      </object_component>
      <object_component id="oc-23b">
         <name>.text.OSCHfSourceSwitch</name>
         <load_address>0x2a60</load_address>
         <readonly>true</readonly>
         <executable>true</executable>
         <run_address>0x2a60</run_address>
         <size>0x38</size>
         <alignment>0x4</alignment>
         <input_file_ref idref="fl-20"/>
      </object_component>
      <object_component id="oc-130">
         <name>.text.PowerCC26X2_oscDisableQualifiers</name>
         <load_address>0x2a98</load_address>
         <readonly>true</readonly>
         <executable>true</executable>
         <run_address>0x2a98</run_address>
         <size>0x38</size>
         <alignment>0x4</alignment>
         <input_file_ref idref="fl-1d"/>
      </object_component>
      <object_component id="oc-200">
         <name>.text.ti_sysbios_knl_Task_processVitalTaskFlag</name>
         <load_address>0x2ad0</load_address>
         <readonly>true</readonly>
         <executable>true</executable>
         <run_address>0x2ad0</run_address>
         <size>0x38</size>
         <alignment>0x4</alignment>
         <input_file_ref idref="fl-4"/>
      </object_component>
      <object_component id="oc-78">
         <name>.text:__TI_auto_init_nobinit_nopinit</name>
         <load_address>0x2b08</load_address>
         <readonly>true</readonly>
         <executable>true</executable>
         <run_address>0x2b08</run_address>
         <size>0x38</size>
         <alignment>0x4</alignment>
         <input_file_ref idref="fl-45"/>
      </object_component>
      <object_component id="oc-191">
         <name>.text.PowerCC26X2_setSubSecIncToXoscLf</name>
         <load_address>0x2b40</load_address>
         <readonly>true</readonly>
         <executable>true</executable>
         <run_address>0x2b40</run_address>
         <size>0x34</size>
         <alignment>0x4</alignment>
         <input_file_ref idref="fl-1d"/>
      </object_component>
      <object_component id="oc-193">
         <name>.text.Power_releaseConstraint</name>
         <load_address>0x2b74</load_address>
         <readonly>true</readonly>
         <executable>true</executable>
         <run_address>0x2b74</run_address>
         <size>0x34</size>
         <alignment>0x4</alignment>
         <input_file_ref idref="fl-18"/>
      </object_component>
      <object_component id="oc-235">
         <name>.text._pthread_cleanupFxn</name>
         <load_address>0x2ba8</load_address>
         <readonly>true</readonly>
         <executable>true</executable>
         <run_address>0x2ba8</run_address>
         <size>0x34</size>
         <alignment>0x4</alignment>
         <input_file_ref idref="fl-4"/>
      </object_component>
      <object_component id="oc-231">
         <name>.text.ti_sysbios_family_arm_cc26xx_Timer_setThreshold</name>
         <load_address>0x2bdc</load_address>
         <readonly>true</readonly>
         <executable>true</executable>
         <run_address>0x2bdc</run_address>
         <size>0x34</size>
         <alignment>0x4</alignment>
         <input_file_ref idref="fl-4"/>
      </object_component>
      <object_component id="oc-170">
         <name>.text.ti_sysbios_family_arm_m3_Hwi_getStackInfo</name>
         <load_address>0x2c10</load_address>
         <readonly>true</readonly>
         <executable>true</executable>
         <run_address>0x2c10</run_address>
         <size>0x34</size>
         <alignment>0x4</alignment>
         <input_file_ref idref="fl-4"/>
      </object_component>
      <object_component id="oc-121">
         <name>.text.ti_sysbios_family_arm_m3_Hwi_init</name>
         <load_address>0x2c44</load_address>
         <readonly>true</readonly>
         <executable>true</executable>
         <run_address>0x2c44</run_address>
         <size>0x34</size>
         <alignment>0x4</alignment>
         <input_file_ref idref="fl-4"/>
      </object_component>
      <object_component id="oc-184">
         <name>.text.ti_sysbios_knl_Clock_Instance_init</name>
         <load_address>0x2c78</load_address>
         <readonly>true</readonly>
         <executable>true</executable>
         <run_address>0x2c78</run_address>
         <size>0x34</size>
         <alignment>0x4</alignment>
         <input_file_ref idref="fl-4"/>
      </object_component>
      <object_component id="oc-203">
         <name>.text.ti_sysbios_knl_Task_unblockI</name>
         <load_address>0x2cac</load_address>
         <readonly>true</readonly>
         <executable>true</executable>
         <run_address>0x2cac</run_address>
         <size>0x34</size>
         <alignment>0x4</alignment>
         <input_file_ref idref="fl-4"/>
      </object_component>
      <object_component id="oc-230">
         <name>.text.ti_sysbios_knl_Semaphore_pendTimeout</name>
         <load_address>0x2ce0</load_address>
         <readonly>true</readonly>
         <executable>true</executable>
         <run_address>0x2ce0</run_address>
         <size>0x32</size>
         <alignment>0x2</alignment>
         <input_file_ref idref="fl-4"/>
      </object_component>
      <object_component id="oc-210">
         <name>.text.__aeabi_ldiv0</name>
         <load_address>0x2d12</load_address>
         <readonly>true</readonly>
         <executable>true</executable>
         <run_address>0x2d12</run_address>
         <size>0x2</size>
         <alignment>0x2</alignment>
         <input_file_ref idref="fl-10f"/>
      </object_component>
      <object_component id="oc-14b">
         <name>.text.Board_wakeUpExtFlash</name>
         <load_address>0x2d14</load_address>
         <readonly>true</readonly>
         <executable>true</executable>
         <run_address>0x2d14</run_address>
         <size>0x30</size>
         <alignment>0x4</alignment>
         <input_file_ref idref="fl-3"/>
      </object_component>
      <object_component id="oc-12a">
         <name>.text.ClockP_construct</name>
         <load_address>0x2d44</load_address>
         <readonly>true</readonly>
         <executable>true</executable>
         <run_address>0x2d44</run_address>
         <size>0x30</size>
         <alignment>0x4</alignment>
         <input_file_ref idref="fl-4"/>
      </object_component>
      <object_component id="oc-12f">
         <name>.text.Power_setConstraint</name>
         <load_address>0x2d74</load_address>
         <readonly>true</readonly>
         <executable>true</executable>
         <run_address>0x2d74</run_address>
         <size>0x30</size>
         <alignment>0x4</alignment>
         <input_file_ref idref="fl-18"/>
      </object_component>
      <object_component id="oc-194">
         <name>.text.notify</name>
         <load_address>0x2da4</load_address>
         <readonly>true</readonly>
         <executable>true</executable>
         <run_address>0x2da4</run_address>
         <size>0x30</size>
         <alignment>0x4</alignment>
         <input_file_ref idref="fl-18"/>
      </object_component>
      <object_component id="oc-97">
         <name>.text.ti_sysbios_family_arm_m3_Hwi_excHandlerMin</name>
         <load_address>0x2dd4</load_address>
         <readonly>true</readonly>
         <executable>true</executable>
         <run_address>0x2dd4</run_address>
         <size>0x30</size>
         <alignment>0x4</alignment>
         <input_file_ref idref="fl-4"/>
      </object_component>
      <object_component id="oc-1cf">
         <name>.text.ti_sysbios_heaps_HeapMem_free</name>
         <load_address>0x2e04</load_address>
         <readonly>true</readonly>
         <executable>true</executable>
         <run_address>0x2e04</run_address>
         <size>0x30</size>
         <alignment>0x4</alignment>
         <input_file_ref idref="fl-4"/>
      </object_component>
      <object_component id="oc-107">
         <name>.text.ti_sysbios_runtime_System_atexit</name>
         <load_address>0x2e34</load_address>
         <readonly>true</readonly>
         <executable>true</executable>
         <run_address>0x2e34</run_address>
         <size>0x30</size>
         <alignment>0x4</alignment>
         <input_file_ref idref="fl-4"/>
      </object_component>
      <object_component id="oc-8c">
         <name>.text.ti_sysbios_runtime_System_processAtExit</name>
         <load_address>0x2e64</load_address>
         <readonly>true</readonly>
         <executable>true</executable>
         <run_address>0x2e64</run_address>
         <size>0x30</size>
         <alignment>0x4</alignment>
         <input_file_ref idref="fl-4"/>
      </object_component>
      <object_component id="oc-21b">
         <name>.text.PowerCC26XX_schedulerDisable</name>
         <load_address>0x2e94</load_address>
         <readonly>true</readonly>
         <executable>true</executable>
         <run_address>0x2e94</run_address>
         <size>0x2c</size>
         <alignment>0x4</alignment>
         <input_file_ref idref="fl-4"/>
      </object_component>
      <object_component id="oc-f1">
         <name>.text._pthread_delete</name>
         <load_address>0x2ec0</load_address>
         <readonly>true</readonly>
         <executable>true</executable>
         <run_address>0x2ec0</run_address>
         <size>0x2c</size>
         <alignment>0x4</alignment>
         <input_file_ref idref="fl-4"/>
      </object_component>
      <object_component id="oc-fa">
         <name>.text.sleep</name>
         <load_address>0x2eec</load_address>
         <readonly>true</readonly>
         <executable>true</executable>
         <run_address>0x2eec</run_address>
         <size>0x2c</size>
         <alignment>0x4</alignment>
         <input_file_ref idref="fl-4"/>
      </object_component>
      <object_component id="oc-1c2">
         <name>.text.ti_sysbios_gates_GateMutex_enter</name>
         <load_address>0x2f18</load_address>
         <readonly>true</readonly>
         <executable>true</executable>
         <run_address>0x2f18</run_address>
         <size>0x2c</size>
         <alignment>0x4</alignment>
         <input_file_ref idref="fl-4"/>
      </object_component>
      <object_component id="oc-204">
         <name>.text.ti_sysbios_knl_Clock_getTicks</name>
         <load_address>0x2f44</load_address>
         <readonly>true</readonly>
         <executable>true</executable>
         <run_address>0x2f44</run_address>
         <size>0x2c</size>
         <alignment>0x4</alignment>
         <input_file_ref idref="fl-4"/>
      </object_component>
      <object_component id="oc-9c">
         <name>.text.ti_sysbios_knl_Task_restoreHwi</name>
         <load_address>0x2f70</load_address>
         <readonly>true</readonly>
         <executable>true</executable>
         <run_address>0x2f70</run_address>
         <size>0x2c</size>
         <alignment>0x4</alignment>
         <input_file_ref idref="fl-4"/>
      </object_component>
      <object_component id="oc-234">
         <name>.text.ti_sysbios_family_arm_cc26xx_Timer_setNextTick</name>
         <load_address>0x2f9c</load_address>
         <readonly>true</readonly>
         <executable>true</executable>
         <run_address>0x2f9c</run_address>
         <size>0x2a</size>
         <alignment>0x2</alignment>
         <input_file_ref idref="fl-4"/>
      </object_component>
      <object_component id="oc-110">
         <name>.text.ti_sysbios_knl_Task_allBlockedFunction</name>
         <load_address>0x2fc6</load_address>
         <readonly>true</readonly>
         <executable>true</executable>
         <run_address>0x2fc6</run_address>
         <size>0x2a</size>
         <alignment>0x2</alignment>
         <input_file_ref idref="fl-4"/>
      </object_component>
      <object_component id="oc-109">
         <name>.text.BIOS_registerRTSLock</name>
         <load_address>0x2ff0</load_address>
         <readonly>true</readonly>
         <executable>true</executable>
         <run_address>0x2ff0</run_address>
         <size>0x28</size>
         <alignment>0x4</alignment>
         <input_file_ref idref="fl-4"/>
      </object_component>
      <object_component id="oc-b8">
         <name>.text.mainThread</name>
         <load_address>0x3018</load_address>
         <readonly>true</readonly>
         <executable>true</executable>
         <run_address>0x3018</run_address>
         <size>0x28</size>
         <alignment>0x4</alignment>
         <input_file_ref idref="fl-1"/>
      </object_component>
      <object_component id="oc-48">
         <name>.text.ti_sysbios_family_arm_m3_Hwi_excHandlerAsm</name>
         <load_address>0x3040</load_address>
         <readonly>true</readonly>
         <executable>true</executable>
         <run_address>0x3040</run_address>
         <size>0x28</size>
         <alignment>0x4</alignment>
         <input_file_ref idref="fl-27"/>
      </object_component>
      <object_component id="oc-108">
         <name>.text.ti_sysbios_gates_GateMutex_Instance_init</name>
         <load_address>0x3068</load_address>
         <readonly>true</readonly>
         <executable>true</executable>
         <run_address>0x3068</run_address>
         <size>0x28</size>
         <alignment>0x4</alignment>
         <input_file_ref idref="fl-4"/>
      </object_component>
      <object_component id="oc-ee">
         <name>.text.ti_sysbios_knl_Semaphore_Instance_init</name>
         <load_address>0x3090</load_address>
         <readonly>true</readonly>
         <executable>true</executable>
         <run_address>0x3090</run_address>
         <size>0x28</size>
         <alignment>0x4</alignment>
         <input_file_ref idref="fl-4"/>
      </object_component>
      <object_component id="oc-11e">
         <name>.text.ti_sysbios_knl_Swi_init</name>
         <load_address>0x30b8</load_address>
         <readonly>true</readonly>
         <executable>true</executable>
         <run_address>0x30b8</run_address>
         <size>0x28</size>
         <alignment>0x4</alignment>
         <input_file_ref idref="fl-4"/>
      </object_component>
      <object_component id="oc-157">
         <name>.text.ti_sysbios_knl_Task_construct</name>
         <load_address>0x30e0</load_address>
         <readonly>true</readonly>
         <executable>true</executable>
         <run_address>0x30e0</run_address>
         <size>0x28</size>
         <alignment>0x4</alignment>
         <input_file_ref idref="fl-4"/>
      </object_component>
      <object_component id="oc-11f">
         <name>.text.ti_sysbios_knl_Task_init</name>
         <load_address>0x3108</load_address>
         <readonly>true</readonly>
         <executable>true</executable>
         <run_address>0x3108</run_address>
         <size>0x28</size>
         <alignment>0x4</alignment>
         <input_file_ref idref="fl-4"/>
      </object_component>
      <object_component id="oc-10f">
         <name>.text.BIOS_removeRTSLock</name>
         <load_address>0x3130</load_address>
         <readonly>true</readonly>
         <executable>true</executable>
         <run_address>0x3130</run_address>
         <size>0x24</size>
         <alignment>0x4</alignment>
         <input_file_ref idref="fl-4"/>
      </object_component>
      <object_component id="oc-1ed">
         <name>.text.NOROM_OSCHF_TurnOnXosc</name>
         <load_address>0x3154</load_address>
         <readonly>true</readonly>
         <executable>true</executable>
         <run_address>0x3154</run_address>
         <size>0x24</size>
         <alignment>0x4</alignment>
         <input_file_ref idref="fl-20"/>
      </object_component>
      <object_component id="oc-19c">
         <name>.text.PowerCC26X2_writeCtrim</name>
         <load_address>0x3178</load_address>
         <readonly>true</readonly>
         <executable>true</executable>
         <run_address>0x3178</run_address>
         <size>0x24</size>
         <alignment>0x4</alignment>
         <input_file_ref idref="fl-1c"/>
      </object_component>
      <object_component id="oc-19d">
         <name>.text.PowerCC26X2_writeCtrimFract</name>
         <load_address>0x319c</load_address>
         <readonly>true</readonly>
         <executable>true</executable>
         <run_address>0x319c</run_address>
         <size>0x24</size>
         <alignment>0x4</alignment>
         <input_file_ref idref="fl-1c"/>
      </object_component>
      <object_component id="oc-1a2">
         <name>.text.PowerCC26X2_writeCtrimFractEn</name>
         <load_address>0x31c0</load_address>
         <readonly>true</readonly>
         <executable>true</executable>
         <run_address>0x31c0</run_address>
         <size>0x24</size>
         <alignment>0x4</alignment>
         <input_file_ref idref="fl-1c"/>
      </object_component>
      <object_component id="oc-19e">
         <name>.text.PowerCC26X2_writeRtrim</name>
         <load_address>0x31e4</load_address>
         <readonly>true</readonly>
         <executable>true</executable>
         <run_address>0x31e4</run_address>
         <size>0x24</size>
         <alignment>0x4</alignment>
         <input_file_ref idref="fl-1c"/>
      </object_component>
      <object_component id="oc-1dd">
         <name>.text.ti_sysbios_family_arm_m3_Hwi_construct</name>
         <load_address>0x3208</load_address>
         <readonly>true</readonly>
         <executable>true</executable>
         <run_address>0x3208</run_address>
         <size>0x24</size>
         <alignment>0x4</alignment>
         <input_file_ref idref="fl-4"/>
      </object_component>
      <object_component id="oc-159">
         <name>.text.ti_sysbios_knl_Semaphore_destruct</name>
         <load_address>0x322c</load_address>
         <readonly>true</readonly>
         <executable>true</executable>
         <run_address>0x322c</run_address>
         <size>0x24</size>
         <alignment>0x2</alignment>
         <input_file_ref idref="fl-4"/>
      </object_component>
      <object_component id="oc-22e">
         <name>.text.ti_sysbios_knl_Task_enter</name>
         <load_address>0x3250</load_address>
         <readonly>true</readonly>
         <executable>true</executable>
         <run_address>0x3250</run_address>
         <size>0x24</size>
         <alignment>0x4</alignment>
         <input_file_ref idref="fl-4"/>
      </object_component>
      <object_component id="oc-27">
         <name>.text:_c_int00</name>
         <load_address>0x3274</load_address>
         <readonly>true</readonly>
         <executable>true</executable>
         <run_address>0x3274</run_address>
         <size>0x24</size>
         <alignment>0x4</alignment>
         <input_file_ref idref="fl-29"/>
      </object_component>
      <object_component id="oc-9d">
         <name>.text.NOROM_ThisLibraryIsFor_CC13x1_CC26x1_HaltIfViolated</name>
         <load_address>0x3298</load_address>
         <readonly>true</readonly>
         <executable>true</executable>
         <run_address>0x3298</run_address>
         <size>0x20</size>
         <alignment>0x4</alignment>
         <input_file_ref idref="fl-25"/>
      </object_component>
      <object_component id="oc-1e2">
         <name>.text.PowerCC26X2_disableTCXOQual</name>
         <load_address>0x32b8</load_address>
         <readonly>true</readonly>
         <executable>true</executable>
         <run_address>0x32b8</run_address>
[...]
         <value>0x2000282b</value>
         <object_component_ref idref="oc-9a"/>
      </symbol>
      <symbol id="sm-29f">
         <name>ti_sysbios_runtime_Memory_defaultHeapInstance</name>
         <value>0x2000282c</value>
         <object_component_ref idref="oc-9a"/>
      </symbol>
      <symbol id="sm-2a0">
         <name>ti_sysbios_runtime_Error_ignore</name>
         <value>0x20002844</value>
         <object_component_ref idref="oc-9a"/>
      </symbol>
      <symbol id="sm-2a1">
         <name>ti_sysbios_family_arm_cc26xx_Timer_Module_state</name>
         <value>0x20002850</value>
         <object_component_ref idref="oc-9a"/>
      </symbol>
      <symbol id="sm-2a2">
         <name>ti_sysbios_runtime_System_Module_state</name>
         <value>0x2000285c</value>
         <object_component_ref idref="oc-9a"/>
      </symbol>
      <symbol id="sm-2a3">
         <name>ti_sysbios_knl_Swi_Module_state</name>
         <value>0x20002868</value>
         <object_component_ref idref="oc-9a"/>
      </symbol>
      <symbol id="sm-2a4">
         <name>BIOS_Module_state</name>
         <value>0x200027c0</value>
         <object_component_ref idref="oc-98"/>
      </symbol>
      <symbol id="sm-2a5">
         <name>ti_sysbios_family_arm_m3_Hwi_Module_state</name>
         <value>0x200027ec</value>
         <object_component_ref idref="oc-98"/>
      </symbol>
      <symbol id="sm-2af">
         <name>main</name>
         <value>0x1ea9</value>
         <object_component_ref idref="oc-85"/>
      </symbol>
      <symbol id="sm-2b0">
         <name>__TI_ATRegion0_src_addr</name>
         <value>0x0</value>
      </symbol>
      <symbol id="sm-2b1">
         <name>__TI_ATRegion0_trg_addr</name>
         <value>0x0</value>
      </symbol>
      <symbol id="sm-2b2">
         <name>__TI_ATRegion0_region_sz</name>
         <value>0x0</value>
      </symbol>
      <symbol id="sm-2b3">
         <name>__TI_ATRegion1_src_addr</name>
         <value>0x0</value>
      </symbol>
      <symbol id="sm-2b4">
         <name>__TI_ATRegion1_trg_addr</name>
         <value>0x0</value>
      </symbol>
      <symbol id="sm-2b5">
         <name>__TI_ATRegion1_region_sz</name>
         <value>0x0</value>
      </symbol>
      <symbol id="sm-2b6">
         <name>__TI_ATRegion2_src_addr</name>
         <value>0x0</value>
      </symbol>
      <symbol id="sm-2b7">
         <name>__TI_ATRegion2_trg_addr</name>
         <value>0x0</value>
      </symbol>
      <symbol id="sm-2b8">
         <name>__TI_ATRegion2_region_sz</name>
         <value>0x0</value>
      </symbol>
      <symbol id="sm-2c3">
         <name>GPIO_resetConfig</name>
         <value>0x2761</value>
         <object_component_ref idref="oc-14d"/>
      </symbol>
      <symbol id="sm-2d9">
         <name>GPIO_disableInt</name>
         <value>0x3491</value>
         <object_component_ref idref="oc-1b3"/>
      </symbol>
      <symbol id="sm-2da">
         <name>GPIO_setConfig</name>
         <value>0x37db</value>
         <object_component_ref idref="oc-f4"/>
      </symbol>
      <symbol id="sm-2db">
         <name>GPIO_setConfigAndMux</name>
         <value>0x1521</value>
         <object_component_ref idref="oc-15c"/>
      </symbol>
      <symbol id="sm-2dc">
         <name>GPIO_write</name>
         <value>0x35ed</value>
         <object_component_ref idref="oc-f9"/>
      </symbol>
      <symbol id="sm-2dd">
         <name>GPIO_toggle</name>
         <value>0x3565</value>
         <object_component_ref idref="oc-fb"/>
      </symbol>
      <symbol id="sm-322">
         <name>Power_releaseConstraint</name>
         <value>0x2b75</value>
         <object_component_ref idref="oc-193"/>
      </symbol>
      <symbol id="sm-323">
         <name>Power_setConstraint</name>
         <value>0x2d75</value>
         <object_component_ref idref="oc-12f"/>
      </symbol>
      <symbol id="sm-324">
         <name>PowerCC26X2_module</name>
         <value>0x200025d0</value>
         <object_component_ref idref="oc-131"/>
      </symbol>
      <symbol id="sm-325">
         <name>Power_getConstraintMask</name>
         <value>0x3739</value>
         <object_component_ref idref="oc-1e6"/>
      </symbol>
      <symbol id="sm-326">
         <name>Power_getTransitionLatency</name>
         <value>0x33d5</value>
         <object_component_ref idref="oc-1e8"/>
      </symbol>
      <symbol id="sm-327">
         <name>Power_idleFunc</name>
         <value>0x34c1</value>
         <object_component_ref idref="oc-236"/>
      </symbol>
      <symbol id="sm-328">
         <name>Power_init</name>
         <value>0x445</value>
         <object_component_ref idref="oc-db"/>
      </symbol>
      <symbol id="sm-329">
         <name>Power_releaseDependency</name>
         <value>0x12a9</value>
         <object_component_ref idref="oc-1f9"/>
      </symbol>
      <symbol id="sm-32a">
         <name>resourceDB</name>
         <value>0x3a62</value>
         <object_component_ref idref="oc-1aa"/>
      </symbol>
      <symbol id="sm-32b">
         <name>Power_setDependency</name>
         <value>0x1149</value>
         <object_component_ref idref="oc-141"/>
      </symbol>
      <symbol id="sm-32c">
         <name>Power_sleep</name>
         <value>0x1d1</value>
         <object_component_ref idref="oc-1e9"/>
      </symbol>
      <symbol id="sm-32d">
         <name>PowerCC26XX_calibrate</name>
         <value>0x34a9</value>
         <object_component_ref idref="oc-18c"/>
      </symbol>
      <symbol id="sm-343">
         <name>PowerCC26X2_initiateCalibration</name>
         <value>0x1cc9</value>
         <object_component_ref idref="oc-1ec"/>
      </symbol>
      <symbol id="sm-344">
         <name>PowerCC26X2_auxISR</name>
         <value>0x3d</value>
         <object_component_ref idref="oc-13c"/>
      </symbol>
      <symbol id="sm-345">
         <name>PowerCC26X2_calibrate</name>
         <value>0x55d</value>
         <object_component_ref idref="oc-1a3"/>
      </symbol>
      <symbol id="sm-346">
         <name>PowerCC26X2_RCOSC_clockFunc</name>
         <value>0x2621</value>
         <object_component_ref idref="oc-135"/>
      </symbol>
      <symbol id="sm-359">
         <name>GPIO_hwiIntFxn</name>
         <value>0x2401</value>
         <object_component_ref idref="oc-146"/>
      </symbol>
      <symbol id="sm-35a">
         <name>GPIO_init</name>
         <value>0x669</value>
         <object_component_ref idref="oc-e1"/>
      </symbol>
      <symbol id="sm-380">
         <name>PowerCC26X2_updateSubSecInc</name>
         <value>0x179d</value>
         <object_component_ref idref="oc-196"/>
      </symbol>
      <symbol id="sm-381">
         <name>PowerCC26X2_readCtrim</name>
         <value>0x362d</value>
         <object_component_ref idref="oc-19f"/>
      </symbol>
      <symbol id="sm-382">
         <name>PowerCC26X2_readCtrimFract</name>
         <value>0x363d</value>
         <object_component_ref idref="oc-1a0"/>
      </symbol>
      <symbol id="sm-383">
         <name>PowerCC26X2_readRtrim</name>
         <value>0x364d</value>
         <object_component_ref idref="oc-1a1"/>
      </symbol>
      <symbol id="sm-384">
         <name>PowerCC26X2_writeCtrim</name>
         <value>0x3179</value>
         <object_component_ref idref="oc-19c"/>
      </symbol>
      <symbol id="sm-385">
         <name>PowerCC26X2_writeCtrimFract</name>
         <value>0x319d</value>
         <object_component_ref idref="oc-19d"/>
      </symbol>
      <symbol id="sm-386">
         <name>PowerCC26X2_writeCtrimFractEn</name>
         <value>0x31c1</value>
         <object_component_ref idref="oc-1a2"/>
      </symbol>
      <symbol id="sm-387">
         <name>PowerCC26X2_writeRtrim</name>
         <value>0x31e5</value>
         <object_component_ref idref="oc-19e"/>
      </symbol>
      <symbol id="sm-388">
         <name>PowerCC26X2_setTdcClkSrc24M</name>
         <value>0x2815</value>
         <object_component_ref idref="oc-1f7"/>
      </symbol>
      <symbol id="sm-389">
         <name>PowerCC26X2_setAclkRefSrc</name>
         <value>0x2661</value>
         <object_component_ref idref="oc-1f8"/>
      </symbol>
      <symbol id="sm-3bc">
         <name>PowerCC26X2_oscCtlClearXtal</name>
         <value>0x360d</value>
         <object_component_ref idref="oc-12b"/>
      </symbol>
      <symbol id="sm-3bd">
         <name>PowerCC26X2_prcmEnableCacheRetention</name>
         <value>0x361d</value>
         <object_component_ref idref="oc-21e"/>
      </symbol>
      <symbol id="sm-3be">
         <name>PowerCC26X2_oschfSwitchToRcosc</name>
         <value>0x3813</value>
         <object_component_ref idref="oc-1e0"/>
      </symbol>
      <symbol id="sm-3bf">
         <name>PowerCC26X2_oscClockSourceGet</name>
         <value>0x3709</value>
         <object_component_ref idref="oc-192"/>
      </symbol>
      <symbol id="sm-3c0">
         <name>PowerCC26X2_oscDisableQualifiers</name>
         <value>0x2a99</value>
         <object_component_ref idref="oc-130"/>
      </symbol>
      <symbol id="sm-3c1">
         <name>PowerCC26X2_oschfTrySwitchToXosc</name>
         <value>0x37bb</value>
         <object_component_ref idref="oc-1f2"/>
      </symbol>
      <symbol id="sm-3c2">
         <name>PowerCC26X2_enableTCXOQual</name>
         <value>0x32d9</value>
         <object_component_ref idref="oc-1de"/>
      </symbol>
      <symbol id="sm-3c3">
         <name>PowerCC26X2_disableTCXOQual</name>
         <value>0x32b9</value>
         <object_component_ref idref="oc-1e2"/>
      </symbol>
      <symbol id="sm-3c4">
         <name>PowerCC26X2_turnOnXosc</name>
         <value>0x381b</value>
         <object_component_ref idref="oc-1e3"/>
      </symbol>
      <symbol id="sm-3c5">
         <name>PowerCC26X2_switchToTCXO</name>
         <value>0x365d</value>
         <object_component_ref idref="oc-18d"/>
      </symbol>
      <symbol id="sm-3c6">
         <name>PowerCC26X2_sysCtrlStandby</name>
         <value>0x3797</value>
         <object_component_ref idref="oc-21d"/>
      </symbol>
      <symbol id="sm-3c7">
         <name>PowerCC26X2_sysCtrlIdle</name>
         <value>0x3817</value>
         <object_component_ref idref="oc-1ea"/>
      </symbol>
      <symbol id="sm-3c8">
         <name>PowerCC26X2_setPeriphDeepSleepEnable</name>
         <value>0x3715</value>
         <object_component_ref idref="oc-21f"/>
      </symbol>
      <symbol id="sm-3c9">
         <name>PowerCC26X2_sysCtrlGetResetSource</name>
         <value>0x3721</value>
         <object_component_ref idref="oc-124"/>
      </symbol>
      <symbol id="sm-3ca">
         <name>PowerCC26X2_setSubSecIncToXoscLf</name>
         <value>0x2b41</value>
         <object_component_ref idref="oc-191"/>
      </symbol>
      <symbol id="sm-3cb">
         <name>PowerCC26X2_sysCtrlUpdateVoltageRegulator</name>
         <value>0x372d</value>
         <object_component_ref idref="oc-1e5"/>
      </symbol>
      <symbol id="sm-3da">
         <name>NOROM_CPUcpsid</name>
         <value>0x37ab</value>
         <object_component_ref idref="oc-1e4"/>
      </symbol>
      <symbol id="sm-3db">
         <name>NOROM_CPUcpsie</name>
         <value>0x37b3</value>
         <object_component_ref idref="oc-1eb"/>
      </symbol>
      <symbol id="sm-3dc">
         <name>NOROM_CPUdelay</name>
         <value>0x37e7</value>
         <object_component_ref idref="oc-1ae"/>
      </symbol>
      <symbol id="sm-3f9">
         <name>NOROM_OSCHF_TurnOnXosc</name>
         <value>0x3155</value>
         <object_component_ref idref="oc-1ed"/>
      </symbol>
      <symbol id="sm-3fa">
         <name>NOROM_OSCHF_AttemptToSwitchToXosc</name>
         <value>0x1c65</value>
         <object_component_ref idref="oc-229"/>
      </symbol>
      <symbol id="sm-3fb">
         <name>NOROM_OSCHF_SwitchToRcOscTurnOffXosc</name>
         <value>0x29f1</value>
         <object_component_ref idref="oc-21a"/>
      </symbol>
      <symbol id="sm-3fc">
         <name>_hposcCoeffs</name>
         <value>0x20002958</value>
         <object_component_ref idref="oc-22a"/>
      </symbol>
      <symbol id="sm-3fd">
         <name>NOROM_OSC_HPOSCRelativeFrequencyOffsetGet</name>
         <value>0x27d9</value>
         <object_component_ref idref="oc-1f3"/>
      </symbol>
      <symbol id="sm-40b">
         <name>NOROM_PRCMPowerDomainsAllOff</name>
         <value>0x2445</value>
         <object_component_ref idref="oc-22b"/>
      </symbol>
      <symbol id="sm-40c">
         <name>NOROM_PRCMPowerDomainsAllOn</name>
         <value>0x2489</value>
         <object_component_ref idref="oc-1a4"/>
      </symbol>
      <symbol id="sm-41b">
         <name>NOROM_SetupTrimDevice</name>
         <value>0xcb9</value>
         <object_component_ref idref="oc-72"/>
      </symbol>
      <symbol id="sm-429">
         <name>NOROM_SysCtrlIdle</name>
         <value>0x2a29</value>
         <object_component_ref idref="oc-220"/>
      </symbol>
      <symbol id="sm-42a">
         <name>NOROM_SysCtrlStandby</name>
         <value>0x76d</value>
         <object_component_ref idref="oc-23e"/>
      </symbol>
      <symbol id="sm-437">
         <name>NOROM_AUXSYSIFOpModeChange</name>
         <value>0x29b9</value>
         <object_component_ref idref="oc-d3"/>
      </symbol>
      <symbol id="sm-442">
         <name>NOROM_ThisLibraryIsFor_CC13x1_CC26x1_HaltIfViolated</name>
         <value>0x3299</value>
         <object_component_ref idref="oc-9d"/>
      </symbol>
      <symbol id="sm-44b">
         <name>ti_sysbios_knl_TaskSupport_swap</name>
         <value>0x3339</value>
         <object_component_ref idref="oc-111"/>
      </symbol>
      <symbol id="sm-44c">
         <name>ti_sysbios_knl_TaskSupport_glue</name>
         <value>0x3509</value>
         <object_component_ref idref="oc-242"/>
      </symbol>
      <symbol id="sm-44d">
         <name>ti_sysbios_knl_TaskSupport_swapReturn</name>
         <value>0x3340</value>
         <object_component_ref idref="oc-111"/>
      </symbol>
      <symbol id="sm-462">
         <name>ti_sysbios_family_arm_m3_Hwi_dispatch</name>
         <value>0x85d</value>
         <object_component_ref idref="oc-4d"/>
      </symbol>
      <symbol id="sm-463">
         <name>ti_sysbios_family_arm_m3_Hwi_pendSV</name>
         <value>0x915</value>
         <object_component_ref idref="oc-4d"/>
      </symbol>
      <symbol id="sm-464">
         <name>ti_sysbios_family_arm_m3_Hwi_excHandlerAsm</name>
         <value>0x3041</value>
         <object_component_ref idref="oc-48"/>
      </symbol>
      <symbol id="sm-465">
         <name>ti_sysbios_family_arm_m3_Hwi_return</name>
         <value>0x92c</value>
         <object_component_ref idref="oc-4d"/>
      </symbol>
      <symbol id="sm-466">
         <name>ti_sysbios_family_arm_m3_Hwi_interruptsAreDisabledButShouldNotBe</name>
         <value>0x910</value>
         <object_component_ref idref="oc-4d"/>
      </symbol>
      <symbol id="sm-472">
         <name>ti_sysbios_family_arm_m3_Hwi_switchAndRunFunc</name>
         <value>0x3399</value>
         <object_component_ref idref="oc-205"/>
      </symbol>
      <symbol id="sm-473">
         <name>ti_sysbios_family_arm_m3_Hwi_initStacks</name>
         <value>0x220d</value>
         <object_component_ref idref="oc-1c5"/>
      </symbol>
      <symbol id="sm-47c">
         <name>_c_int00</name>
         <value>0x3275</value>
         <object_component_ref idref="oc-27"/>
      </symbol>
      <symbol id="sm-47d">
         <name>__stack</name>
         <value>0x20007c00</value>
         <object_component_ref idref="oc-44"/>
      </symbol>
      <symbol id="sm-48e">
         <name>_nop</name>
         <value>0x33b7</value>
         <object_component_ref idref="oc-16d"/>
      </symbol>
      <symbol id="sm-48f">
         <name>_register_lock</name>
         <value>0x3745</value>
         <object_component_ref idref="oc-163"/>
      </symbol>
      <symbol id="sm-490">
         <name>_lock</name>
         <value>0x20002984</value>
         <object_component_ref idref="oc-1be"/>
      </symbol>
      <symbol id="sm-491">
         <name>_register_unlock</name>
         <value>0x3751</value>
         <object_component_ref idref="oc-168"/>
      </symbol>
      <symbol id="sm-492">
         <name>_unlock</name>
         <value>0x20002988</value>
         <object_component_ref idref="oc-1c1"/>
      </symbol>
      <symbol id="sm-49c">
         <name>_args_main</name>
         <value>0x358d</value>
         <object_component_ref idref="oc-53"/>
      </symbol>
      <symbol id="sm-4a9">
         <name>__TI_auto_init_nobinit_nopinit</name>
         <value>0x2b09</value>
         <object_component_ref idref="oc-78"/>
      </symbol>
      <symbol id="sm-4b4">
         <name>__TI_zero_init</name>
         <value>0x368d</value>
         <object_component_ref idref="oc-6b"/>
      </symbol>
      <symbol id="sm-4bd">
         <name>__TI_decompress_none</name>
         <value>0x36d5</value>
         <object_component_ref idref="oc-33"/>
      </symbol>
      <symbol id="sm-4c7">
         <name>__TI_decompress_lzss</name>
         <value>0x18f9</value>
         <object_component_ref idref="oc-2f"/>
      </symbol>
      <symbol id="sm-4eb">
         <name>__aeabi_memcpy</name>
         <value>0x3825</value>
         <object_component_ref idref="oc-5e"/>
      </symbol>
      <symbol id="sm-4ec">
         <name>__aeabi_memcpy4</name>
         <value>0x3825</value>
         <object_component_ref idref="oc-5e"/>
      </symbol>
      <symbol id="sm-4ed">
         <name>__aeabi_memcpy8</name>
         <value>0x3825</value>
         <object_component_ref idref="oc-5e"/>
      </symbol>
      <symbol id="sm-4f6">
         <name>__aeabi_memset</name>
         <value>0x37a1</value>
         <object_component_ref idref="oc-241"/>
      </symbol>
      <symbol id="sm-4f7">
         <name>__aeabi_memset4</name>
         <value>0x37a1</value>
         <object_component_ref idref="oc-241"/>
      </symbol>
      <symbol id="sm-4f8">
         <name>__aeabi_memset8</name>
         <value>0x37a1</value>
         <object_component_ref idref="oc-241"/>
      </symbol>
      <symbol id="sm-4f9">
         <name>__aeabi_memclr</name>
         <value>0x37c5</value>
         <object_component_ref idref="oc-92"/>
      </symbol>
      <symbol id="sm-4fa">
         <name>__aeabi_memclr4</name>
         <value>0x37c5</value>
         <object_component_ref idref="oc-92"/>
      </symbol>
      <symbol id="sm-4fb">
         <name>__aeabi_memclr8</name>
         <value>0x37c5</value>
         <object_component_ref idref="oc-92"/>
      </symbol>
      <symbol id="sm-501">
         <name>__aeabi_uldivmod</name>
         <value>0x3579</value>
         <object_component_ref idref="oc-176"/>
      </symbol>
      <symbol id="sm-507">
         <name>__udivmoddi4</name>
         <value>0x11f9</value>
         <object_component_ref idref="oc-1d4"/>
      </symbol>
      <symbol id="sm-513">
         <name>__aeabi_ldiv0</name>
         <value>0x2d13</value>
         <object_component_ref idref="oc-210"/>
      </symbol>
      <symbol id="sm-51c">
         <name>TI_memcpy_small</name>
         <value>0x35db</value>
         <object_component_ref idref="oc-bf"/>
      </symbol>
      <symbol id="sm-524">
         <name>TI_memset_small</name>
         <value>0x36c7</value>
         <object_component_ref idref="oc-101"/>
      </symbol>
      <symbol id="sm-525">
         <name>__TI_static_base__</name>
         <value>0x0</value>
      </symbol>
      <symbol id="sm-528">
         <name>ITM_flush</name>
         <value>0x0</value>
      </symbol>
      <symbol id="sm-529">
         <name>ITM_restore</name>
         <value>0x0</value>
      </symbol>
      <symbol id="sm-52a">
         <name>__mpu_init</name>
         <value>0x0</value>
      </symbol>
   </symbol_table>
   <title>Link successful</title>
</link_info>
