******************************************************************************
            TI ARM Clang Linker PC v4.0.0                      
******************************************************************************
>> Linked Tue Nov 12 22:34:27 2024

OUTPUT FILE NAME:   <Control-Box.out>
ENTRY POINT SYMBOL: "ResetISR"  address: 0000382d


MEMORY CONFIGURATION

         name            origin    length      used     unused   attr    fill
----------------------  --------  ---------  --------  --------  ----  --------
  FLASH                 00000000   00058000  00003cec  00054314  R  X
  GPRAM                 11000000   00002000  00000000  00002000  RW X
  SRAM                  20000000   00008000  00002e61  0000519f  RW X
  LOG_DATA              90000000   00040000  00000000  00040000  R   
  LOG_PTR               94000008   00040000  00000000  00040000  R   


SEGMENT ALLOCATION MAP

run origin  load origin   length   init length attrs members
----------  ----------- ---------- ----------- ----- -------
00000000    00000000    00003bb0   00003bb0    r-x
  00000000    00000000    0000003c   0000003c    r-- .resetVecs
  0000003c    0000003c    00003810   00003810    r-x .text
  0000384c    0000384c    00000364   00000364    r-- .rodata
00003bb0    00003bb0    00000008   00000008    rw-
  00003bb0    00003bb0    00000008   00000008    rw- .args
00003bb8    00003bb8    000000dc   000000dc    r--
  00003bb8    00003bb8    000000dc   000000dc    r-- .cinit
00057fa8    00057fa8    00000058   00000058    r--
  00057fa8    00057fa8    00000058   00000058    r-- .ccfg
20000000    20000000    0000298d   00000000    rw-
  20000000    20000000    00002000   00000000    rw- .priheap
  20002000    20002000    000005cc   00000000    rw- .bss
  200025d0    200025d0    000003bd   00000000    rw- .data
20007c00    20007c00    00000400   00000000    rw-
  20007c00    20007c00    00000400   00000000    rw- .stack


SECTION ALLOCATION MAP

 output                                  attributes/
section   page    origin      length       input sections
--------  ----  ----------  ----------   ----------------
.resetVecs 
*          0    00000000    0000003c     
                  00000000    0000003c     ti_sysbios_config.o (.resetVecs)

.binit     0    00000000    00000000     

.cinit     0    00003bb8    000000dc     
                  00003bb8    000000a7     (.cinit..data.load) [load image, compression = lzss]
                  00003c5f    00000001     --HOLE-- [fill = 0]
                  00003c60    0000000c     (__TI_handler_table)
                  00003c6c    00000008     (.cinit..bss.load) [load image, compression = zero_init]
                  00003c74    00000008     (.cinit..priheap.load) [load image, compression = zero_init]
                  00003c7c    00000018     (__TI_cinit_table)

.init_array 
*          0    00000000    00000000     UNINITIALIZED

.ccfg      0    00057fa8    00000058     
                  00057fa8    00000058     ti_devices_config.o (.ccfg)

.bss       0    20002000    000005cc     UNINITIALIZED
                  20002000    00000200     (.common:ti_sysbios_knl_Idle_taskStack)
                  20002200    000000d8     (.common:ti_sysbios_family_arm_m3_Hwi_dispatchTable)
                  200022d8    0000007c     (.common:gpioCallbackFunctions)
                  20002354    0000007c     (.common:gpioUserArgs)
                  200023d0    00000060     (.common:ti_sysbios_knl_ClockSupport_timerStruct)
                  20002430    00000058     (.common:ti_sysbios_knl_Idle_taskStruct)
                  20002488    00000030     (.common:ti_sysbios_knl_Swi_readyQs)
                  200024b8    00000030     (.common:ti_sysbios_knl_Task_readyQs)
                  200024e8    0000002c     (.common:BIOS_heapMemObject)
                  20002514    00000028     (.common:BIOS_rtsGate)
                  2000253c    00000028     (.common:ti_sysbios_heaps_HeapMem_gate)
                  20002564    00000020     (.common:ti_sysbios_runtime_System_atexitHandlers)
                  20002584    0000001c     drivers_cc26x1.a : GPIOCC26X2.c.obj (.bss.gpioHwi)
                  200025a0    0000001c     ti_sysbios_config.o (.bss.sem)
                  200025bc    00000004     (.common:PowerCC26XX_swiKey)
                  200025c0    00000004     (.common:PowerCC26XX_taskKey)
                  200025c4    00000004     (.common:ti_sysbios_family_arm_cc26xx_TimestampProvider_Module_state)
                  200025c8    00000004     (.common:ti_sysbios_knl_Task_defaultStackHeap)

.data      0    200025d0    000003bd     UNINITIALIZED
                  200025d0    00000174     drivers_cc26x1.a : PowerCC26X2.c.obj (.data.PowerCC26X2_module)
                  20002744    0000007c     ti_drivers_config.o (.data.gpioPinConfigs)
                  200027c0    00000068     ti_sysbios_config.o (.data..L_MergedGlobals.71)
                  20002828    00000068     ti_sysbios_config.o (.data..L_MergedGlobals)
                  20002890    00000068     ti_sysbios_config.o (.data.ti_sysbios_knl_Clock_Module_state)
                  200028f8    0000003c     ti_sysbios_config.o (.data.ti_sysbios_knl_Task_Module_state)
                  20002934    00000014     ti_sysbios_config.o (.data.defaultPthreadAttrs)
                  20002948    00000010     driverlib.lib : osc.c.obj (.data..L_MergedGlobals)
                  20002958    00000010                   : osc.c.obj (.data._hposcCoeffs)
                  20002968    00000008     ti_sysbios_config.o (.data.ti_sysbios_gates_GateMutex_Module_state)
                  20002970    00000008     ti_sysbios_config.o (.data.ti_sysbios_heaps_HeapMem_Module_state)
                  20002978    00000008     ti_sysbios_config.o (.data.ti_sysbios_knl_Semaphore_Module_state)
                  20002980    00000004     drivers_cc26x1.a : PowerCC26X2.c.obj (.data.PowerCC26X2_rtcSubSecInc)
                  20002984    00000004     libc.a : _lock.c.obj (.data._lock)
                  20002988    00000004            : _lock.c.obj (.data._unlock)
                  2000298c    00000001     drivers_cc26x1.a : GPIOCC26X2.c.obj (.data.initCalled)

.ramVecs   0    20002a00    000000d8     NOLOAD SECTION
                  20002a00    000000d8     ti_sysbios_config.o (.ramVecs)

.stack     0    20007c00    00000400     UNINITIALIZED
                  20007c00    00000004     sysbios.a : boot_cortex_m.c.obj (.stack)
                  20007c04    000003fc     --HOLE--

.priheap   0    20000000    00002000     UNINITIALIZED
                  20000000    00002000     --HOLE--

.log_data 
*          0    90000000    00000000     COPY SECTION

.log_ptr   0    94000008    00000000     COPY SECTION

__llvm_prf_cnts 
*          0    20000000    00000000     UNINITIALIZED

__llvm_prf_bits 
*          0    20000000    00000000     UNINITIALIZED

.text      0    0000003c    00003810     
                  0000003c    00000194     drivers_cc26x1.a : PowerCC26X2_calibrateRCOSC.c.obj (.text.PowerCC26X2_auxISR)
                  000001d0    00000158                      : PowerCC26X2.c.obj (.text.Power_sleep)
                  00000328    0000011c     ti_sysbios_config.o (.text.ti_sysbios_family_arm_cc26xx_Timer_construct)
                  00000444    00000118     drivers_cc26x1.a : PowerCC26X2.c.obj (.text.Power_init)
                  0000055c    0000010c                      : PowerCC26X2_calibrateRCOSC.c.obj (.text.PowerCC26X2_calibrate)
                  00000668    00000104                      : GPIOCC26X2.c.obj (.text.GPIO_init)
                  0000076c    000000f0     driverlib.lib : sys_ctrl.c.obj (.text.NOROM_SysCtrlStandby)
                  0000085c    000000ec     sysbios.a : Hwi_asm_gcc.s.obj (.text.ti_sysbios_family_arm_m3_Hwi_dispatch)
                  00000948    000000e4     ti_sysbios_config.o (.text.ti_sysbios_knl_Semaphore_pend)
                  00000a2c    000000e0     driverlib.lib : setup.c.obj (.text.TrimAfterColdResetWakeupFromShutDown)
                  00000b0c    000000d8     ti_sysbios_config.o (.text.ti_sysbios_family_arm_m3_Hwi_excFillContext)
                  00000be4    000000d4     ti_sysbios_config.o (.text.pthread_create)
                  00000cb8    000000d0     driverlib.lib : setup.c.obj (.text.NOROM_SetupTrimDevice)
                  00000d88    000000d0     drivers_cc26x1.a : PowerCC26X2.c.obj (.text.configureXOSCHF)
                  00000e58    000000cc     ti_sysbios_config.o (.text.ti_sysbios_knl_Clock_workFuncDynamic)
                  00000f24    000000b8     ti_sysbios_config.o (.text.ti_sysbios_knl_Task_Instance_finalize)
                  00000fdc    000000b8     ti_sysbios_config.o (.text.ti_sysbios_knl_Task_setPri)
                  00001094    000000b4     ti_sysbios_config.o (.text.PowerCC26XX_standbyPolicy)
                  00001148    000000b0     drivers_cc26x1.a : PowerCC26X2.c.obj (.text.Power_setDependency)
                  000011f8    000000b0     libclang_rt.builtins.a : udivmoddi4.S.obj (.text)
                  000012a8    000000ac     drivers_cc26x1.a : PowerCC26X2.c.obj (.text.Power_releaseDependency)
                  00001354    000000a4     ti_sysbios_config.o (.text.ti_sysbios_knl_Task_Instance_init)
                  000013f8    00000094     ti_sysbios_config.o (.text.ti_sysbios_knl_Clock_startI)
                  0000148c    00000094     ti_sysbios_config.o (.text.ti_sysbios_knl_Task_sleep)
                  00001520    00000090     drivers_cc26x1.a : GPIOCC26XX.c.obj (.text.GPIO_setConfigAndMux)
                  000015b0    00000080     ti_sysbios_config.o (.text.ti_sysbios_knl_Clock_init)
                  00001630    0000007c     ti_sysbios_config.o (.text.ti_sysbios_family_arm_m3_Hwi_postInit)
                  000016ac    00000078     ti_sysbios_config.o (.text._pthread_removeThreadKeys)
                  00001724    00000078     ti_sysbios_config.o (.text.ti_sysbios_knl_Task_postInit)
                  0000179c    00000074     drivers_cc26x1.a : PowerCC26X2_calibrateRCOSC_helpers.c.obj (.text.PowerCC26X2_updateSubSecInc)
                  00001810    00000074     ti_sysbios_config.o (.text.ti_sysbios_family_arm_m3_Hwi_initNVIC)
                  00001884    00000074     ti_sysbios_config.o (.text.ti_sysbios_knl_Swi_restoreHwi)
                  000018f8    00000074     libc.a : copy_decompress_lzss.c.obj (.text:decompress:lzss)
                  0000196c    00000070     ti_sysbios_config.o (.text.ti_sysbios_family_arm_m3_Hwi_Instance_init)
                  000019dc    00000070     ti_sysbios_config.o (.text.ti_sysbios_heaps_HeapMem_allocUnprotected)
                  00001a4c    00000070     ti_sysbios_config.o (.text.ti_sysbios_knl_Task_startup)
                  00001abc    0000006c     drivers_cc26x1.a : PowerCC26X2.c.obj (.text.oscillatorISR)
                  00001b28    0000006c     ti_sysbios_config.o (.text.ti_sysbios_family_arm_m3_Hwi_dispatchC)
                  00001b94    00000068     ti_sysbios_config.o (.text.ti_sysbios_knl_Idle_init)
                  00001bfc    00000068     ti_sysbios_config.o (.text.ti_sysbios_knl_Swi_run)
                  00001c64    00000064     driverlib.lib : osc.c.obj (.text.NOROM_OSCHF_AttemptToSwitchToXosc)
                  00001cc8    00000064     drivers_cc26x1.a : PowerCC26X2_calibrateRCOSC.c.obj (.text.PowerCC26X2_initiateCalibration)
                  00001d2c    00000060     ti_sysbios_config.o (.text.ti_sysbios_knl_Clock_walkQueueDynamic)
                  00001d8c    00000060     ti_sysbios_config.o (.text.ti_sysbios_knl_Semaphore_post)
                  00001dec    00000060     ti_sysbios_config.o (.text.ti_sysbios_knl_Swi_schedule)
                  00001e4c    0000005c     ti_sysbios_config.o (.text.pthread_exit)
                  00001ea8    00000058     main_tirtos.o (.text.main)
                  00001f00    00000052     ti_drivers_config.o (.text.Board_sendExtFlashByte)
                  00001f52    00000002     ti_sysbios_config.o (.text.BIOS_nullFunc)
                  00001f54    00000050     ti_drivers_config.o (.text.Board_shutDownExtFlash)
                  00001fa4    00000050     ti_sysbios_config.o (.text.ti_sysbios_knl_Swi_post)
                  00001ff4    00000050     ti_sysbios_config.o (.text.ti_sysbios_knl_Swi_runLoop)
                  00002044    0000004e     ti_sysbios_config.o (.text.ti_sysbios_heaps_HeapMem_freeUnprotected)
                  00002092    00000002     ti_drivers_config.o (.text.Board_initHook)
                  00002094    0000004c     ti_sysbios_config.o (.text.BIOS_init)
                  000020e0    0000004c     ti_sysbios_config.o (.text.BIOS_startFunc)
                  0000212c    0000004c     drivers_cc26x1.a : PowerCC26X2.c.obj (.text.switchXOSCHF)
                  00002178    0000004c     ti_sysbios_config.o (.text.ti_sysbios_knl_Swi_Instance_init)
                  000021c4    00000048     ti_sysbios_config.o (.text.ti_sysbios_family_arm_cc26xx_Timer_start)
                  0000220c    00000048     sysbios.a : Hwi_asm_switch_gcc.s.obj (.text.ti_sysbios_family_arm_m3_Hwi_initStacks)
                  00002254    00000048     ti_sysbios_config.o (.text.ti_sysbios_heaps_HeapMem_Instance_init)
                  0000229c    00000048     ti_sysbios_config.o (.text.ti_sysbios_heaps_HeapMem_alloc)
                  000022e4    00000048     ti_sysbios_config.o (.text.ti_sysbios_knl_TaskSupport_start)
                  0000232c    00000048     ti_sysbios_config.o (.text.ti_sysbios_knl_Task_schedule)
                  00002374    00000048     ti_sysbios_config.o (.text.ti_sysbios_runtime_Startup_exec)
                  000023bc    00000044     ti_sysbios_config.o (.text.BIOS_atExitFunc)
                  00002400    00000044     drivers_cc26x1.a : GPIOCC26X2.c.obj (.text.GPIO_hwiIntFxn)
                  00002444    00000044     driverlib.lib : prcm.c.obj (.text.NOROM_PRCMPowerDomainsAllOff)
                  00002488    00000044                   : prcm.c.obj (.text.NOROM_PRCMPowerDomainsAllOn)
                  000024cc    00000044     ti_sysbios_config.o (.text.ti_sysbios_family_arm_m3_Hwi_construct2)
                  00002510    00000044     ti_sysbios_config.o (.text.ti_sysbios_family_arm_m3_Hwi_disableInterrupt)
                  00002554    00000044     ti_sysbios_config.o (.text.ti_sysbios_family_arm_m3_Hwi_enableInterrupt)
                  00002598    00000044     ti_sysbios_config.o (.text.ti_sysbios_knl_Swi_restore)
                  000025dc    00000044     ti_sysbios_config.o (.text.ti_sysbios_knl_Task_create)
                  00002620    00000040     drivers_cc26x1.a : PowerCC26X2_calibrateRCOSC.c.obj (.text.PowerCC26X2_RCOSC_clockFunc)
                  00002660    00000040                      : PowerCC26X2_calibrateRCOSC_helpers.c.obj (.text.PowerCC26X2_setAclkRefSrc)
                  000026a0    00000040     ti_sysbios_config.o (.text.ti_sysbios_heaps_HeapMem_getStats)
                  000026e0    00000040     ti_sysbios_config.o (.text.ti_sysbios_knl_Clock_getTicksUntilInterrupt)
                  00002720    00000040     ti_sysbios_config.o (.text.ti_sysbios_knl_Task_exit)
                  00002760    0000003c     drivers_cc26x1.a : GPIO.c.obj (.text.GPIO_resetConfig)
                  0000279c    0000003c     ti_sysbios_config.o (.text.HwiP_construct)
                  000027d8    0000003c     driverlib.lib : osc.c.obj (.text.NOROM_OSC_HPOSCRelativeFrequencyOffsetGet)
                  00002814    0000003c     drivers_cc26x1.a : PowerCC26X2_calibrateRCOSC_helpers.c.obj (.text.PowerCC26X2_setTdcClkSrc24M)
                  00002850    0000003c     ti_sysbios_config.o (.text.ti_sysbios_family_arm_cc26xx_Timer_periodicStub)
                  0000288c    0000003c     ti_sysbios_config.o (.text.ti_sysbios_heaps_HeapMem_construct)
                  000028c8    0000003c     ti_sysbios_config.o (.text.ti_sysbios_knl_ClockSupport_init)
                  00002904    0000003c     ti_sysbios_config.o (.text.ti_sysbios_knl_Task_blockI)
                  00002940    0000003c     ti_sysbios_config.o (.text.ti_sysbios_knl_Task_restore)
                  0000297c    0000003c     ti_sysbios_config.o (.text.ti_sysbios_runtime_Memory_alloc)
                  000029b8    00000038     driverlib.lib : aux_sysif.c.obj (.text.NOROM_AUXSYSIFOpModeChange)
                  000029f0    00000038                   : osc.c.obj (.text.NOROM_OSCHF_SwitchToRcOscTurnOffXosc)
                  00002a28    00000038                   : sys_ctrl.c.obj (.text.NOROM_SysCtrlIdle)
                  00002a60    00000038                   : osc.c.obj (.text.OSCHfSourceSwitch)
                  00002a98    00000038     drivers_cc26x1.a : PowerCC26X2_helpers.c.obj (.text.PowerCC26X2_oscDisableQualifiers)
                  00002ad0    00000038     ti_sysbios_config.o (.text.ti_sysbios_knl_Task_processVitalTaskFlag)
                  00002b08    00000038     libc.a : autoinit.c.obj (.text:__TI_auto_init_nobinit_nopinit)
                  00002b40    00000034     drivers_cc26x1.a : PowerCC26X2_helpers.c.obj (.text.PowerCC26X2_setSubSecIncToXoscLf)
                  00002b74    00000034                      : PowerCC26X2.c.obj (.text.Power_releaseConstraint)
                  00002ba8    00000034     ti_sysbios_config.o (.text._pthread_cleanupFxn)
                  00002bdc    00000034     ti_sysbios_config.o (.text.ti_sysbios_family_arm_cc26xx_Timer_setThreshold)
                  00002c10    00000034     ti_sysbios_config.o (.text.ti_sysbios_family_arm_m3_Hwi_getStackInfo)
                  00002c44    00000034     ti_sysbios_config.o (.text.ti_sysbios_family_arm_m3_Hwi_init)
                  00002c78    00000034     ti_sysbios_config.o (.text.ti_sysbios_knl_Clock_Instance_init)
                  00002cac    00000034     ti_sysbios_config.o (.text.ti_sysbios_knl_Task_unblockI)
                  00002ce0    00000032     ti_sysbios_config.o (.text.ti_sysbios_knl_Semaphore_pendTimeout)
                  00002d12    00000002     libclang_rt.builtins.a : aeabi_div0.c.obj (.text.__aeabi_ldiv0)
                  00002d14    00000030     ti_drivers_config.o (.text.Board_wakeUpExtFlash)
                  00002d44    00000030     ti_sysbios_config.o (.text.ClockP_construct)
                  00002d74    00000030     drivers_cc26x1.a : PowerCC26X2.c.obj (.text.Power_setConstraint)
                  00002da4    00000030                      : PowerCC26X2.c.obj (.text.notify)
                  00002dd4    00000030     main.o (.text.testGPIO)
                  00002e04    00000030     ti_sysbios_config.o (.text.ti_sysbios_family_arm_m3_Hwi_excHandlerMin)
                  00002e34    00000030     ti_sysbios_config.o (.text.ti_sysbios_heaps_HeapMem_free)
                  00002e64    00000030     ti_sysbios_config.o (.text.ti_sysbios_runtime_System_atexit)
                  00002e94    00000030     ti_sysbios_config.o (.text.ti_sysbios_runtime_System_processAtExit)
                  00002ec4    0000002c     ti_sysbios_config.o (.text.PowerCC26XX_schedulerDisable)
                  00002ef0    0000002c     ti_sysbios_config.o (.text._pthread_delete)
                  00002f1c    0000002c     ti_sysbios_config.o (.text.sleep)
                  00002f48    0000002c     ti_sysbios_config.o (.text.ti_sysbios_gates_GateMutex_enter)
                  00002f74    0000002c     ti_sysbios_config.o (.text.ti_sysbios_knl_Clock_getTicks)
                  00002fa0    0000002c     ti_sysbios_config.o (.text.ti_sysbios_knl_Task_restoreHwi)
                  00002fcc    0000002a     ti_sysbios_config.o (.text.ti_sysbios_family_arm_cc26xx_Timer_setNextTick)
                  00002ff6    0000002a     ti_sysbios_config.o (.text.ti_sysbios_knl_Task_allBlockedFunction)
                  00003020    00000028     ti_sysbios_config.o (.text.BIOS_registerRTSLock)
                  00003048    00000028     sysbios.a : Hwi_asm_gcc.s.obj (.text.ti_sysbios_family_arm_m3_Hwi_excHandlerAsm)
                  00003070    00000028     ti_sysbios_config.o (.text.ti_sysbios_gates_GateMutex_Instance_init)
                  00003098    00000028     ti_sysbios_config.o (.text.ti_sysbios_knl_Semaphore_Instance_init)
                  000030c0    00000028     ti_sysbios_config.o (.text.ti_sysbios_knl_Swi_init)
                  000030e8    00000028     ti_sysbios_config.o (.text.ti_sysbios_knl_Task_construct)
                  00003110    00000028     ti_sysbios_config.o (.text.ti_sysbios_knl_Task_init)
                  00003138    00000024     ti_sysbios_config.o (.text.BIOS_removeRTSLock)
                  0000315c    00000024     driverlib.lib : osc.c.obj (.text.NOROM_OSCHF_TurnOnXosc)
                  00003180    00000024     drivers_cc26x1.a : PowerCC26X2_calibrateRCOSC_helpers.c.obj (.text.PowerCC26X2_writeCtrim)
                  000031a4    00000024                      : PowerCC26X2_calibrateRCOSC_helpers.c.obj (.text.PowerCC26X2_writeCtrimFract)
                  000031c8    00000024                      : PowerCC26X2_calibrateRCOSC_helpers.c.obj (.text.PowerCC26X2_writeCtrimFractEn)
                  000031ec    00000024                      : PowerCC26X2_calibrateRCOSC_helpers.c.obj (.text.PowerCC26X2_writeRtrim)
                  00003210    00000024     ti_sysbios_config.o (.text.ti_sysbios_family_arm_m3_Hwi_construct)
                  00003234    00000024     ti_sysbios_config.o (.text.ti_sysbios_knl_Semaphore_destruct)
                  00003258    00000024     ti_sysbios_config.o (.text.ti_sysbios_knl_Task_enter)
                  0000327c    00000024     sysbios.a : boot_cortex_m.c.obj (.text:_c_int00)
                  000032a0    00000020     driverlib.lib : chipinfo.c.obj (.text.NOROM_ThisLibraryIsFor_CC13x1_CC26x1_HaltIfViolated)
                  000032c0    00000020     drivers_cc26x1.a : PowerCC26X2_helpers.c.obj (.text.PowerCC26X2_disableTCXOQual)
                  000032e0    00000020                      : PowerCC26X2_helpers.c.obj (.text.PowerCC26X2_enableTCXOQual)
                  00003300    00000020     ti_sysbios_config.o (.text.PowerCC26XX_schedulerRestore)
                  00003320    00000020     ti_sysbios_config.o (.text.ti_sysbios_family_arm_m3_Hwi_initStack)
                  00003340    00000020     sysbios.a : TaskSupport_asm_gcc.s.obj (.text.ti_sysbios_knl_TaskSupport_swap)
                  00003360    00000020     ti_sysbios_config.o (.text.ti_sysbios_knl_Task_delete)
                  00003380    00000020     ti_sysbios_config.o (.text.ti_sysbios_knl_Task_destruct)
                  000033a0    0000001e     sysbios.a : Hwi_asm_switch_gcc.s.obj (.text.ti_sysbios_family_arm_m3_Hwi_switchAndRunFunc)
                  000033be    00000002     libc.a : _lock.c.obj (.text._nop)
                  000033c0    0000001c     ti_sysbios_config.o (.text.BIOS_rtsLock)
                  000033dc    0000001c     drivers_cc26x1.a : PowerCC26X2.c.obj (.text.Power_getTransitionLatency)
                  000033f8    0000001c     ti_sysbios_config.o (.text.ti_sysbios_knl_Idle_run)
                  00003414    0000001c     ti_sysbios_config.o (.text.ti_sysbios_knl_Queue_put)
                  00003430    0000001c     ti_sysbios_config.o (.text.ti_sysbios_runtime_Error_raiseX)
                  0000344c    0000001a     ti_sysbios_config.o (.text.ti_sysbios_knl_Task_sleepTimeout)
                  00003466    00000002     drivers_cc26x1.a : PowerCC26X2.c.obj (.text.emptyClockFunc)
                  00003468    00000018     ti_sysbios_config.o (.text.BIOS_exitFunc)
                  00003480    00000018     ti_sysbios_config.o (.text.BIOS_rtsUnlock)
                  00003498    00000018     drivers_cc26x1.a : GPIOCC26XX.c.obj (.text.GPIO_disableInt)
                  000034b0    00000018                      : PowerCC26X2.c.obj (.text.PowerCC26XX_calibrate)
                  000034c8    00000018                      : PowerCC26X2.c.obj (.text.Power_idleFunc)
                  000034e0    00000018     ti_sysbios_config.o (.text.pthread_attr_init)
                  000034f8    00000018     ti_sysbios_config.o (.text.ti_sysbios_knl_Clock_scheduleNextTick)
                  00003510    00000018     sysbios.a : TaskSupport_asm_gcc.s.obj (.text.ti_sysbios_knl_TaskSupport_glue)
                  00003528    00000018     ti_sysbios_config.o (.text.ti_sysbios_knl_Task_unblock)
                  00003540    00000016     ti_drivers_config.o (.text.Board_init)
                  00003556    00000016     ti_sysbios_config.o (.text.ti_sysbios_knl_Clock_start)
                  0000356c    00000014     drivers_cc26x1.a : GPIOCC26XX.c.obj (.text.GPIO_toggle)
                  00003580    00000014     libclang_rt.builtins.a : aeabi_uldivmod.S.obj (.text.__aeabi_uldivmod)
                  00003594    00000014     libc.a : args_main.c.obj (.text._args_main)
                  000035a8    00000014     ti_sysbios_config.o (.text.pthread_attr_setschedparam)
                  000035bc    00000014     ti_sysbios_config.o (.text.ti_sysbios_family_arm_m3_Hwi_switchFromBootStack)
                  000035d0    00000012     ti_sysbios_config.o (.text._pthread_runStub)
                  000035e2    00000012     libc.a : memcpy_t2.S.obj (.text:TI_memcpy_small)
                  000035f4    00000010     drivers_cc26x1.a : GPIOCC26XX.c.obj (.text.GPIO_write)
                  00003604    00000010     ti_sysbios_config.o (.text.HwiP_Params_init)
                  00003614    00000010     drivers_cc26x1.a : PowerCC26X2_helpers.c.obj (.text.PowerCC26X2_oscCtlClearXtal)
                  00003624    00000010                      : PowerCC26X2_helpers.c.obj (.text.PowerCC26X2_prcmEnableCacheRetention)
                  00003634    00000010                      : PowerCC26X2_calibrateRCOSC_helpers.c.obj (.text.PowerCC26X2_readCtrim)
                  00003644    00000010                      : PowerCC26X2_calibrateRCOSC_helpers.c.obj (.text.PowerCC26X2_readCtrimFract)
                  00003654    00000010                      : PowerCC26X2_calibrateRCOSC_helpers.c.obj (.text.PowerCC26X2_readRtrim)
                  00003664    00000010                      : PowerCC26X2_helpers.c.obj (.text.PowerCC26X2_switchToTCXO)
                  00003674    00000010     ti_sysbios_config.o (.text.ti_sysbios_family_arm_cc26xx_Timer_dynamicStub)
                  00003684    00000010     ti_sysbios_config.o (.text.ti_sysbios_family_arm_m3_Hwi_excHandler)
                  00003694    00000010     libc.a : copy_zero_init.c.obj (.text:decompress:ZI)
                  000036a4    0000000e     drivers_cc26x1.a : PowerCC26X2.c.obj (.text.OUTLINED_FUNCTION_0)
                  000036b2    0000000e                      : PowerCC26X2.c.obj (.text.switchToTCXO)
                  000036c0    0000000e     ti_sysbios_config.o (.text.ti_sysbios_gates_GateMutex_leave)
                  000036ce    0000000e     libc.a : memset_t2.S.obj (.text:TI_memset_small)
                  000036dc    0000000e            : copy_decompress_none.c.obj (.text:decompress:none)
                  000036ea    00000002     ti_sysbios_config.o (.text.ti_sysbios_runtime_System_exitSpin)
                  000036ec    0000000c     ti_sysbios_config.o (.text.BIOS_linkedWithIncorrectBootLibrary)
                  000036f8    0000000c     ti_sysbios_config.o (.text.BIOS_start)
                  00003704    0000000c     ti_sysbios_config.o (.text.HwiP_disable)
                  00003710    0000000c     drivers_cc26x1.a : PowerCC26X2_helpers.c.obj (.text.PowerCC26X2_oscClockSourceGet)
                  0000371c    0000000c                      : PowerCC26X2_helpers.c.obj (.text.PowerCC26X2_setPeriphDeepSleepEnable)
                  00003728    0000000c                      : PowerCC26X2_helpers.c.obj (.text.PowerCC26X2_sysCtrlGetResetSource)
                  00003734    0000000c                      : PowerCC26X2_helpers.c.obj (.text.PowerCC26X2_sysCtrlUpdateVoltageRegulator)
                  00003740    0000000c                      : PowerCC26X2.c.obj (.text.Power_getConstraintMask)
                  0000374c    0000000c     libc.a : _lock.c.obj (.text._register_lock)
                  00003758    0000000c            : _lock.c.obj (.text._register_unlock)
                  00003764    0000000c     ti_sysbios_config.o (.text.pthread_attr_setdetachstate)
                  00003770    0000000c     ti_sysbios_config.o (.text.ti_sysbios_heaps_HeapMem_init)
                  0000377c    0000000c     ti_sysbios_config.o (.text.ti_sysbios_knl_ClockSupport_setNextTick)
                  00003788    0000000c     ti_sysbios_config.o (.text.ti_sysbios_knl_Clock_tick)
                  00003794    0000000a     ti_sysbios_config.o (.text.ClockP_Params_init)
                  0000379e    0000000a     drivers_cc26x1.a : PowerCC26X2_helpers.c.obj (.text.PowerCC26X2_sysCtrlStandby)
                  000037a8    0000000a     libclang_rt.builtins.a : aeabi_memset.S.obj (.text.__aeabi_memset)
                  000037b2    00000008     driverlib.lib : cpu.c.obj (.text.NOROM_CPUcpsid)
                  000037ba    00000008                   : cpu.c.obj (.text.NOROM_CPUcpsie)
                  000037c2    00000008     drivers_cc26x1.a : PowerCC26X2_helpers.c.obj (.text.PowerCC26X2_oschfTrySwitchToXosc)
                  000037ca    00000002     --HOLE-- [fill = 0]
                  000037cc    00000008     libclang_rt.builtins.a : aeabi_memset.S.obj (.text.__aeabi_memclr)
                  000037d4    00000008     ti_sysbios_config.o (.text.ti_sysbios_runtime_System_exit)
                  000037dc    00000006     ti_sysbios_config.o (.text.ClockP_stop)
                  000037e2    00000006     drivers_cc26x1.a : GPIOCC26XX.c.obj (.text.GPIO_setConfig)
                  000037e8    00000006     ti_sysbios_config.o (.text.HwiP_restore)
                  000037ee    00000006     driverlib.lib : cpu.c.obj (.text.NOROM_CPUdelay)
                  000037f4    00000006     main.o (.text.mainThread)
                  000037fa    00000006     ti_sysbios_config.o (.text.pthread_attr_setstacksize)
                  00003800    00000006     ti_sysbios_config.o (.text.ti_sysbios_family_arm_m3_Hwi_doSwiRestore)
                  00003806    00000006     ti_sysbios_config.o (.text.ti_sysbios_family_arm_m3_Hwi_doTaskRestore)
                  0000380c    00000006     ti_sysbios_config.o (.text.ti_sysbios_knl_Idle_loop)
                  00003812    00000006     ti_sysbios_config.o (.text.ti_sysbios_knl_Swi_startup)
                  00003818    00000004     ti_sysbios_config.o (.text.ClockP_getSystemTickPeriod)
                  0000381c    00000004     ti_sysbios_config.o (.text.ClockP_start)
                  00003820    00000004     drivers_cc26x1.a : PowerCC26X2_helpers.c.obj (.text.PowerCC26X2_oschfSwitchToRcosc)
                  00003824    00000004                      : PowerCC26X2_helpers.c.obj (.text.PowerCC26X2_sysCtrlIdle)
                  00003828    00000004                      : PowerCC26X2_helpers.c.obj (.text.PowerCC26X2_turnOnXosc)
                  0000382c    00000004     ti_sysbios_config.o (.text.ResetISR)
                  00003830    00000004     libclang_rt.builtins.a : aeabi_memcpy.S.obj (.text.__aeabi_memcpy)
                  00003834    00000004     ti_sysbios_config.o (.text._system_post_cinit)
                  00003838    00000004     ti_sysbios_config.o (.text._system_pre_init)
                  0000383c    00000004     drivers_cc26x1.a : PowerCC26X2.c.obj (.text.configureRFCoreClocks)
                  00003840    00000004                      : PowerCC26X2.c.obj (.text.nopResourceHandler)
                  00003844    00000004     ti_sysbios_config.o (.text.ti_sysbios_heaps_HeapMem_isBlocking)
                  00003848    00000004     libc.a : exit.c.obj (.text:abort)

.rodata    0    0000384c    00000364     
                  0000384c    0000008d     ti_sysbios_config.o (.rodata.ti_sysbios_heaps_HeapMem_alloc.err)
                  000038d9    00000089     ti_sysbios_config.o (.rodata.ti_sysbios_family_arm_m3_Hwi_Instance_init.err.1)
                  00003962    00000089     ti_sysbios_config.o (.rodata.ti_sysbios_runtime_Memory_alloc.err)
                  000039eb    00000086     ti_sysbios_config.o (.rodata.ti_sysbios_family_arm_m3_Hwi_Instance_init.err)
                  00003a71    00000001     ti_drivers_config.o (.rodata.GPIO_pinLowerBound)
                  00003a72    0000004c     drivers_cc26x1.a : PowerCC26X2.c.obj (.rodata.resourceDB)
                  00003abe    00000001     ti_drivers_config.o (.rodata.GPIO_pinUpperBound)
                  00003abf    00000001     --HOLE-- [fill = 0]
                  00003ac0    00000024     ti_sysbios_config.o (.rodata.ti_sysbios_knl_Task_Params_default)
                  00003ae4    0000001d     ti_sysbios_config.o (.rodata.str1.82798470662928299421)
                  00003b01    00000003     --HOLE-- [fill = 0]
                  00003b04    0000001c     ti_sysbios_config.o (.rodata.ti_sysbios_family_arm_cc26xx_Timer_Params_default)
                  00003b20    00000018     ti_sysbios_config.o (.rodata.ti_sysbios_family_arm_m3_Hwi_Params_default)
                  00003b38    00000014     ti_drivers_config.o (.rodata.PowerCC26X2_config)
                  00003b4c    00000014     ti_sysbios_config.o (.rodata.ti_sysbios_knl_Swi_Params_default)
                  00003b60    00000010     ti_drivers_config.o (.rodata.GPIO_config)
                  00003b70    0000000c     ti_sysbios_config.o (.rodata.ti_sysbios_heaps_HeapMem_Params_default)
                  00003b7c    0000000c     ti_sysbios_config.o (.rodata.ti_sysbios_knl_Clock_Params_default)
                  00003b88    0000000c     ti_sysbios_config.o (.rodata.ti_sysbios_knl_Semaphore_Params_default)
                  00003b94    00000008     driverlib.lib : aux_sysif.c.obj (.rodata.cst4)
                  00003b9c    00000008     ti_sysbios_config.o (.rodata.ti_sysbios_knl_Idle_funcList)
                  00003ba4    00000004     ti_sysbios_config.o (.rodata.TimestampP_nativeFormat32)
                  00003ba8    00000004     ti_sysbios_config.o (.rodata.TimestampP_nativeFormat64)
                  00003bac    00000004     ti_sysbios_config.o (.rodata.ti_sysbios_family_arm_m3_Hwi_swiTaskKeyAddress)

.args      0    00003bb0    00000008     
                  00003bb0    00000008     --HOLE-- [fill = 0]

MODULE SUMMARY

       Module                                     code    ro data   rw data
       ------                                     ----    -------   -------
    .\
       main_tirtos.o                              88      0         0      
       main.o                                     54      0         0      
    +--+------------------------------------------+-------+---------+---------+
       Total:                                     142     0         0      
                                                                           
    .\syscfg\
       ti_sysbios_config.o                        7916    802       1840   
       ti_drivers_config.o                        234     38        372    
       ti_devices_config.o                        0       88        0      
    +--+------------------------------------------+-------+---------+---------+
       Total:                                     8150    928       2212   
                                                                           
    C:/ti/simplelink_cc13xx_cc26xx_sdk_7_41_00_17/kernel/tirtos7/packages/ti/sysbios/lib/ticlang/m4/sysbios.a
       Hwi_asm_gcc.s.obj                          276     0         0      
       Hwi_asm_switch_gcc.s.obj                   102     0         0      
       TaskSupport_asm_gcc.s.obj                  56      0         0      
       boot_cortex_m.c.obj                        36      0         0      
    +--+------------------------------------------+-------+---------+---------+
       Total:                                     470     0         0      
                                                                           
    C:/ti/simplelink_cc13xx_cc26xx_sdk_7_41_00_17/source/ti/devices/cc13x1_cc26x1/driverlib/bin/ticlang/driverlib.lib
       setup.c.obj                                432     0         0      
       osc.c.obj                                  308     0         32     
       sys_ctrl.c.obj                             296     0         0      
       prcm.c.obj                                 136     0         0      
       aux_sysif.c.obj                            56      8         0      
       chipinfo.c.obj                             32      0         0      
       cpu.c.obj                                  22      0         0      
    +--+------------------------------------------+-------+---------+---------+
       Total:                                     1282    8         32     
                                                                           
    C:/ti/simplelink_cc13xx_cc26xx_sdk_7_41_00_17/source/ti/drivers/lib/ticlang/m4/drivers_cc26x1.a
       PowerCC26X2.c.obj                          1638    76        376    
       PowerCC26X2_calibrateRCOSC.c.obj           836     0         0      
       PowerCC26X2_calibrateRCOSC_helpers.c.obj   432     0         0      
       GPIOCC26X2.c.obj                           328     0         29     
       PowerCC26X2_helpers.c.obj                  298     0         0      
       GPIOCC26XX.c.obj                           210     0         0      
       GPIO.c.obj                                 60      0         0      
    +--+------------------------------------------+-------+---------+---------+
       Total:                                     3802    76        405    
                                                                           
    C:\ti\ccstheia151\ccs\tools\compiler\ti-cgt-armllvm_4.0.0.LTS\lib\armv7em-ti-none-eabi/c/libc.a
       copy_decompress_lzss.c.obj                 116     0         0      
       autoinit.c.obj                             56      0         0      
       _lock.c.obj                                26      0         8      
       args_main.c.obj                            20      0         0      
       memcpy_t2.S.obj                            18      0         0      
       copy_zero_init.c.obj                       16      0         0      
       copy_decompress_none.c.obj                 14      0         0      
       memset_t2.S.obj                            14      0         0      
       exit.c.obj                                 4       0         0      
    +--+------------------------------------------+-------+---------+---------+
       Total:                                     284     0         8      
                                                                           
    C:\ti\ccstheia151\ccs\tools\compiler\ti-cgt-armllvm_4.0.0.LTS\lib\armv7em-ti-none-eabi/libclang_rt.builtins.a
       udivmoddi4.S.obj                           176     0         0      
       aeabi_uldivmod.S.obj                       20      0         0      
       aeabi_memset.S.obj                         18      0         0      
       aeabi_memcpy.S.obj                         4       0         0      
       aeabi_div0.c.obj                           2       0         0      
    +--+------------------------------------------+-------+---------+---------+
       Total:                                     220     0         0      
                                                                           
       Stack:                                     0       0         1024   
       Linker Generated:                          0       219       0      
    +--+------------------------------------------+-------+---------+---------+
       Grand Total:                               14350   1231      3681   


LINKER GENERATED COPY TABLES

__TI_cinit_table @ 00003c7c records: 3, size/record: 8, table size: 24
	.data: load addr=00003bb8, load size=000000a7 bytes, run addr=200025d0, run size=000003bd bytes, compression=lzss
	.bss: load addr=00003c6c, load size=00000008 bytes, run addr=20002000, run size=000005cc bytes, compression=zero_init
	.priheap: load addr=00003c74, load size=00000008 bytes, run addr=20000000, run size=00002000 bytes, compression=zero_init


LINKER GENERATED HANDLER TABLE

__TI_handler_table @ 00003c60 records: 3, size/record: 4, table size: 12
	index: 0, handler: __TI_decompress_lzss
	index: 1, handler: __TI_decompress_none
	index: 2, handler: __TI_zero_init


GLOBAL SYMBOLS: SORTED ALPHABETICALLY BY Name 

address   name                                                            
-------   ----                                                            
200027c0  BIOS_Module_state                                               
000023bd  BIOS_atExitFunc                                                 
00003469  BIOS_exitFunc                                                   
200024e8  BIOS_heapMemObject                                              
00002095  BIOS_init                                                       
000036ed  BIOS_linkedWithIncorrectBootLibrary                             
00001f53  BIOS_nullFunc                                                   
00003021  BIOS_registerRTSLock                                            
00003139  BIOS_removeRTSLock                                              
20002514  BIOS_rtsGate                                                    
000033c1  BIOS_rtsLock                                                    
00003481  BIOS_rtsUnlock                                                  
000036f9  BIOS_start                                                      
000020e1  BIOS_startFunc                                                  
00003541  Board_init                                                      
00002093  Board_initHook                                                  
00001f01  Board_sendExtFlashByte                                          
00001f55  Board_shutDownExtFlash                                          
00002d15  Board_wakeUpExtFlash                                            
00003848  C$$EXIT                                                         
00003795  ClockP_Params_init                                              
00002d45  ClockP_construct                                                
00003819  ClockP_getSystemTickPeriod                                      
0000381d  ClockP_start                                                    
000037dd  ClockP_stop                                                     
00003b60  GPIO_config                                                     
00003499  GPIO_disableInt                                                 
00002401  GPIO_hwiIntFxn                                                  
00000669  GPIO_init                                                       
00003a71  GPIO_pinLowerBound                                              
00003abe  GPIO_pinUpperBound                                              
00002761  GPIO_resetConfig                                                
000037e3  GPIO_setConfig                                                  
00001521  GPIO_setConfigAndMux                                            
0000356d  GPIO_toggle                                                     
000035f5  GPIO_write                                                      
00002000  HEAPSIZE                                                        
00003605  HwiP_Params_init                                                
0000279d  HwiP_construct                                                  
00003705  HwiP_disable                                                    
000037e9  HwiP_restore                                                    
UNDEFED   ITM_flush                                                       
UNDEFED   ITM_restore                                                     
000029b9  NOROM_AUXSYSIFOpModeChange                                      
000037b3  NOROM_CPUcpsid                                                  
000037bb  NOROM_CPUcpsie                                                  
000037ef  NOROM_CPUdelay                                                  
00001c65  NOROM_OSCHF_AttemptToSwitchToXosc                               
000029f1  NOROM_OSCHF_SwitchToRcOscTurnOffXosc                            
0000315d  NOROM_OSCHF_TurnOnXosc                                          
000027d9  NOROM_OSC_HPOSCRelativeFrequencyOffsetGet                       
00002445  NOROM_PRCMPowerDomainsAllOff                                    
00002489  NOROM_PRCMPowerDomainsAllOn                                     
00000cb9  NOROM_SetupTrimDevice                                           
00002a29  NOROM_SysCtrlIdle                                               
0000076d  NOROM_SysCtrlStandby                                            
000032a1  NOROM_ThisLibraryIsFor_CC13x1_CC26x1_HaltIfViolated             
00002621  PowerCC26X2_RCOSC_clockFunc                                     
0000003d  PowerCC26X2_auxISR                                              
0000055d  PowerCC26X2_calibrate                                           
00003b38  PowerCC26X2_config                                              
000032c1  PowerCC26X2_disableTCXOQual                                     
000032e1  PowerCC26X2_enableTCXOQual                                      
00001cc9  PowerCC26X2_initiateCalibration                                 
200025d0  PowerCC26X2_module                                              
00003711  PowerCC26X2_oscClockSourceGet                                   
00003615  PowerCC26X2_oscCtlClearXtal                                     
00002a99  PowerCC26X2_oscDisableQualifiers                                
00003821  PowerCC26X2_oschfSwitchToRcosc                                  
000037c3  PowerCC26X2_oschfTrySwitchToXosc                                
00003625  PowerCC26X2_prcmEnableCacheRetention                            
00003635  PowerCC26X2_readCtrim                                           
00003645  PowerCC26X2_readCtrimFract                                      
00003655  PowerCC26X2_readRtrim                                           
00002661  PowerCC26X2_setAclkRefSrc                                       
0000371d  PowerCC26X2_setPeriphDeepSleepEnable                            
00002b41  PowerCC26X2_setSubSecIncToXoscLf                                
00002815  PowerCC26X2_setTdcClkSrc24M                                     
00003665  PowerCC26X2_switchToTCXO                                        
00003729  PowerCC26X2_sysCtrlGetResetSource                               
00003825  PowerCC26X2_sysCtrlIdle                                         
0000379f  PowerCC26X2_sysCtrlStandby                                      
00003735  PowerCC26X2_sysCtrlUpdateVoltageRegulator                       
00003829  PowerCC26X2_turnOnXosc                                          
0000179d  PowerCC26X2_updateSubSecInc                                     
00003181  PowerCC26X2_writeCtrim                                          
000031a5  PowerCC26X2_writeCtrimFract                                     
000031c9  PowerCC26X2_writeCtrimFractEn                                   
000031ed  PowerCC26X2_writeRtrim                                          
000034b1  PowerCC26XX_calibrate                                           
00002ec5  PowerCC26XX_schedulerDisable                                    
00003301  PowerCC26XX_schedulerRestore                                    
00001095  PowerCC26XX_standbyPolicy                                       
200025bc  PowerCC26XX_swiKey                                              
200025c0  PowerCC26XX_taskKey                                             
00003741  Power_getConstraintMask                                         
000033dd  Power_getTransitionLatency                                      
000034c9  Power_idleFunc                                                  
00000445  Power_init                                                      
00002b75  Power_releaseConstraint                                         
000012a9  Power_releaseDependency                                         
00002d75  Power_setConstraint                                             
00001149  Power_setDependency                                             
000001d1  Power_sleep                                                     
0000382d  ResetISR                                                        
000035e3  TI_memcpy_small                                                 
000036cf  TI_memset_small                                                 
00003ba4  TimestampP_nativeFormat32                                       
00003ba8  TimestampP_nativeFormat64                                       
20008000  __STACK_END                                                     
00000400  __STACK_SIZE                                                    
00000000  __TI_ATRegion0_region_sz                                        
00000000  __TI_ATRegion0_src_addr                                         
00000000  __TI_ATRegion0_trg_addr                                         
00000000  __TI_ATRegion1_region_sz                                        
00000000  __TI_ATRegion1_src_addr                                         
00000000  __TI_ATRegion1_trg_addr                                         
00000000  __TI_ATRegion2_region_sz                                        
00000000  __TI_ATRegion2_src_addr                                         
00000000  __TI_ATRegion2_trg_addr                                         
00003c7c  __TI_CINIT_Base                                                 
00003c94  __TI_CINIT_Limit                                                
00003c94  __TI_CINIT_Warm                                                 
00003c60  __TI_Handler_Table_Base                                         
00003c6c  __TI_Handler_Table_Limit                                        
00002b09  __TI_auto_init_nobinit_nopinit                                  
000018f9  __TI_decompress_lzss                                            
000036dd  __TI_decompress_none                                            
ffffffff  __TI_pprof_out_hndl                                             
ffffffff  __TI_prof_data_size                                             
ffffffff  __TI_prof_data_start                                            
00000000  __TI_static_base__                                              
00003695  __TI_zero_init                                                  
00002d13  __aeabi_ldiv0                                                   
000037cd  __aeabi_memclr                                                  
000037cd  __aeabi_memclr4                                                 
000037cd  __aeabi_memclr8                                                 
00003831  __aeabi_memcpy                                                  
00003831  __aeabi_memcpy4                                                 
00003831  __aeabi_memcpy8                                                 
000037a9  __aeabi_memset                                                  
000037a9  __aeabi_memset4                                                 
000037a9  __aeabi_memset8                                                 
00003581  __aeabi_uldivmod                                                
ffffffff  __binit__                                                       
00003bb0  __c_args__                                                      
00057fa8  __ccfg                                                          
UNDEFED   __mpu_init                                                      
20002000  __primary_heap_end__                                            
20000000  __primary_heap_start__                                          
20007c00  __stack                                                         
20000000  __start___llvm_prf_bits                                         
20000000  __start___llvm_prf_cnts                                         
20000000  __stop___llvm_prf_bits                                          
20000000  __stop___llvm_prf_cnts                                          
000011f9  __udivmoddi4                                                    
00003595  _args_main                                                      
0000327d  _c_int00                                                        
20002958  _hposcCoeffs                                                    
20002984  _lock                                                           
000033bf  _nop                                                            
00002ba9  _pthread_cleanupFxn                                             
000016ad  _pthread_removeThreadKeys                                       
0000374d  _register_lock                                                  
00003759  _register_unlock                                                
00003835  _system_post_cinit                                              
00003839  _system_pre_init                                                
20002988  _unlock                                                         
00003849  abort                                                           
ffffffff  binit                                                           
200022d8  gpioCallbackFunctions                                           
20002744  gpioPinConfigs                                                  
20002354  gpioUserArgs                                                    
00001ea9  main                                                            
000037f5  mainThread                                                      
000034e1  pthread_attr_init                                               
00003765  pthread_attr_setdetachstate                                     
000035a9  pthread_attr_setschedparam                                      
000037fb  pthread_attr_setstacksize                                       
00000be5  pthread_create                                                  
00001e4d  pthread_exit                                                    
00003a72  resourceDB                                                      
00002f1d  sleep                                                           
00002dd5  testGPIO                                                        
20002850  ti_sysbios_family_arm_cc26xx_Timer_Module_state                 
00000329  ti_sysbios_family_arm_cc26xx_Timer_construct                    
00003675  ti_sysbios_family_arm_cc26xx_Timer_dynamicStub                  
00002851  ti_sysbios_family_arm_cc26xx_Timer_periodicStub                 
00002fcd  ti_sysbios_family_arm_cc26xx_Timer_setNextTick                  
00002bdd  ti_sysbios_family_arm_cc26xx_Timer_setThreshold                 
000021c5  ti_sysbios_family_arm_cc26xx_Timer_start                        
200025c4  ti_sysbios_family_arm_cc26xx_TimestampProvider_Module_state     
0000196d  ti_sysbios_family_arm_m3_Hwi_Instance_init                      
200027ec  ti_sysbios_family_arm_m3_Hwi_Module_state                       
00003211  ti_sysbios_family_arm_m3_Hwi_construct                          
000024cd  ti_sysbios_family_arm_m3_Hwi_construct2                         
00002511  ti_sysbios_family_arm_m3_Hwi_disableInterrupt                   
0000085d  ti_sysbios_family_arm_m3_Hwi_dispatch                           
00001b29  ti_sysbios_family_arm_m3_Hwi_dispatchC                          
20002200  ti_sysbios_family_arm_m3_Hwi_dispatchTable                      
00003801  ti_sysbios_family_arm_m3_Hwi_doSwiRestore                       
00003807  ti_sysbios_family_arm_m3_Hwi_doTaskRestore                      
00002555  ti_sysbios_family_arm_m3_Hwi_enableInterrupt                    
00000b0d  ti_sysbios_family_arm_m3_Hwi_excFillContext                     
00003685  ti_sysbios_family_arm_m3_Hwi_excHandler                         
00003049  ti_sysbios_family_arm_m3_Hwi_excHandlerAsm                      
00002e05  ti_sysbios_family_arm_m3_Hwi_excHandlerMin                      
00002c11  ti_sysbios_family_arm_m3_Hwi_getStackInfo                       
00002c45  ti_sysbios_family_arm_m3_Hwi_init                               
00001811  ti_sysbios_family_arm_m3_Hwi_initNVIC                           
00003321  ti_sysbios_family_arm_m3_Hwi_initStack                          
0000220d  ti_sysbios_family_arm_m3_Hwi_initStacks                         
00000910  ti_sysbios_family_arm_m3_Hwi_interruptsAreDisabledButShouldNotBe
00000915  ti_sysbios_family_arm_m3_Hwi_pendSV                             
00001631  ti_sysbios_family_arm_m3_Hwi_postInit                           
20002a00  ti_sysbios_family_arm_m3_Hwi_ramVectors                         
00000000  ti_sysbios_family_arm_m3_Hwi_resetVectors                       
0000092c  ti_sysbios_family_arm_m3_Hwi_return                             
00003bac  ti_sysbios_family_arm_m3_Hwi_swiTaskKeyAddress                  
000033a1  ti_sysbios_family_arm_m3_Hwi_switchAndRunFunc                   
000035bd  ti_sysbios_family_arm_m3_Hwi_switchFromBootStack                
00003071  ti_sysbios_gates_GateMutex_Instance_init                        
20002968  ti_sysbios_gates_GateMutex_Module_state                         
00002f49  ti_sysbios_gates_GateMutex_enter                                
000036c1  ti_sysbios_gates_GateMutex_leave                                
00002255  ti_sysbios_heaps_HeapMem_Instance_init                          
20002970  ti_sysbios_heaps_HeapMem_Module_state                           
0000229d  ti_sysbios_heaps_HeapMem_alloc                                  
000019dd  ti_sysbios_heaps_HeapMem_allocUnprotected                       
0000288d  ti_sysbios_heaps_HeapMem_construct                              
00002e35  ti_sysbios_heaps_HeapMem_free                                   
00002045  ti_sysbios_heaps_HeapMem_freeUnprotected                        
2000253c  ti_sysbios_heaps_HeapMem_gate                                   
000026a1  ti_sysbios_heaps_HeapMem_getStats                               
00003771  ti_sysbios_heaps_HeapMem_init                                   
00003845  ti_sysbios_heaps_HeapMem_isBlocking                             
000028c9  ti_sysbios_knl_ClockSupport_init                                
0000377d  ti_sysbios_knl_ClockSupport_setNextTick                         
200023d0  ti_sysbios_knl_ClockSupport_timerStruct                         
00002c79  ti_sysbios_knl_Clock_Instance_init                              
20002890  ti_sysbios_knl_Clock_Module_state                               
00002f75  ti_sysbios_knl_Clock_getTicks                                   
000026e1  ti_sysbios_knl_Clock_getTicksUntilInterrupt                     
000015b1  ti_sysbios_knl_Clock_init                                       
000034f9  ti_sysbios_knl_Clock_scheduleNextTick                           
00003557  ti_sysbios_knl_Clock_start                                      
000013f9  ti_sysbios_knl_Clock_startI                                     
00003789  ti_sysbios_knl_Clock_tick                                       
00001d2d  ti_sysbios_knl_Clock_walkQueueDynamic                           
00000e59  ti_sysbios_knl_Clock_workFuncDynamic                            
00003b9c  ti_sysbios_knl_Idle_funcList                                    
00001b95  ti_sysbios_knl_Idle_init                                        
2000282b  ti_sysbios_knl_Idle_initDone                                    
0000380d  ti_sysbios_knl_Idle_loop                                        
000033f9  ti_sysbios_knl_Idle_run                                         
20002000  ti_sysbios_knl_Idle_taskStack                                   
20002430  ti_sysbios_knl_Idle_taskStruct                                  
00003415  ti_sysbios_knl_Queue_put                                        
00003099  ti_sysbios_knl_Semaphore_Instance_init                          
20002978  ti_sysbios_knl_Semaphore_Module_state                           
00003235  ti_sysbios_knl_Semaphore_destruct                               
00000949  ti_sysbios_knl_Semaphore_pend                                   
00002ce1  ti_sysbios_knl_Semaphore_pendTimeout                            
00001d8d  ti_sysbios_knl_Semaphore_post                                   
00002179  ti_sysbios_knl_Swi_Instance_init                                
20002868  ti_sysbios_knl_Swi_Module_state                                 
000030c1  ti_sysbios_knl_Swi_init                                         
00001fa5  ti_sysbios_knl_Swi_post                                         
20002488  ti_sysbios_knl_Swi_readyQs                                      
00002599  ti_sysbios_knl_Swi_restore                                      
00001885  ti_sysbios_knl_Swi_restoreHwi                                   
00001bfd  ti_sysbios_knl_Swi_run                                          
00001ff5  ti_sysbios_knl_Swi_runLoop                                      
00001ded  ti_sysbios_knl_Swi_schedule                                     
00003813  ti_sysbios_knl_Swi_startup                                      
00003511  ti_sysbios_knl_TaskSupport_glue                                 
000022e5  ti_sysbios_knl_TaskSupport_start                                
00003341  ti_sysbios_knl_TaskSupport_swap                                 
00003348  ti_sysbios_knl_TaskSupport_swapReturn                           
00000f25  ti_sysbios_knl_Task_Instance_finalize                           
00001355  ti_sysbios_knl_Task_Instance_init                               
200028f8  ti_sysbios_knl_Task_Module_state                                
00002ff7  ti_sysbios_knl_Task_allBlockedFunction                          
00002905  ti_sysbios_knl_Task_blockI                                      
000030e9  ti_sysbios_knl_Task_construct                                   
000025dd  ti_sysbios_knl_Task_create                                      
200025c8  ti_sysbios_knl_Task_defaultStackHeap                            
00003361  ti_sysbios_knl_Task_delete                                      
00003381  ti_sysbios_knl_Task_destruct                                    
00003259  ti_sysbios_knl_Task_enter                                       
00002721  ti_sysbios_knl_Task_exit                                        
00003111  ti_sysbios_knl_Task_init                                        
00001725  ti_sysbios_knl_Task_postInit                                    
00002ad1  ti_sysbios_knl_Task_processVitalTaskFlag                        
200024b8  ti_sysbios_knl_Task_readyQs                                     
00002941  ti_sysbios_knl_Task_restore                                     
00002fa1  ti_sysbios_knl_Task_restoreHwi                                  
0000232d  ti_sysbios_knl_Task_schedule                                    
00000fdd  ti_sysbios_knl_Task_setPri                                      
0000148d  ti_sysbios_knl_Task_sleep                                       
0000344d  ti_sysbios_knl_Task_sleepTimeout                                
00001a4d  ti_sysbios_knl_Task_startup                                     
00003529  ti_sysbios_knl_Task_unblock                                     
00002cad  ti_sysbios_knl_Task_unblockI                                    
20002844  ti_sysbios_runtime_Error_ignore                                 
00003431  ti_sysbios_runtime_Error_raiseX                                 
0000297d  ti_sysbios_runtime_Memory_alloc                                 
2000282c  ti_sysbios_runtime_Memory_defaultHeapInstance                   
20002828  ti_sysbios_runtime_Startup_done                                 
00002375  ti_sysbios_runtime_Startup_exec                                 
2000285c  ti_sysbios_runtime_System_Module_state                          
00002e65  ti_sysbios_runtime_System_atexit                                
20002564  ti_sysbios_runtime_System_atexitHandlers                        
000037d5  ti_sysbios_runtime_System_exit                                  
000036eb  ti_sysbios_runtime_System_exitSpin                              
00002e95  ti_sysbios_runtime_System_processAtExit                         


GLOBAL SYMBOLS: SORTED BY Symbol Address 

address   name                                                            
-------   ----                                                            
00000000  __TI_ATRegion0_region_sz                                        
00000000  __TI_ATRegion0_src_addr                                         
00000000  __TI_ATRegion0_trg_addr                                         
00000000  __TI_ATRegion1_region_sz                                        
00000000  __TI_ATRegion1_src_addr                                         
00000000  __TI_ATRegion1_trg_addr                                         
00000000  __TI_ATRegion2_region_sz                                        
00000000  __TI_ATRegion2_src_addr                                         
00000000  __TI_ATRegion2_trg_addr                                         
00000000  __TI_static_base__                                              
00000000  ti_sysbios_family_arm_m3_Hwi_resetVectors                       
0000003d  PowerCC26X2_auxISR                                              
000001d1  Power_sleep                                                     
00000329  ti_sysbios_family_arm_cc26xx_Timer_construct                    
00000400  __STACK_SIZE                                                    
00000445  Power_init                                                      
0000055d  PowerCC26X2_calibrate                                           
00000669  GPIO_init                                                       
0000076d  NOROM_SysCtrlStandby                                            
0000085d  ti_sysbios_family_arm_m3_Hwi_dispatch                           
00000910  ti_sysbios_family_arm_m3_Hwi_interruptsAreDisabledButShouldNotBe
00000915  ti_sysbios_family_arm_m3_Hwi_pendSV                             
0000092c  ti_sysbios_family_arm_m3_Hwi_return                             
00000949  ti_sysbios_knl_Semaphore_pend                                   
00000b0d  ti_sysbios_family_arm_m3_Hwi_excFillContext                     
00000be5  pthread_create                                                  
00000cb9  NOROM_SetupTrimDevice                                           
00000e59  ti_sysbios_knl_Clock_workFuncDynamic                            
00000f25  ti_sysbios_knl_Task_Instance_finalize                           
00000fdd  ti_sysbios_knl_Task_setPri                                      
00001095  PowerCC26XX_standbyPolicy                                       
00001149  Power_setDependency                                             
000011f9  __udivmoddi4                                                    
000012a9  Power_releaseDependency                                         
00001355  ti_sysbios_knl_Task_Instance_init                               
000013f9  ti_sysbios_knl_Clock_startI                                     
0000148d  ti_sysbios_knl_Task_sleep                                       
00001521  GPIO_setConfigAndMux                                            
000015b1  ti_sysbios_knl_Clock_init                                       
00001631  ti_sysbios_family_arm_m3_Hwi_postInit                           
000016ad  _pthread_removeThreadKeys                                       
00001725  ti_sysbios_knl_Task_postInit                                    
0000179d  PowerCC26X2_updateSubSecInc                                     
00001811  ti_sysbios_family_arm_m3_Hwi_initNVIC                           
00001885  ti_sysbios_knl_Swi_restoreHwi                                   
000018f9  __TI_decompress_lzss                                            
0000196d  ti_sysbios_family_arm_m3_Hwi_Instance_init                      
000019dd  ti_sysbios_heaps_HeapMem_allocUnprotected                       
00001a4d  ti_sysbios_knl_Task_startup                                     
00001b29  ti_sysbios_family_arm_m3_Hwi_dispatchC                          
00001b95  ti_sysbios_knl_Idle_init                                        
00001bfd  ti_sysbios_knl_Swi_run                                          
00001c65  NOROM_OSCHF_AttemptToSwitchToXosc                               
00001cc9  PowerCC26X2_initiateCalibration                                 
00001d2d  ti_sysbios_knl_Clock_walkQueueDynamic                           
00001d8d  ti_sysbios_knl_Semaphore_post                                   
00001ded  ti_sysbios_knl_Swi_schedule                                     
00001e4d  pthread_exit                                                    
00001ea9  main                                                            
00001f01  Board_sendExtFlashByte                                          
00001f53  BIOS_nullFunc                                                   
00001f55  Board_shutDownExtFlash                                          
00001fa5  ti_sysbios_knl_Swi_post                                         
00001ff5  ti_sysbios_knl_Swi_runLoop                                      
00002000  HEAPSIZE                                                        
00002045  ti_sysbios_heaps_HeapMem_freeUnprotected                        
00002093  Board_initHook                                                  
00002095  BIOS_init                                                       
000020e1  BIOS_startFunc                                                  
00002179  ti_sysbios_knl_Swi_Instance_init                                
000021c5  ti_sysbios_family_arm_cc26xx_Timer_start                        
0000220d  ti_sysbios_family_arm_m3_Hwi_initStacks                         
00002255  ti_sysbios_heaps_HeapMem_Instance_init                          
0000229d  ti_sysbios_heaps_HeapMem_alloc                                  
000022e5  ti_sysbios_knl_TaskSupport_start                                
0000232d  ti_sysbios_knl_Task_schedule                                    
00002375  ti_sysbios_runtime_Startup_exec                                 
000023bd  BIOS_atExitFunc                                                 
00002401  GPIO_hwiIntFxn                                                  
00002445  NOROM_PRCMPowerDomainsAllOff                                    
00002489  NOROM_PRCMPowerDomainsAllOn                                     
000024cd  ti_sysbios_family_arm_m3_Hwi_construct2                         
00002511  ti_sysbios_family_arm_m3_Hwi_disableInterrupt                   
00002555  ti_sysbios_family_arm_m3_Hwi_enableInterrupt                    
00002599  ti_sysbios_knl_Swi_restore                                      
000025dd  ti_sysbios_knl_Task_create                                      
00002621  PowerCC26X2_RCOSC_clockFunc                                     
00002661  PowerCC26X2_setAclkRefSrc                                       
000026a1  ti_sysbios_heaps_HeapMem_getStats                               
000026e1  ti_sysbios_knl_Clock_getTicksUntilInterrupt                     
00002721  ti_sysbios_knl_Task_exit                                        
00002761  GPIO_resetConfig                                                
0000279d  HwiP_construct                                                  
000027d9  NOROM_OSC_HPOSCRelativeFrequencyOffsetGet                       
00002815  PowerCC26X2_setTdcClkSrc24M                                     
00002851  ti_sysbios_family_arm_cc26xx_Timer_periodicStub                 
0000288d  ti_sysbios_heaps_HeapMem_construct                              
000028c9  ti_sysbios_knl_ClockSupport_init                                
00002905  ti_sysbios_knl_Task_blockI                                      
00002941  ti_sysbios_knl_Task_restore                                     
0000297d  ti_sysbios_runtime_Memory_alloc                                 
000029b9  NOROM_AUXSYSIFOpModeChange                                      
000029f1  NOROM_OSCHF_SwitchToRcOscTurnOffXosc                            
00002a29  NOROM_SysCtrlIdle                                               
00002a99  PowerCC26X2_oscDisableQualifiers                                
00002ad1  ti_sysbios_knl_Task_processVitalTaskFlag                        
00002b09  __TI_auto_init_nobinit_nopinit                                  
00002b41  PowerCC26X2_setSubSecIncToXoscLf                                
00002b75  Power_releaseConstraint                                         
00002ba9  _pthread_cleanupFxn                                             
00002bdd  ti_sysbios_family_arm_cc26xx_Timer_setThreshold                 
00002c11  ti_sysbios_family_arm_m3_Hwi_getStackInfo                       
00002c45  ti_sysbios_family_arm_m3_Hwi_init                               
00002c79  ti_sysbios_knl_Clock_Instance_init                              
00002cad  ti_sysbios_knl_Task_unblockI                                    
00002ce1  ti_sysbios_knl_Semaphore_pendTimeout                            
00002d13  __aeabi_ldiv0                                                   
00002d15  Board_wakeUpExtFlash                                            
00002d45  ClockP_construct                                                
00002d75  Power_setConstraint                                             
00002dd5  testGPIO                                                        
00002e05  ti_sysbios_family_arm_m3_Hwi_excHandlerMin                      
00002e35  ti_sysbios_heaps_HeapMem_free                                   
00002e65  ti_sysbios_runtime_System_atexit                                
00002e95  ti_sysbios_runtime_System_processAtExit                         
00002ec5  PowerCC26XX_schedulerDisable                                    
00002f1d  sleep                                                           
00002f49  ti_sysbios_gates_GateMutex_enter                                
00002f75  ti_sysbios_knl_Clock_getTicks                                   
00002fa1  ti_sysbios_knl_Task_restoreHwi                                  
00002fcd  ti_sysbios_family_arm_cc26xx_Timer_setNextTick                  
00002ff7  ti_sysbios_knl_Task_allBlockedFunction                          
00003021  BIOS_registerRTSLock                                            
00003049  ti_sysbios_family_arm_m3_Hwi_excHandlerAsm                      
00003071  ti_sysbios_gates_GateMutex_Instance_init                        
00003099  ti_sysbios_knl_Semaphore_Instance_init                          
000030c1  ti_sysbios_knl_Swi_init                                         
000030e9  ti_sysbios_knl_Task_construct                                   
00003111  ti_sysbios_knl_Task_init                                        
00003139  BIOS_removeRTSLock                                              
0000315d  NOROM_OSCHF_TurnOnXosc                                          
00003181  PowerCC26X2_writeCtrim                                          
000031a5  PowerCC26X2_writeCtrimFract                                     
000031c9  PowerCC26X2_writeCtrimFractEn                                   
000031ed  PowerCC26X2_writeRtrim                                          
00003211  ti_sysbios_family_arm_m3_Hwi_construct                          
00003235  ti_sysbios_knl_Semaphore_destruct                               
00003259  ti_sysbios_knl_Task_enter                                       
0000327d  _c_int00                                                        
000032a1  NOROM_ThisLibraryIsFor_CC13x1_CC26x1_HaltIfViolated             
000032c1  PowerCC26X2_disableTCXOQual                                     
000032e1  PowerCC26X2_enableTCXOQual                                      
00003301  PowerCC26XX_schedulerRestore                                    
00003321  ti_sysbios_family_arm_m3_Hwi_initStack                          
00003341  ti_sysbios_knl_TaskSupport_swap                                 
00003348  ti_sysbios_knl_TaskSupport_swapReturn                           
00003361  ti_sysbios_knl_Task_delete                                      
00003381  ti_sysbios_knl_Task_destruct                                    
000033a1  ti_sysbios_family_arm_m3_Hwi_switchAndRunFunc                   
000033bf  _nop                                                            
000033c1  BIOS_rtsLock                                                    
000033dd  Power_getTransitionLatency                                      
000033f9  ti_sysbios_knl_Idle_run                                         
00003415  ti_sysbios_knl_Queue_put                                        
00003431  ti_sysbios_runtime_Error_raiseX                                 
0000344d  ti_sysbios_knl_Task_sleepTimeout                                
00003469  BIOS_exitFunc                                                   
00003481  BIOS_rtsUnlock                                                  
00003499  GPIO_disableInt                                                 
000034b1  PowerCC26XX_calibrate                                           
000034c9  Power_idleFunc                                                  
000034e1  pthread_attr_init                                               
000034f9  ti_sysbios_knl_Clock_scheduleNextTick                           
00003511  ti_sysbios_knl_TaskSupport_glue                                 
00003529  ti_sysbios_knl_Task_unblock                                     
00003541  Board_init                                                      
00003557  ti_sysbios_knl_Clock_start                                      
0000356d  GPIO_toggle                                                     
00003581  __aeabi_uldivmod                                                
00003595  _args_main                                                      
000035a9  pthread_attr_setschedparam                                      
000035bd  ti_sysbios_family_arm_m3_Hwi_switchFromBootStack                
000035e3  TI_memcpy_small                                                 
000035f5  GPIO_write                                                      
00003605  HwiP_Params_init                                                
00003615  PowerCC26X2_oscCtlClearXtal                                     
00003625  PowerCC26X2_prcmEnableCacheRetention                            
00003635  PowerCC26X2_readCtrim                                           
00003645  PowerCC26X2_readCtrimFract                                      
00003655  PowerCC26X2_readRtrim                                           
00003665  PowerCC26X2_switchToTCXO                                        
00003675  ti_sysbios_family_arm_cc26xx_Timer_dynamicStub                  
00003685  ti_sysbios_family_arm_m3_Hwi_excHandler                         
00003695  __TI_zero_init                                                  
000036c1  ti_sysbios_gates_GateMutex_leave                                
000036cf  TI_memset_small                                                 
000036dd  __TI_decompress_none                                            
000036eb  ti_sysbios_runtime_System_exitSpin                              
000036ed  BIOS_linkedWithIncorrectBootLibrary                             
000036f9  BIOS_start                                                      
00003705  HwiP_disable                                                    
00003711  PowerCC26X2_oscClockSourceGet                                   
0000371d  PowerCC26X2_setPeriphDeepSleepEnable                            
00003729  PowerCC26X2_sysCtrlGetResetSource                               
00003735  PowerCC26X2_sysCtrlUpdateVoltageRegulator                       
00003741  Power_getConstraintMask                                         
0000374d  _register_lock                                                  
00003759  _register_unlock                                                
00003765  pthread_attr_setdetachstate                                     
00003771  ti_sysbios_heaps_HeapMem_init                                   
0000377d  ti_sysbios_knl_ClockSupport_setNextTick                         
00003789  ti_sysbios_knl_Clock_tick                                       
00003795  ClockP_Params_init                                              
0000379f  PowerCC26X2_sysCtrlStandby                                      
000037a9  __aeabi_memset                                                  
000037a9  __aeabi_memset4                                                 
000037a9  __aeabi_memset8                                                 
000037b3  NOROM_CPUcpsid                                                  
000037bb  NOROM_CPUcpsie                                                  
000037c3  PowerCC26X2_oschfTrySwitchToXosc                                
000037cd  __aeabi_memclr                                                  
000037cd  __aeabi_memclr4                                                 
000037cd  __aeabi_memclr8                                                 
000037d5  ti_sysbios_runtime_System_exit                                  
000037dd  ClockP_stop                                                     
000037e3  GPIO_setConfig                                                  
000037e9  HwiP_restore                                                    
000037ef  NOROM_CPUdelay                                                  
000037f5  mainThread                                                      
000037fb  pthread_attr_setstacksize                                       
00003801  ti_sysbios_family_arm_m3_Hwi_doSwiRestore                       
00003807  ti_sysbios_family_arm_m3_Hwi_doTaskRestore                      
0000380d  ti_sysbios_knl_Idle_loop                                        
00003813  ti_sysbios_knl_Swi_startup                                      
00003819  ClockP_getSystemTickPeriod                                      
0000381d  ClockP_start                                                    
00003821  PowerCC26X2_oschfSwitchToRcosc                                  
00003825  PowerCC26X2_sysCtrlIdle                                         
00003829  PowerCC26X2_turnOnXosc                                          
0000382d  ResetISR                                                        
00003831  __aeabi_memcpy                                                  
00003831  __aeabi_memcpy4                                                 
00003831  __aeabi_memcpy8                                                 
00003835  _system_post_cinit                                              
00003839  _system_pre_init                                                
00003845  ti_sysbios_heaps_HeapMem_isBlocking                             
00003848  C$$EXIT                                                         
00003849  abort                                                           
00003a71  GPIO_pinLowerBound                                              
00003a72  resourceDB                                                      
00003abe  GPIO_pinUpperBound                                              
00003b38  PowerCC26X2_config                                              
00003b60  GPIO_config                                                     
00003b9c  ti_sysbios_knl_Idle_funcList                                    
00003ba4  TimestampP_nativeFormat32                                       
00003ba8  TimestampP_nativeFormat64                                       
00003bac  ti_sysbios_family_arm_m3_Hwi_swiTaskKeyAddress                  
00003bb0  __c_args__                                                      
00003c60  __TI_Handler_Table_Base                                         
00003c6c  __TI_Handler_Table_Limit                                        
00003c7c  __TI_CINIT_Base                                                 
00003c94  __TI_CINIT_Limit                                                
00003c94  __TI_CINIT_Warm                                                 
00057fa8  __ccfg                                                          
20000000  __primary_heap_start__                                          
20000000  __start___llvm_prf_bits                                         
20000000  __start___llvm_prf_cnts                                         
20000000  __stop___llvm_prf_bits                                          
20000000  __stop___llvm_prf_cnts                                          
20002000  __primary_heap_end__                                            
20002000  ti_sysbios_knl_Idle_taskStack                                   
20002200  ti_sysbios_family_arm_m3_Hwi_dispatchTable                      
200022d8  gpioCallbackFunctions                                           
20002354  gpioUserArgs                                                    
200023d0  ti_sysbios_knl_ClockSupport_timerStruct                         
20002430  ti_sysbios_knl_Idle_taskStruct                                  
20002488  ti_sysbios_knl_Swi_readyQs                                      
200024b8  ti_sysbios_knl_Task_readyQs                                     
200024e8  BIOS_heapMemObject                                              
20002514  BIOS_rtsGate                                                    
2000253c  ti_sysbios_heaps_HeapMem_gate                                   
20002564  ti_sysbios_runtime_System_atexitHandlers                        
200025bc  PowerCC26XX_swiKey                                              
200025c0  PowerCC26XX_taskKey                                             
200025c4  ti_sysbios_family_arm_cc26xx_TimestampProvider_Module_state     
200025c8  ti_sysbios_knl_Task_defaultStackHeap                            
200025d0  PowerCC26X2_module                                              
20002744  gpioPinConfigs                                                  
200027c0  BIOS_Module_state                                               
200027ec  ti_sysbios_family_arm_m3_Hwi_Module_state                       
20002828  ti_sysbios_runtime_Startup_done                                 
2000282b  ti_sysbios_knl_Idle_initDone                                    
2000282c  ti_sysbios_runtime_Memory_defaultHeapInstance                   
20002844  ti_sysbios_runtime_Error_ignore                                 
20002850  ti_sysbios_family_arm_cc26xx_Timer_Module_state                 
2000285c  ti_sysbios_runtime_System_Module_state                          
20002868  ti_sysbios_knl_Swi_Module_state                                 
20002890  ti_sysbios_knl_Clock_Module_state                               
200028f8  ti_sysbios_knl_Task_Module_state                                
20002958  _hposcCoeffs                                                    
20002968  ti_sysbios_gates_GateMutex_Module_state                         
20002970  ti_sysbios_heaps_HeapMem_Module_state                           
20002978  ti_sysbios_knl_Semaphore_Module_state                           
20002984  _lock                                                           
20002988  _unlock                                                         
20002a00  ti_sysbios_family_arm_m3_Hwi_ramVectors                         
20007c00  __stack                                                         
20008000  __STACK_END                                                     
ffffffff  __TI_pprof_out_hndl                                             
ffffffff  __TI_prof_data_size                                             
ffffffff  __TI_prof_data_start                                            
ffffffff  __binit__                                                       
ffffffff  binit                                                           
UNDEFED   ITM_flush                                                       
UNDEFED   ITM_restore                                                     
UNDEFED   __mpu_init                                                      

[316 symbols]
