<?xml version="1.0" encoding="ISO-8859-1" ?>
<link_info>
   <banner>TI ARM Clang Linker PC v4.0.0.LTS</banner>
   <copyright>Copyright (c) 1996-2018 Texas Instruments Incorporated</copyright>
   <command_line>C:\ti\ccstheia151\ccs\tools\compiler\ti-cgt-armllvm_4.0.0.LTS\bin\tiarmlnk -IC:\ti\ccstheia151\ccs\tools\compiler\ti-cgt-armllvm_4.0.0.LTS\lib -o Monitor-Belt.out -mMonitor-Belt.map -iC:/ti/simplelink_cc13xx_cc26xx_sdk_7_41_00_17/source -iC:/ti/simplelink_cc13xx_cc26xx_sdk_7_41_00_17/kernel/tirtos7/packages -iC:/Users/byork/workspace_ccstheia/Monitor-Belt/Debug/syscfg -iC:/ti/ccstheia151/ccs/tools/compiler/ti-cgt-armllvm_4.0.0.LTS/lib --diag_wrap=off --display_error_number --warn_sections --xml_link_info=Monitor-Belt_linkInfo.xml --rom_model ./main.o ./syscfg/ti_devices_config.o ./syscfg/ti_drivers_config.o ./syscfg/ti_sysbios_config.o ./main_tirtos.o ../cc13x1_cc26x1_tirtos7.cmd -lti_utils_build_linker.cmd.genlibs -llibc.a --start-group -llibc++.a -llibc++abi.a -llibc.a -llibsys.a -llibsysbm.a -llibclang_rt.builtins.a -llibclang_rt.profile.a --end-group --cg_opt_level=z</command_line>
   <link_time>0x673422a7</link_time>
   <link_errors>0x0</link_errors>
   <output_file>C:\Users\byork\workspace_ccstheia\Monitor-Belt\Debug\Monitor-Belt.out</output_file>
   <entry_point>
      <name>ResetISR</name>
      <address>0x382d</address>
   </entry_point>
   <input_file_list>
      <input_file id="fl-1">
         <path>C:\Users\byork\workspace_ccstheia\Monitor-Belt\Debug\.\</path>
         <kind>object</kind>
         <file>main.o</file>
         <name>main.o</name>
      </input_file>
      <input_file id="fl-2">
         <path>C:\Users\byork\workspace_ccstheia\Monitor-Belt\Debug\.\syscfg\</path>
         <kind>object</kind>
         <file>ti_devices_config.o</file>
         <name>ti_devices_config.o</name>
      </input_file>
      <input_file id="fl-3">
         <path>C:\Users\byork\workspace_ccstheia\Monitor-Belt\Debug\.\syscfg\</path>
         <kind>object</kind>
         <file>ti_drivers_config.o</file>
         <name>ti_drivers_config.o</name>
      </input_file>
      <input_file id="fl-4">
         <path>C:\Users\byork\workspace_ccstheia\Monitor-Belt\Debug\.\syscfg\</path>
         <kind>object</kind>
         <file>ti_sysbios_config.o</file>
         <name>ti_sysbios_config.o</name>
      </input_file>
      <input_file id="fl-5">
         <path>C:\Users\byork\workspace_ccstheia\Monitor-Belt\Debug\.\</path>
         <kind>object</kind>
         <file>main_tirtos.o</file>
         <name>main_tirtos.o</name>
      </input_file>
      <input_file id="fl-15">
         <path>C:\Users\byork\workspace_ccstheia\Monitor-Belt\Debug\</path>
         <kind>object</kind>
         <file>&lt;internal&gt;</file>
         <name>&lt;internal&gt;</name>
      </input_file>
      <input_file id="fl-16">
         <path>C:\ti\simplelink_cc13xx_cc26xx_sdk_7_41_00_17\source\ti\drivers\lib\ticlang\m4\</path>
         <kind>archive</kind>
         <file>drivers_cc26x1.a</file>
         <name>GPIO.c.obj</name>
      </input_file>
      <input_file id="fl-17">
         <path>C:\ti\simplelink_cc13xx_cc26xx_sdk_7_41_00_17\source\ti\drivers\lib\ticlang\m4\</path>
         <kind>archive</kind>
         <file>drivers_cc26x1.a</file>
         <name>GPIOCC26XX.c.obj</name>
      </input_file>
      <input_file id="fl-18">
         <path>C:\ti\simplelink_cc13xx_cc26xx_sdk_7_41_00_17\source\ti\drivers\lib\ticlang\m4\</path>
         <kind>archive</kind>
         <file>drivers_cc26x1.a</file>
         <name>PowerCC26X2.c.obj</name>
      </input_file>
      <input_file id="fl-19">
         <path>C:\ti\simplelink_cc13xx_cc26xx_sdk_7_41_00_17\source\ti\drivers\lib\ticlang\m4\</path>
         <kind>archive</kind>
         <file>drivers_cc26x1.a</file>
         <name>PowerCC26X2_calibrateRCOSC.c.obj</name>
      </input_file>
      <input_file id="fl-1a">
         <path>C:\ti\simplelink_cc13xx_cc26xx_sdk_7_41_00_17\source\ti\drivers\lib\ticlang\m4\</path>
         <kind>archive</kind>
         <file>drivers_cc26x1.a</file>
         <name>TemperatureCC26X2.c.obj</name>
      </input_file>
      <input_file id="fl-1b">
         <path>C:\ti\simplelink_cc13xx_cc26xx_sdk_7_41_00_17\source\ti\drivers\lib\ticlang\m4\</path>
         <kind>archive</kind>
         <file>drivers_cc26x1.a</file>
         <name>GPIOCC26X2.c.obj</name>
      </input_file>
      <input_file id="fl-1c">
         <path>C:\ti\simplelink_cc13xx_cc26xx_sdk_7_41_00_17\source\ti\drivers\lib\ticlang\m4\</path>
         <kind>archive</kind>
         <file>drivers_cc26x1.a</file>
         <name>PowerCC26X2_calibrateRCOSC_helpers.c.obj</name>
      </input_file>
      <input_file id="fl-1d">
         <path>C:\ti\simplelink_cc13xx_cc26xx_sdk_7_41_00_17\source\ti\drivers\lib\ticlang\m4\</path>
         <kind>archive</kind>
         <file>drivers_cc26x1.a</file>
         <name>PowerCC26X2_helpers.c.obj</name>
      </input_file>
      <input_file id="fl-1e">
         <path>C:\ti\simplelink_cc13xx_cc26xx_sdk_7_41_00_17\source\ti\drivers\lib\ticlang\m4\</path>
         <kind>archive</kind>
         <file>drivers_cc26x1.a</file>
         <name>List.c.obj</name>
      </input_file>
      <input_file id="fl-1f">
         <path>C:\ti\simplelink_cc13xx_cc26xx_sdk_7_41_00_17\source\ti\devices\cc13x1_cc26x1\driverlib\bin\ticlang\</path>
         <kind>archive</kind>
         <file>driverlib.lib</file>
         <name>cpu.c.obj</name>
      </input_file>
      <input_file id="fl-20">
         <path>C:\ti\simplelink_cc13xx_cc26xx_sdk_7_41_00_17\source\ti\devices\cc13x1_cc26x1\driverlib\bin\ticlang\</path>
         <kind>archive</kind>
         <file>driverlib.lib</file>
         <name>osc.c.obj</name>
      </input_file>
      <input_file id="fl-21">
         <path>C:\ti\simplelink_cc13xx_cc26xx_sdk_7_41_00_17\source\ti\devices\cc13x1_cc26x1\driverlib\bin\ticlang\</path>
         <kind>archive</kind>
         <file>driverlib.lib</file>
         <name>prcm.c.obj</name>
      </input_file>
      <input_file id="fl-22">
         <path>C:\ti\simplelink_cc13xx_cc26xx_sdk_7_41_00_17\source\ti\devices\cc13x1_cc26x1\driverlib\bin\ticlang\</path>
         <kind>archive</kind>
         <file>driverlib.lib</file>
         <name>setup.c.obj</name>
      </input_file>
      <input_file id="fl-23">
         <path>C:\ti\simplelink_cc13xx_cc26xx_sdk_7_41_00_17\source\ti\devices\cc13x1_cc26x1\driverlib\bin\ticlang\</path>
         <kind>archive</kind>
         <file>driverlib.lib</file>
         <name>sys_ctrl.c.obj</name>
      </input_file>
      <input_file id="fl-24">
         <path>C:\ti\simplelink_cc13xx_cc26xx_sdk_7_41_00_17\source\ti\devices\cc13x1_cc26x1\driverlib\bin\ticlang\</path>
         <kind>archive</kind>
         <file>driverlib.lib</file>
         <name>aux_sysif.c.obj</name>
      </input_file>
      <input_file id="fl-25">
         <path>C:\ti\simplelink_cc13xx_cc26xx_sdk_7_41_00_17\source\ti\devices\cc13x1_cc26x1\driverlib\bin\ticlang\</path>
         <kind>archive</kind>
         <file>driverlib.lib</file>
         <name>chipinfo.c.obj</name>
      </input_file>
      <input_file id="fl-26">
         <path>C:\ti\simplelink_cc13xx_cc26xx_sdk_7_41_00_17\kernel\tirtos7\packages\ti\sysbios\lib\ticlang\m4\</path>
         <kind>archive</kind>
         <file>sysbios.a</file>
         <name>TaskSupport_asm_gcc.s.obj</name>
      </input_file>
      <input_file id="fl-27">
         <path>C:\ti\simplelink_cc13xx_cc26xx_sdk_7_41_00_17\kernel\tirtos7\packages\ti\sysbios\lib\ticlang\m4\</path>
         <kind>archive</kind>
         <file>sysbios.a</file>
         <name>Hwi_asm_gcc.s.obj</name>
      </input_file>
      <input_file id="fl-28">
         <path>C:\ti\simplelink_cc13xx_cc26xx_sdk_7_41_00_17\kernel\tirtos7\packages\ti\sysbios\lib\ticlang\m4\</path>
         <kind>archive</kind>
         <file>sysbios.a</file>
         <name>Hwi_asm_switch_gcc.s.obj</name>
      </input_file>
      <input_file id="fl-29">
         <path>C:\ti\simplelink_cc13xx_cc26xx_sdk_7_41_00_17\kernel\tirtos7\packages\ti\sysbios\lib\ticlang\m4\</path>
         <kind>archive</kind>
         <file>sysbios.a</file>
         <name>boot_cortex_m.c.obj</name>
      </input_file>
      <input_file id="fl-3e">
         <path>C:\ti\ccstheia151\ccs\tools\compiler\ti-cgt-armllvm_4.0.0.LTS\lib\armv7em-ti-none-eabi\c\</path>
         <kind>archive</kind>
         <file>libc.a</file>
         <name>strcmp_t2.S.obj</name>
      </input_file>
      <input_file id="fl-3f">
         <path>C:\ti\ccstheia151\ccs\tools\compiler\ti-cgt-armllvm_4.0.0.LTS\lib\armv7em-ti-none-eabi\c\</path>
         <kind>archive</kind>
         <file>libc.a</file>
         <name>aeabi_portable.c.obj</name>
      </input_file>
      <input_file id="fl-40">
         <path>C:\ti\ccstheia151\ccs\tools\compiler\ti-cgt-armllvm_4.0.0.LTS\lib\armv7em-ti-none-eabi\c\</path>
         <kind>archive</kind>
         <file>libc.a</file>
         <name>exit.c.obj</name>
      </input_file>
      <input_file id="fl-41">
         <path>C:\ti\ccstheia151\ccs\tools\compiler\ti-cgt-armllvm_4.0.0.LTS\lib\armv7em-ti-none-eabi\c\</path>
         <kind>archive</kind>
         <file>libc.a</file>
         <name>_lock.c.obj</name>
      </input_file>
      <input_file id="fl-42">
         <path>C:\ti\ccstheia151\ccs\tools\compiler\ti-cgt-armllvm_4.0.0.LTS\lib\armv7em-ti-none-eabi\c\</path>
         <kind>archive</kind>
         <file>libc.a</file>
         <name>args_main.c.obj</name>
      </input_file>
      <input_file id="fl-43">
         <path>C:\ti\ccstheia151\ccs\tools\compiler\ti-cgt-armllvm_4.0.0.LTS\lib\armv7em-ti-none-eabi\c\</path>
         <kind>archive</kind>
         <file>libc.a</file>
         <name>assert.c.obj</name>
      </input_file>
      <input_file id="fl-44">
         <path>C:\ti\ccstheia151\ccs\tools\compiler\ti-cgt-armllvm_4.0.0.LTS\lib\armv7em-ti-none-eabi\c\</path>
         <kind>archive</kind>
         <file>libc.a</file>
         <name>defs.c.obj</name>
      </input_file>
      <input_file id="fl-45">
         <path>C:\ti\ccstheia151\ccs\tools\compiler\ti-cgt-armllvm_4.0.0.LTS\lib\armv7em-ti-none-eabi\c\</path>
         <kind>archive</kind>
         <file>libc.a</file>
         <name>autoinit.c.obj</name>
      </input_file>
      <input_file id="fl-46">
         <path>C:\ti\ccstheia151\ccs\tools\compiler\ti-cgt-armllvm_4.0.0.LTS\lib\armv7em-ti-none-eabi\c\</path>
         <kind>archive</kind>
         <file>libc.a</file>
         <name>cpy_tbl.c.obj</name>
      </input_file>
      <input_file id="fl-47">
         <path>C:\ti\ccstheia151\ccs\tools\compiler\ti-cgt-armllvm_4.0.0.LTS\lib\armv7em-ti-none-eabi\c\</path>
         <kind>archive</kind>
         <file>libc.a</file>
         <name>copy_zero_init.c.obj</name>
      </input_file>
      <input_file id="fl-48">
         <path>C:\ti\ccstheia151\ccs\tools\compiler\ti-cgt-armllvm_4.0.0.LTS\lib\armv7em-ti-none-eabi\c\</path>
         <kind>archive</kind>
         <file>libc.a</file>
         <name>copy_decompress_none.c.obj</name>
      </input_file>
      <input_file id="fl-49">
         <path>C:\ti\ccstheia151\ccs\tools\compiler\ti-cgt-armllvm_4.0.0.LTS\lib\armv7em-ti-none-eabi\c\</path>
         <kind>archive</kind>
         <file>libc.a</file>
         <name>copy_decompress_lzss.c.obj</name>
      </input_file>
      <input_file id="fl-4a">
         <path>C:\ti\ccstheia151\ccs\tools\compiler\ti-cgt-armllvm_4.0.0.LTS\lib\armv7em-ti-none-eabi\c\</path>
         <kind>archive</kind>
         <file>libc.a</file>
         <name>sprintf.c.obj</name>
      </input_file>
      <input_file id="fl-4b">
         <path>C:\ti\ccstheia151\ccs\tools\compiler\ti-cgt-armllvm_4.0.0.LTS\lib\armv7em-ti-none-eabi\c\</path>
         <kind>archive</kind>
         <file>libc.a</file>
         <name>fflush.c.obj</name>
      </input_file>
      <input_file id="fl-4c">
         <path>C:\ti\ccstheia151\ccs\tools\compiler\ti-cgt-armllvm_4.0.0.LTS\lib\armv7em-ti-none-eabi\c\</path>
         <kind>archive</kind>
         <file>libc.a</file>
         <name>fputs.c.obj</name>
      </input_file>
      <input_file id="fl-4d">
         <path>C:\ti\ccstheia151\ccs\tools\compiler\ti-cgt-armllvm_4.0.0.LTS\lib\armv7em-ti-none-eabi\c\</path>
         <kind>archive</kind>
         <file>libc.a</file>
         <name>_io_perm.c.obj</name>
      </input_file>
      <input_file id="fl-4e">
         <path>C:\ti\ccstheia151\ccs\tools\compiler\ti-cgt-armllvm_4.0.0.LTS\lib\armv7em-ti-none-eabi\c\</path>
         <kind>archive</kind>
         <file>libc.a</file>
         <name>setvbuf.c.obj</name>
      </input_file>
      <input_file id="fl-4f">
         <path>C:\ti\ccstheia151\ccs\tools\compiler\ti-cgt-armllvm_4.0.0.LTS\lib\armv7em-ti-none-eabi\c\</path>
         <kind>archive</kind>
         <file>libc.a</file>
         <name>_printfi.c.obj</name>
      </input_file>
      <input_file id="fl-50">
         <path>C:\ti\ccstheia151\ccs\tools\compiler\ti-cgt-armllvm_4.0.0.LTS\lib\armv7em-ti-none-eabi\c\</path>
         <kind>archive</kind>
         <file>libc.a</file>
         <name>fopen.c.obj</name>
      </input_file>
      <input_file id="fl-51">
         <path>C:\ti\ccstheia151\ccs\tools\compiler\ti-cgt-armllvm_4.0.0.LTS\lib\armv7em-ti-none-eabi\c\</path>
         <kind>archive</kind>
         <file>libc.a</file>
         <name>fseek.c.obj</name>
      </input_file>
      <input_file id="fl-52">
         <path>C:\ti\ccstheia151\ccs\tools\compiler\ti-cgt-armllvm_4.0.0.LTS\lib\armv7em-ti-none-eabi\c\</path>
         <kind>archive</kind>
         <file>libc.a</file>
         <name>wcslen.c.obj</name>
      </input_file>
      <input_file id="fl-53">
         <path>C:\ti\ccstheia151\ccs\tools\compiler\ti-cgt-armllvm_4.0.0.LTS\lib\armv7em-ti-none-eabi\c\</path>
         <kind>archive</kind>
         <file>libc.a</file>
         <name>s_frexp.c.obj</name>
      </input_file>
      <input_file id="fl-54">
         <path>C:\ti\ccstheia151\ccs\tools\compiler\ti-cgt-armllvm_4.0.0.LTS\lib\armv7em-ti-none-eabi\c\</path>
         <kind>archive</kind>
         <file>libc.a</file>
         <name>s_scalbn.c.obj</name>
      </input_file>
      <input_file id="fl-55">
         <path>C:\ti\ccstheia151\ccs\tools\compiler\ti-cgt-armllvm_4.0.0.LTS\lib\armv7em-ti-none-eabi\c\</path>
         <kind>archive</kind>
         <file>libc.a</file>
         <name>_ltoa.c.obj</name>
      </input_file>
      <input_file id="fl-56">
         <path>C:\ti\ccstheia151\ccs\tools\compiler\ti-cgt-armllvm_4.0.0.LTS\lib\armv7em-ti-none-eabi\c\</path>
         <kind>archive</kind>
         <file>libc.a</file>
         <name>atoi.c.obj</name>
      </input_file>
      <input_file id="fl-57">
         <path>C:\ti\ccstheia151\ccs\tools\compiler\ti-cgt-armllvm_4.0.0.LTS\lib\armv7em-ti-none-eabi\c\</path>
         <kind>archive</kind>
         <file>libc.a</file>
         <name>memccpy.c.obj</name>
      </input_file>
      <input_file id="fl-58">
         <path>C:\ti\ccstheia151\ccs\tools\compiler\ti-cgt-armllvm_4.0.0.LTS\lib\armv7em-ti-none-eabi\c\</path>
         <kind>archive</kind>
         <file>libc.a</file>
         <name>fclose.c.obj</name>
      </input_file>
      <input_file id="fl-59">
         <path>C:\ti\ccstheia151\ccs\tools\compiler\ti-cgt-armllvm_4.0.0.LTS\lib\armv7em-ti-none-eabi\c\</path>
         <kind>archive</kind>
         <file>libc.a</file>
         <name>aeabi_ctype.S.obj</name>
      </input_file>
      <input_file id="fl-ef">
         <path>C:\ti\ccstheia151\ccs\tools\compiler\ti-cgt-armllvm_4.0.0.LTS\lib\armv7em-ti-none-eabi\c\</path>
         <kind>archive</kind>
         <file>libsysbm.a</file>
         <name>write.c.obj</name>
      </input_file>
      <input_file id="fl-f0">
         <path>C:\ti\ccstheia151\ccs\tools\compiler\ti-cgt-armllvm_4.0.0.LTS\lib\armv7em-ti-none-eabi\c\</path>
         <kind>archive</kind>
         <file>libsysbm.a</file>
         <name>host_device.c.obj</name>
      </input_file>
      <input_file id="fl-f1">
         <path>C:\ti\ccstheia151\ccs\tools\compiler\ti-cgt-armllvm_4.0.0.LTS\lib\armv7em-ti-none-eabi\c\</path>
         <kind>archive</kind>
         <file>libsysbm.a</file>
         <name>remove.c.obj</name>
      </input_file>
      <input_file id="fl-f2">
         <path>C:\ti\ccstheia151\ccs\tools\compiler\ti-cgt-armllvm_4.0.0.LTS\lib\armv7em-ti-none-eabi\c\</path>
         <kind>archive</kind>
         <file>libsysbm.a</file>
         <name>open.c.obj</name>
      </input_file>
      <input_file id="fl-f3">
         <path>C:\ti\ccstheia151\ccs\tools\compiler\ti-cgt-armllvm_4.0.0.LTS\lib\armv7em-ti-none-eabi\c\</path>
         <kind>archive</kind>
         <file>libsysbm.a</file>
         <name>lseek.c.obj</name>
      </input_file>
      <input_file id="fl-f4">
         <path>C:\ti\ccstheia151\ccs\tools\compiler\ti-cgt-armllvm_4.0.0.LTS\lib\armv7em-ti-none-eabi\c\</path>
         <kind>archive</kind>
         <file>libsysbm.a</file>
         <name>close.c.obj</name>
      </input_file>
      <input_file id="fl-f5">
         <path>C:\ti\ccstheia151\ccs\tools\compiler\ti-cgt-armllvm_4.0.0.LTS\lib\armv7em-ti-none-eabi\c\</path>
         <kind>archive</kind>
         <file>libsysbm.a</file>
         <name>unlink.c.obj</name>
      </input_file>
      <input_file id="fl-f6">
         <path>C:\ti\ccstheia151\ccs\tools\compiler\ti-cgt-armllvm_4.0.0.LTS\lib\armv7em-ti-none-eabi\c\</path>
         <kind>archive</kind>
         <file>libsysbm.a</file>
         <name>hostclose.c.obj</name>
      </input_file>
      <input_file id="fl-f7">
         <path>C:\ti\ccstheia151\ccs\tools\compiler\ti-cgt-armllvm_4.0.0.LTS\lib\armv7em-ti-none-eabi\c\</path>
         <kind>archive</kind>
         <file>libsysbm.a</file>
         <name>hostlseek.c.obj</name>
      </input_file>
      <input_file id="fl-f8">
         <path>C:\ti\ccstheia151\ccs\tools\compiler\ti-cgt-armllvm_4.0.0.LTS\lib\armv7em-ti-none-eabi\c\</path>
         <kind>archive</kind>
         <file>libsysbm.a</file>
         <name>hostopen.c.obj</name>
      </input_file>
      <input_file id="fl-f9">
         <path>C:\ti\ccstheia151\ccs\tools\compiler\ti-cgt-armllvm_4.0.0.LTS\lib\armv7em-ti-none-eabi\c\</path>
         <kind>archive</kind>
         <file>libsysbm.a</file>
         <name>hostread.c.obj</name>
      </input_file>
      <input_file id="fl-fa">
         <path>C:\ti\ccstheia151\ccs\tools\compiler\ti-cgt-armllvm_4.0.0.LTS\lib\armv7em-ti-none-eabi\c\</path>
         <kind>archive</kind>
         <file>libsysbm.a</file>
         <name>hostrename.c.obj</name>
      </input_file>
      <input_file id="fl-fb">
         <path>C:\ti\ccstheia151\ccs\tools\compiler\ti-cgt-armllvm_4.0.0.LTS\lib\armv7em-ti-none-eabi\c\</path>
         <kind>archive</kind>
         <file>libsysbm.a</file>
         <name>hostunlink.c.obj</name>
      </input_file>
      <input_file id="fl-fc">
         <path>C:\ti\ccstheia151\ccs\tools\compiler\ti-cgt-armllvm_4.0.0.LTS\lib\armv7em-ti-none-eabi\c\</path>
         <kind>archive</kind>
         <file>libsysbm.a</file>
         <name>hostwrite.c.obj</name>
      </input_file>
      <input_file id="fl-fd">
         <path>C:\ti\ccstheia151\ccs\tools\compiler\ti-cgt-armllvm_4.0.0.LTS\lib\armv7em-ti-none-eabi\c\</path>
         <kind>archive</kind>
         <file>libsysbm.a</file>
         <name>trgmsg.c.obj</name>
      </input_file>
      <input_file id="fl-fe">
         <path>C:\ti\ccstheia151\ccs\tools\compiler\ti-cgt-armllvm_4.0.0.LTS\lib\armv7em-ti-none-eabi\</path>
         <kind>archive</kind>
         <file>libclang_rt.builtins.a</file>
         <name>adddf3.S.obj</name>
      </input_file>
      <input_file id="fl-ff">
         <path>C:\ti\ccstheia151\ccs\tools\compiler\ti-cgt-armllvm_4.0.0.LTS\lib\armv7em-ti-none-eabi\</path>
         <kind>archive</kind>
         <file>libclang_rt.builtins.a</file>
         <name>muldf3.S.obj</name>
      </input_file>
      <input_file id="fl-100">
         <path>C:\ti\ccstheia151\ccs\tools\compiler\ti-cgt-armllvm_4.0.0.LTS\lib\armv7em-ti-none-eabi\</path>
         <kind>archive</kind>
         <file>libclang_rt.builtins.a</file>
         <name>ashldi3.S.obj</name>
      </input_file>
      <input_file id="fl-101">
         <path>C:\ti\ccstheia151\ccs\tools\compiler\ti-cgt-armllvm_4.0.0.LTS\lib\armv7em-ti-none-eabi\</path>
         <kind>archive</kind>
         <file>libclang_rt.builtins.a</file>
         <name>ashrdi3.S.obj</name>
      </input_file>
      <input_file id="fl-102">
         <path>C:\ti\ccstheia151\ccs\tools\compiler\ti-cgt-armllvm_4.0.0.LTS\lib\armv7em-ti-none-eabi\</path>
         <kind>archive</kind>
         <file>libclang_rt.builtins.a</file>
         <name>divdf3.S.obj</name>
      </input_file>
      <input_file id="fl-103">
         <path>C:\ti\ccstheia151\ccs\tools\compiler\ti-cgt-armllvm_4.0.0.LTS\lib\armv7em-ti-none-eabi\</path>
         <kind>archive</kind>
         <file>libclang_rt.builtins.a</file>
         <name>extendsfdf2.S.obj</name>
      </input_file>
      <input_file id="fl-104">
         <path>C:\ti\ccstheia151\ccs\tools\compiler\ti-cgt-armllvm_4.0.0.LTS\lib\armv7em-ti-none-eabi\</path>
         <kind>archive</kind>
         <file>libclang_rt.builtins.a</file>
         <name>fixdfsi.S.obj</name>
      </input_file>
      <input_file id="fl-105">
         <path>C:\ti\ccstheia151\ccs\tools\compiler\ti-cgt-armllvm_4.0.0.LTS\lib\armv7em-ti-none-eabi\</path>
         <kind>archive</kind>
         <file>libclang_rt.builtins.a</file>
         <name>fixunsdfsi.S.obj</name>
      </input_file>
      <input_file id="fl-106">
         <path>C:\ti\ccstheia151\ccs\tools\compiler\ti-cgt-armllvm_4.0.0.LTS\lib\armv7em-ti-none-eabi\</path>
         <kind>archive</kind>
         <file>libclang_rt.builtins.a</file>
         <name>floatsidf.S.obj</name>
      </input_file>
      <input_file id="fl-107">
         <path>C:\ti\ccstheia151\ccs\tools\compiler\ti-cgt-armllvm_4.0.0.LTS\lib\armv7em-ti-none-eabi\</path>
         <kind>archive</kind>
         <file>libclang_rt.builtins.a</file>
         <name>aeabi_dcmp.S.obj</name>
      </input_file>
      <input_file id="fl-108">
         <path>C:\ti\ccstheia151\ccs\tools\compiler\ti-cgt-armllvm_4.0.0.LTS\lib\armv7em-ti-none-eabi\</path>
         <kind>archive</kind>
         <file>libclang_rt.builtins.a</file>
         <name>aeabi_ldivmod.S.obj</name>
      </input_file>
      <input_file id="fl-109">
         <path>C:\ti\ccstheia151\ccs\tools\compiler\ti-cgt-armllvm_4.0.0.LTS\lib\armv7em-ti-none-eabi\</path>
         <kind>archive</kind>
         <file>libclang_rt.builtins.a</file>
         <name>aeabi_memcpy.S.obj</name>
      </input_file>
      <input_file id="fl-10a">
         <path>C:\ti\ccstheia151\ccs\tools\compiler\ti-cgt-armllvm_4.0.0.LTS\lib\armv7em-ti-none-eabi\</path>
         <kind>archive</kind>
         <file>libclang_rt.builtins.a</file>
         <name>aeabi_memset.S.obj</name>
      </input_file>
      <input_file id="fl-10b">
         <path>C:\ti\ccstheia151\ccs\tools\compiler\ti-cgt-armllvm_4.0.0.LTS\lib\armv7em-ti-none-eabi\</path>
         <kind>archive</kind>
         <file>libclang_rt.builtins.a</file>
         <name>aeabi_uldivmod.S.obj</name>
      </input_file>
      <input_file id="fl-10c">
         <path>C:\ti\ccstheia151\ccs\tools\compiler\ti-cgt-armllvm_4.0.0.LTS\lib\armv7em-ti-none-eabi\</path>
         <kind>archive</kind>
         <file>libclang_rt.builtins.a</file>
         <name>udivmoddi4.S.obj</name>
      </input_file>
      <input_file id="fl-10d">
         <path>C:\ti\ccstheia151\ccs\tools\compiler\ti-cgt-armllvm_4.0.0.LTS\lib\armv7em-ti-none-eabi\</path>
         <kind>archive</kind>
         <file>libclang_rt.builtins.a</file>
         <name>comparedf2.c.obj</name>
      </input_file>
      <input_file id="fl-10e">
         <path>C:\ti\ccstheia151\ccs\tools\compiler\ti-cgt-armllvm_4.0.0.LTS\lib\armv7em-ti-none-eabi\</path>
         <kind>archive</kind>
         <file>libclang_rt.builtins.a</file>
         <name>divmoddi4.c.obj</name>
      </input_file>
      <input_file id="fl-10f">
         <path>C:\ti\ccstheia151\ccs\tools\compiler\ti-cgt-armllvm_4.0.0.LTS\lib\armv7em-ti-none-eabi\</path>
         <kind>archive</kind>
         <file>libclang_rt.builtins.a</file>
         <name>aeabi_div0.c.obj</name>
      </input_file>
      <input_file id="fl-110">
         <path>C:\ti\ccstheia151\ccs\tools\compiler\ti-cgt-armllvm_4.0.0.LTS\lib\armv7em-ti-none-eabi\c\</path>
         <kind>archive</kind>
         <file>libc.a</file>
         <name>getdevice.c.obj</name>
      </input_file>
      <input_file id="fl-111">
         <path>C:\ti\ccstheia151\ccs\tools\compiler\ti-cgt-armllvm_4.0.0.LTS\lib\armv7em-ti-none-eabi\c\</path>
         <kind>archive</kind>
         <file>libc.a</file>
         <name>memcpy_t2.S.obj</name>
      </input_file>
      <input_file id="fl-112">
         <path>C:\ti\ccstheia151\ccs\tools\compiler\ti-cgt-armllvm_4.0.0.LTS\lib\armv7em-ti-none-eabi\c\</path>
         <kind>archive</kind>
         <file>libc.a</file>
         <name>memset_t2.S.obj</name>
      </input_file>
   </input_file_list>
   <object_component_list>
      <object_component id="oc-23">
         <name>.resetVecs</name>
         <load_address>0x0</load_address>
         <readonly>true</readonly>
         <run_address>0x0</run_address>
         <size>0x3c</size>
         <alignment>0x4</alignment>
         <input_file_ref idref="fl-4"/>
      </object_component>
      <object_component id="oc-135">
         <name>.text.PowerCC26X2_auxISR</name>
         <load_address>0x3c</load_address>
         <readonly>true</readonly>
         <executable>true</executable>
         <run_address>0x3c</run_address>
         <size>0x194</size>
         <alignment>0x4</alignment>
         <input_file_ref idref="fl-19"/>
      </object_component>
      <object_component id="oc-1f0">
         <name>.text.Power_sleep</name>
         <load_address>0x1d0</load_address>
         <readonly>true</readonly>
         <executable>true</executable>
         <run_address>0x1d0</run_address>
         <size>0x158</size>
         <alignment>0x4</alignment>
         <input_file_ref idref="fl-18"/>
      </object_component>
      <object_component id="oc-1d8">
         <name>.text.ti_sysbios_family_arm_cc26xx_Timer_construct</name>
         <load_address>0x328</load_address>
         <readonly>true</readonly>
         <executable>true</executable>
         <run_address>0x328</run_address>
         <size>0x11c</size>
         <alignment>0x4</alignment>
         <input_file_ref idref="fl-4"/>
      </object_component>
      <object_component id="oc-dd">
         <name>.text.Power_init</name>
         <load_address>0x444</load_address>
         <readonly>true</readonly>
         <executable>true</executable>
         <run_address>0x444</run_address>
         <size>0x118</size>
         <alignment>0x4</alignment>
         <input_file_ref idref="fl-18"/>
      </object_component>
      <object_component id="oc-1a2">
         <name>.text.PowerCC26X2_calibrate</name>
         <load_address>0x55c</load_address>
         <readonly>true</readonly>
         <executable>true</executable>
         <run_address>0x55c</run_address>
         <size>0x10c</size>
         <alignment>0x4</alignment>
         <input_file_ref idref="fl-19"/>
      </object_component>
      <object_component id="oc-e3">
         <name>.text.GPIO_init</name>
         <load_address>0x668</load_address>
         <readonly>true</readonly>
         <executable>true</executable>
         <run_address>0x668</run_address>
         <size>0x104</size>
         <alignment>0x4</alignment>
         <input_file_ref idref="fl-1b"/>
      </object_component>
      <object_component id="oc-24b">
         <name>.text.NOROM_SysCtrlStandby</name>
         <load_address>0x76c</load_address>
         <readonly>true</readonly>
         <executable>true</executable>
         <run_address>0x76c</run_address>
         <size>0xf0</size>
         <alignment>0x4</alignment>
         <input_file_ref idref="fl-23"/>
      </object_component>
      <object_component id="oc-4d">
         <name>.text.ti_sysbios_family_arm_m3_Hwi_dispatch</name>
         <load_address>0x85c</load_address>
         <readonly>true</readonly>
         <executable>true</executable>
         <run_address>0x85c</run_address>
         <size>0xec</size>
         <alignment>0x4</alignment>
         <input_file_ref idref="fl-27"/>
      </object_component>
      <object_component id="oc-208">
         <name>.text.ti_sysbios_knl_Semaphore_pend</name>
         <load_address>0x948</load_address>
         <readonly>true</readonly>
         <executable>true</executable>
         <run_address>0x948</run_address>
         <size>0xe4</size>
         <alignment>0x4</alignment>
         <input_file_ref idref="fl-4"/>
      </object_component>
      <object_component id="oc-a3">
         <name>.text.TrimAfterColdResetWakeupFromShutDown</name>
         <load_address>0xa2c</load_address>
         <readonly>true</readonly>
         <executable>true</executable>
         <run_address>0xa2c</run_address>
         <size>0xe0</size>
         <alignment>0x4</alignment>
         <input_file_ref idref="fl-22"/>
      </object_component>
      <object_component id="oc-c9">
         <name>.text.ti_sysbios_family_arm_m3_Hwi_excFillContext</name>
         <load_address>0xb0c</load_address>
         <readonly>true</readonly>
         <executable>true</executable>
         <run_address>0xb0c</run_address>
         <size>0xd8</size>
         <alignment>0x4</alignment>
         <input_file_ref idref="fl-4"/>
      </object_component>
      <object_component id="oc-b6">
         <name>.text.pthread_create</name>
         <load_address>0xbe4</load_address>
         <readonly>true</readonly>
         <executable>true</executable>
         <run_address>0xbe4</run_address>
         <size>0xd4</size>
         <alignment>0x4</alignment>
         <input_file_ref idref="fl-4"/>
      </object_component>
      <object_component id="oc-72">
         <name>.text.NOROM_SetupTrimDevice</name>
         <load_address>0xcb8</load_address>
         <readonly>true</readonly>
         <executable>true</executable>
         <run_address>0xcb8</run_address>
         <size>0xd0</size>
         <alignment>0x4</alignment>
         <input_file_ref idref="fl-22"/>
      </object_component>
      <object_component id="oc-188">
         <name>.text.configureXOSCHF</name>
         <load_address>0xd88</load_address>
         <readonly>true</readonly>
         <executable>true</executable>
         <run_address>0xd88</run_address>
         <size>0xd0</size>
         <alignment>0x4</alignment>
         <input_file_ref idref="fl-18"/>
      </object_component>
      <object_component id="oc-17b">
         <name>.text.ti_sysbios_knl_Clock_workFuncDynamic</name>
         <load_address>0xe58</load_address>
         <readonly>true</readonly>
         <executable>true</executable>
         <run_address>0xe58</run_address>
         <size>0xcc</size>
         <alignment>0x4</alignment>
         <input_file_ref idref="fl-4"/>
      </object_component>
      <object_component id="oc-1b9">
         <name>.text.ti_sysbios_knl_Task_Instance_finalize</name>
         <load_address>0xf24</load_address>
         <readonly>true</readonly>
         <executable>true</executable>
         <run_address>0xf24</run_address>
         <size>0xb8</size>
         <alignment>0x4</alignment>
         <input_file_ref idref="fl-4"/>
      </object_component>
      <object_component id="oc-f2">
         <name>.text.ti_sysbios_knl_Task_setPri</name>
         <load_address>0xfdc</load_address>
         <readonly>true</readonly>
         <executable>true</executable>
         <run_address>0xfdc</run_address>
         <size>0xb8</size>
         <alignment>0x4</alignment>
         <input_file_ref idref="fl-4"/>
      </object_component>
      <object_component id="oc-18a">
         <name>.text.PowerCC26XX_standbyPolicy</name>
         <load_address>0x1094</load_address>
         <readonly>true</readonly>
         <executable>true</executable>
         <run_address>0x1094</run_address>
         <size>0xb4</size>
         <alignment>0x4</alignment>
         <input_file_ref idref="fl-4"/>
      </object_component>
      <object_component id="oc-13a">
         <name>.text.Power_setDependency</name>
         <load_address>0x1148</load_address>
         <readonly>true</readonly>
         <executable>true</executable>
         <run_address>0x1148</run_address>
         <size>0xb0</size>
         <alignment>0x4</alignment>
         <input_file_ref idref="fl-18"/>
      </object_component>
      <object_component id="oc-1db">
         <name>.text</name>
         <load_address>0x11f8</load_address>
         <readonly>true</readonly>
         <executable>true</executable>
         <run_address>0x11f8</run_address>
         <size>0xb0</size>
         <alignment>0x4</alignment>
         <input_file_ref idref="fl-10c"/>
      </object_component>
      <object_component id="oc-200">
         <name>.text.Power_releaseDependency</name>
         <load_address>0x12a8</load_address>
         <readonly>true</readonly>
         <executable>true</executable>
         <run_address>0x12a8</run_address>
         <size>0xac</size>
         <alignment>0x4</alignment>
         <input_file_ref idref="fl-18"/>
      </object_component>
      <object_component id="oc-1b8">
         <name>.text.ti_sysbios_knl_Task_Instance_init</name>
         <load_address>0x1354</load_address>
         <readonly>true</readonly>
         <executable>true</executable>
         <run_address>0x1354</run_address>
         <size>0xa4</size>
         <alignment>0x4</alignment>
         <input_file_ref idref="fl-4"/>
      </object_component>
      <object_component id="oc-20c">
         <name>.text.ti_sysbios_knl_Clock_startI</name>
         <load_address>0x13f8</load_address>
         <readonly>true</readonly>
         <executable>true</executable>
         <run_address>0x13f8</run_address>
         <size>0x94</size>
         <alignment>0x4</alignment>
         <input_file_ref idref="fl-4"/>
      </object_component>
      <object_component id="oc-1bd">
         <name>.text.ti_sysbios_knl_Task_sleep</name>
         <load_address>0x148c</load_address>
         <readonly>true</readonly>
         <executable>true</executable>
         <run_address>0x148c</run_address>
         <size>0x94</size>
         <alignment>0x4</alignment>
         <input_file_ref idref="fl-4"/>
      </object_component>
      <object_component id="oc-1b4">
         <name>.text.GPIO_setConfigAndMux</name>
         <load_address>0x1520</load_address>
         <readonly>true</readonly>
         <executable>true</executable>
         <run_address>0x1520</run_address>
         <size>0x90</size>
         <alignment>0x4</alignment>
         <input_file_ref idref="fl-17"/>
      </object_component>
      <object_component id="oc-116">
         <name>.text.ti_sysbios_knl_Clock_init</name>
         <load_address>0x15b0</load_address>
         <readonly>true</readonly>
         <executable>true</executable>
         <run_address>0x15b0</run_address>
         <size>0x80</size>
         <alignment>0x4</alignment>
         <input_file_ref idref="fl-4"/>
      </object_component>
      <object_component id="oc-245">
         <name>.text.ti_sysbios_family_arm_m3_Hwi_postInit</name>
         <load_address>0x1630</load_address>
         <readonly>true</readonly>
         <executable>true</executable>
         <run_address>0x1630</run_address>
         <size>0x7c</size>
         <alignment>0x4</alignment>
         <input_file_ref idref="fl-4"/>
      </object_component>
      <object_component id="oc-1bb">
         <name>.text._pthread_removeThreadKeys</name>
         <load_address>0x16ac</load_address>
         <readonly>true</readonly>
         <executable>true</executable>
         <run_address>0x16ac</run_address>
         <size>0x78</size>
         <alignment>0x4</alignment>
         <input_file_ref idref="fl-4"/>
      </object_component>
      <object_component id="oc-205">
         <name>.text.ti_sysbios_knl_Task_postInit</name>
         <load_address>0x1724</load_address>
         <readonly>true</readonly>
         <executable>true</executable>
         <run_address>0x1724</run_address>
         <size>0x78</size>
         <alignment>0x4</alignment>
         <input_file_ref idref="fl-4"/>
      </object_component>
      <object_component id="oc-195">
         <name>.text.PowerCC26X2_updateSubSecInc</name>
         <load_address>0x179c</load_address>
         <readonly>true</readonly>
         <executable>true</executable>
         <run_address>0x179c</run_address>
         <size>0x74</size>
         <alignment>0x4</alignment>
         <input_file_ref idref="fl-1c"/>
      </object_component>
      <object_component id="oc-113">
         <name>.text.ti_sysbios_family_arm_m3_Hwi_initNVIC</name>
         <load_address>0x1810</load_address>
         <readonly>true</readonly>
         <executable>true</executable>
         <run_address>0x1810</run_address>
         <size>0x74</size>
         <alignment>0x4</alignment>
         <input_file_ref idref="fl-4"/>
      </object_component>
      <object_component id="oc-9b">
         <name>.text.ti_sysbios_knl_Swi_restoreHwi</name>
         <load_address>0x1884</load_address>
         <readonly>true</readonly>
         <executable>true</executable>
         <run_address>0x1884</run_address>
         <size>0x74</size>
         <alignment>0x4</alignment>
         <input_file_ref idref="fl-4"/>
      </object_component>
      <object_component id="oc-2f">
         <name>.text:decompress:lzss</name>
         <load_address>0x18f8</load_address>
         <readonly>true</readonly>
         <executable>true</executable>
         <run_address>0x18f8</run_address>
         <size>0x74</size>
         <alignment>0x2</alignment>
         <input_file_ref idref="fl-49"/>
      </object_component>
      <object_component id="oc-225">
         <name>.text.ti_sysbios_family_arm_m3_Hwi_Instance_init</name>
         <load_address>0x196c</load_address>
         <readonly>true</readonly>
         <executable>true</executable>
         <run_address>0x196c</run_address>
         <size>0x70</size>
         <alignment>0x4</alignment>
         <input_file_ref idref="fl-4"/>
      </object_component>
      <object_component id="oc-216">
         <name>.text.ti_sysbios_heaps_HeapMem_allocUnprotected</name>
         <load_address>0x19dc</load_address>
         <readonly>true</readonly>
         <executable>true</executable>
         <run_address>0x19dc</run_address>
         <size>0x70</size>
         <alignment>0x2</alignment>
         <input_file_ref idref="fl-4"/>
      </object_component>
      <object_component id="oc-104">
         <name>.text.ti_sysbios_knl_Task_startup</name>
         <load_address>0x1a4c</load_address>
         <readonly>true</readonly>
         <executable>true</executable>
         <run_address>0x1a4c</run_address>
         <size>0x70</size>
         <alignment>0x4</alignment>
         <input_file_ref idref="fl-4"/>
      </object_component>
      <object_component id="oc-134">
         <name>.text.oscillatorISR</name>
         <load_address>0x1abc</load_address>
         <readonly>true</readonly>
         <executable>true</executable>
         <run_address>0x1abc</run_address>
         <size>0x6c</size>
         <alignment>0x4</alignment>
         <input_file_ref idref="fl-18"/>
      </object_component>
      <object_component id="oc-6e">
         <name>.text.ti_sysbios_family_arm_m3_Hwi_dispatchC</name>
         <load_address>0x1b28</load_address>
         <readonly>true</readonly>
         <executable>true</executable>
         <run_address>0x1b28</run_address>
         <size>0x6c</size>
         <alignment>0x4</alignment>
         <input_file_ref idref="fl-4"/>
      </object_component>
      <object_component id="oc-119">
         <name>.text.ti_sysbios_knl_Idle_init</name>
         <load_address>0x1b94</load_address>
         <readonly>true</readonly>
         <executable>true</executable>
         <run_address>0x1b94</run_address>
         <size>0x68</size>
         <alignment>0x4</alignment>
         <input_file_ref idref="fl-4"/>
      </object_component>
      <object_component id="oc-d1">
         <name>.text.ti_sysbios_knl_Swi_run</name>
         <load_address>0x1bfc</load_address>
         <readonly>true</readonly>
         <executable>true</executable>
         <run_address>0x1bfc</run_address>
         <size>0x68</size>
         <alignment>0x4</alignment>
         <input_file_ref idref="fl-4"/>
      </object_component>
      <object_component id="oc-235">
         <name>.text.NOROM_OSCHF_AttemptToSwitchToXosc</name>
         <load_address>0x1c64</load_address>
         <readonly>true</readonly>
         <executable>true</executable>
         <run_address>0x1c64</run_address>
         <size>0x64</size>
         <alignment>0x4</alignment>
         <input_file_ref idref="fl-20"/>
      </object_component>
      <object_component id="oc-1f3">
         <name>.text.PowerCC26X2_initiateCalibration</name>
         <load_address>0x1cc8</load_address>
         <readonly>true</readonly>
         <executable>true</executable>
         <run_address>0x1cc8</run_address>
         <size>0x64</size>
         <alignment>0x4</alignment>
         <input_file_ref idref="fl-19"/>
      </object_component>
      <object_component id="oc-1e0">
         <name>.text.ti_sysbios_knl_Clock_walkQueueDynamic</name>
         <load_address>0x1d2c</load_address>
         <readonly>true</readonly>
         <executable>true</executable>
         <run_address>0x1d2c</run_address>
         <size>0x60</size>
         <alignment>0x4</alignment>
         <input_file_ref idref="fl-4"/>
      </object_component>
      <object_component id="oc-1bc">
         <name>.text.ti_sysbios_knl_Semaphore_post</name>
         <load_address>0x1d8c</load_address>
         <readonly>true</readonly>
         <executable>true</executable>
         <run_address>0x1d8c</run_address>
         <size>0x60</size>
         <alignment>0x4</alignment>
         <input_file_ref idref="fl-4"/>
      </object_component>
      <object_component id="oc-1cb">
         <name>.text.ti_sysbios_knl_Swi_schedule</name>
         <load_address>0x1dec</load_address>
         <readonly>true</readonly>
         <executable>true</executable>
         <run_address>0x1dec</run_address>
         <size>0x60</size>
         <alignment>0x4</alignment>
         <input_file_ref idref="fl-4"/>
      </object_component>
      <object_component id="oc-15a">
         <name>.text.pthread_exit</name>
         <load_address>0x1e4c</load_address>
         <readonly>true</readonly>
         <executable>true</executable>
         <run_address>0x1e4c</run_address>
         <size>0x5c</size>
         <alignment>0x4</alignment>
         <input_file_ref idref="fl-4"/>
      </object_component>
      <object_component id="oc-85">
         <name>.text.main</name>
         <load_address>0x1ea8</load_address>
         <readonly>true</readonly>
         <executable>true</executable>
         <run_address>0x1ea8</run_address>
         <size>0x58</size>
         <alignment>0x4</alignment>
         <input_file_ref idref="fl-5"/>
      </object_component>
      <object_component id="oc-14a">
         <name>.text.Board_sendExtFlashByte</name>
         <load_address>0x1f00</load_address>
         <readonly>true</readonly>
         <executable>true</executable>
         <run_address>0x1f00</run_address>
         <size>0x52</size>
         <alignment>0x2</alignment>
         <input_file_ref idref="fl-3"/>
      </object_component>
      <object_component id="oc-16d">
         <name>.text.BIOS_nullFunc</name>
         <load_address>0x1f52</load_address>
         <readonly>true</readonly>
         <executable>true</executable>
         <run_address>0x1f52</run_address>
         <size>0x2</size>
         <alignment>0x2</alignment>
         <input_file_ref idref="fl-4"/>
      </object_component>
      <object_component id="oc-e9">
         <name>.text.Board_shutDownExtFlash</name>
         <load_address>0x1f54</load_address>
         <readonly>true</readonly>
         <executable>true</executable>
         <run_address>0x1f54</run_address>
         <size>0x50</size>
         <alignment>0x4</alignment>
         <input_file_ref idref="fl-3"/>
      </object_component>
      <object_component id="oc-21b">
         <name>.text.ti_sysbios_knl_Swi_post</name>
         <load_address>0x1fa4</load_address>
         <readonly>true</readonly>
         <executable>true</executable>
         <run_address>0x1fa4</run_address>
         <size>0x50</size>
         <alignment>0x4</alignment>
         <input_file_ref idref="fl-4"/>
      </object_component>
      <object_component id="oc-212">
         <name>.text.ti_sysbios_knl_Swi_runLoop</name>
         <load_address>0x1ff4</load_address>
         <readonly>true</readonly>
         <executable>true</executable>
         <run_address>0x1ff4</run_address>
         <size>0x50</size>
         <alignment>0x4</alignment>
         <input_file_ref idref="fl-4"/>
      </object_component>
      <object_component id="oc-215">
         <name>.text.ti_sysbios_heaps_HeapMem_freeUnprotected</name>
         <load_address>0x2044</load_address>
         <readonly>true</readonly>
         <executable>true</executable>
         <run_address>0x2044</run_address>
         <size>0x4e</size>
         <alignment>0x2</alignment>
         <input_file_ref idref="fl-4"/>
      </object_component>
      <object_component id="oc-eb">
         <name>.text.Board_initHook</name>
         <load_address>0x2092</load_address>
         <readonly>true</readonly>
         <executable>true</executable>
         <run_address>0x2092</run_address>
         <size>0x2</size>
         <alignment>0x2</alignment>
         <input_file_ref idref="fl-3"/>
      </object_component>
      <object_component id="oc-115">
         <name>.text.BIOS_init</name>
         <load_address>0x2094</load_address>
         <readonly>true</readonly>
         <executable>true</executable>
         <run_address>0x2094</run_address>
         <size>0x4c</size>
         <alignment>0x4</alignment>
         <input_file_ref idref="fl-4"/>
      </object_component>
      <object_component id="oc-ca">
         <name>.text.BIOS_startFunc</name>
         <load_address>0x20e0</load_address>
         <readonly>true</readonly>
         <executable>true</executable>
         <run_address>0x20e0</run_address>
         <size>0x4c</size>
         <alignment>0x4</alignment>
         <input_file_ref idref="fl-4"/>
      </object_component>
      <object_component id="oc-18d">
         <name>.text.switchXOSCHF</name>
         <load_address>0x212c</load_address>
         <readonly>true</readonly>
         <executable>true</executable>
         <run_address>0x212c</run_address>
         <size>0x4c</size>
         <alignment>0x4</alignment>
         <input_file_ref idref="fl-18"/>
      </object_component>
      <object_component id="oc-173">
         <name>.text.ti_sysbios_knl_Swi_Instance_init</name>
         <load_address>0x2178</load_address>
         <readonly>true</readonly>
         <executable>true</executable>
         <run_address>0x2178</run_address>
         <size>0x4c</size>
         <alignment>0x4</alignment>
         <input_file_ref idref="fl-4"/>
      </object_component>
      <object_component id="oc-218">
         <name>.text.ti_sysbios_family_arm_cc26xx_Timer_start</name>
         <load_address>0x21c4</load_address>
         <readonly>true</readonly>
         <executable>true</executable>
         <run_address>0x21c4</run_address>
         <size>0x48</size>
         <alignment>0x4</alignment>
         <input_file_ref idref="fl-4"/>
      </object_component>
      <object_component id="oc-1cc">
         <name>.text.ti_sysbios_family_arm_m3_Hwi_initStacks</name>
         <load_address>0x220c</load_address>
         <readonly>true</readonly>
         <executable>true</executable>
         <run_address>0x220c</run_address>
         <size>0x48</size>
         <alignment>0x4</alignment>
         <input_file_ref idref="fl-28"/>
      </object_component>
      <object_component id="oc-1d2">
         <name>.text.ti_sysbios_heaps_HeapMem_Instance_init</name>
         <load_address>0x2254</load_address>
         <readonly>true</readonly>
         <executable>true</executable>
         <run_address>0x2254</run_address>
         <size>0x48</size>
         <alignment>0x4</alignment>
         <input_file_ref idref="fl-4"/>
      </object_component>
      <object_component id="oc-1d7">
         <name>.text.ti_sysbios_heaps_HeapMem_alloc</name>
         <load_address>0x229c</load_address>
         <readonly>true</readonly>
         <executable>true</executable>
         <run_address>0x229c</run_address>
         <size>0x48</size>
         <alignment>0x4</alignment>
         <input_file_ref idref="fl-4"/>
      </object_component>
      <object_component id="oc-238">
         <name>.text.ti_sysbios_knl_TaskSupport_start</name>
         <load_address>0x22e4</load_address>
         <readonly>true</readonly>
         <executable>true</executable>
         <run_address>0x22e4</run_address>
         <size>0x48</size>
         <alignment>0x4</alignment>
         <input_file_ref idref="fl-4"/>
      </object_component>
      <object_component id="oc-d2">
         <name>.text.ti_sysbios_knl_Task_schedule</name>
         <load_address>0x232c</load_address>
         <readonly>true</readonly>
         <executable>true</executable>
         <run_address>0x232c</run_address>
         <size>0x48</size>
         <alignment>0x4</alignment>
         <input_file_ref idref="fl-4"/>
      </object_component>
      <object_component id="oc-d9">
         <name>.text.ti_sysbios_runtime_Startup_exec</name>
         <load_address>0x2374</load_address>
         <readonly>true</readonly>
         <executable>true</executable>
         <run_address>0x2374</run_address>
         <size>0x48</size>
         <alignment>0x4</alignment>
         <input_file_ref idref="fl-4"/>
      </object_component>
      <object_component id="oc-106">
         <name>.text.BIOS_atExitFunc</name>
         <load_address>0x23bc</load_address>
         <readonly>true</readonly>
         <executable>true</executable>
         <run_address>0x23bc</run_address>
         <size>0x44</size>
         <alignment>0x4</alignment>
         <input_file_ref idref="fl-4"/>
      </object_component>
      <object_component id="oc-144">
         <name>.text.GPIO_hwiIntFxn</name>
         <load_address>0x2400</load_address>
         <readonly>true</readonly>
         <executable>true</executable>
         <run_address>0x2400</run_address>
         <size>0x44</size>
         <alignment>0x4</alignment>
         <input_file_ref idref="fl-1b"/>
      </object_component>
      <object_component id="oc-237">
         <name>.text.NOROM_PRCMPowerDomainsAllOff</name>
         <load_address>0x2444</load_address>
         <readonly>true</readonly>
         <executable>true</executable>
         <run_address>0x2444</run_address>
         <size>0x44</size>
         <alignment>0x4</alignment>
         <input_file_ref idref="fl-21"/>
      </object_component>
      <object_component id="oc-1a3">
         <name>.text.NOROM_PRCMPowerDomainsAllOn</name>
         <load_address>0x2488</load_address>
         <readonly>true</readonly>
         <executable>true</executable>
         <run_address>0x2488</run_address>
         <size>0x44</size>
         <alignment>0x4</alignment>
         <input_file_ref idref="fl-21"/>
      </object_component>
      <object_component id="oc-185">
         <name>.text.ti_sysbios_family_arm_m3_Hwi_construct2</name>
         <load_address>0x24cc</load_address>
         <readonly>true</readonly>
         <executable>true</executable>
         <run_address>0x24cc</run_address>
         <size>0x44</size>
         <alignment>0x4</alignment>
         <input_file_ref idref="fl-4"/>
      </object_component>
      <object_component id="oc-244">
         <name>.text.ti_sysbios_family_arm_m3_Hwi_disableInterrupt</name>
         <load_address>0x2510</load_address>
         <readonly>true</readonly>
         <executable>true</executable>
         <run_address>0x2510</run_address>
         <size>0x44</size>
         <alignment>0x4</alignment>
         <input_file_ref idref="fl-4"/>
      </object_component>
      <object_component id="oc-250">
         <name>.text.ti_sysbios_family_arm_m3_Hwi_enableInterrupt</name>
         <load_address>0x2554</load_address>
         <readonly>true</readonly>
         <executable>true</executable>
         <run_address>0x2554</run_address>
         <size>0x44</size>
         <alignment>0x4</alignment>
         <input_file_ref idref="fl-4"/>
      </object_component>
      <object_component id="oc-16a">
         <name>.text.ti_sysbios_knl_Swi_restore</name>
         <load_address>0x2598</load_address>
         <readonly>true</readonly>
         <executable>true</executable>
         <run_address>0x2598</run_address>
         <size>0x44</size>
         <alignment>0x4</alignment>
         <input_file_ref idref="fl-4"/>
      </object_component>
      <object_component id="oc-f1">
         <name>.text.ti_sysbios_knl_Task_create</name>
         <load_address>0x25dc</load_address>
         <readonly>true</readonly>
         <executable>true</executable>
         <run_address>0x25dc</run_address>
         <size>0x44</size>
         <alignment>0x4</alignment>
         <input_file_ref idref="fl-4"/>
      </object_component>
      <object_component id="oc-12e">
         <name>.text.PowerCC26X2_RCOSC_clockFunc</name>
         <load_address>0x2620</load_address>
         <readonly>true</readonly>
         <executable>true</executable>
         <run_address>0x2620</run_address>
         <size>0x40</size>
         <alignment>0x4</alignment>
         <input_file_ref idref="fl-19"/>
      </object_component>
      <object_component id="oc-1ff">
         <name>.text.PowerCC26X2_setAclkRefSrc</name>
         <load_address>0x2660</load_address>
         <readonly>true</readonly>
         <executable>true</executable>
         <run_address>0x2660</run_address>
         <size>0x40</size>
         <alignment>0x4</alignment>
         <input_file_ref idref="fl-1c"/>
      </object_component>
      <object_component id="oc-1d4">
         <name>.text.ti_sysbios_heaps_HeapMem_getStats</name>
         <load_address>0x26a0</load_address>
         <readonly>true</readonly>
         <executable>true</executable>
         <run_address>0x26a0</run_address>
         <size>0x40</size>
         <alignment>0x4</alignment>
         <input_file_ref idref="fl-4"/>
      </object_component>
      <object_component id="oc-1ee">
         <name>.text.ti_sysbios_knl_Clock_getTicksUntilInterrupt</name>
         <load_address>0x26e0</load_address>
         <readonly>true</readonly>
         <executable>true</executable>
         <run_address>0x26e0</run_address>
         <size>0x40</size>
         <alignment>0x4</alignment>
         <input_file_ref idref="fl-4"/>
      </object_component>
      <object_component id="oc-23b">
         <name>.text.ti_sysbios_knl_Task_exit</name>
         <load_address>0x2720</load_address>
         <readonly>true</readonly>
         <executable>true</executable>
         <run_address>0x2720</run_address>
         <size>0x40</size>
         <alignment>0x4</alignment>
         <input_file_ref idref="fl-4"/>
      </object_component>
      <object_component id="oc-14c">
         <name>.text.GPIO_resetConfig</name>
         <load_address>0x2760</load_address>
         <readonly>true</readonly>
         <executable>true</executable>
         <run_address>0x2760</run_address>
         <size>0x3c</size>
         <alignment>0x4</alignment>
         <input_file_ref idref="fl-16"/>
      </object_component>
      <object_component id="oc-127">
         <name>.text.HwiP_construct</name>
         <load_address>0x279c</load_address>
         <readonly>true</readonly>
         <executable>true</executable>
         <run_address>0x279c</run_address>
         <size>0x3c</size>
         <alignment>0x4</alignment>
         <input_file_ref idref="fl-4"/>
      </object_component>
      <object_component id="oc-1fa">
         <name>.text.NOROM_OSC_HPOSCRelativeFrequencyOffsetGet</name>
         <load_address>0x27d8</load_address>
         <readonly>true</readonly>
         <executable>true</executable>
         <run_address>0x27d8</run_address>
         <size>0x3c</size>
         <alignment>0x4</alignment>
         <input_file_ref idref="fl-20"/>
      </object_component>
      <object_component id="oc-1fe">
         <name>.text.PowerCC26X2_setTdcClkSrc24M</name>
         <load_address>0x2814</load_address>
         <readonly>true</readonly>
         <executable>true</executable>
         <run_address>0x2814</run_address>
         <size>0x3c</size>
         <alignment>0x4</alignment>
         <input_file_ref idref="fl-1c"/>
      </object_component>
      <object_component id="oc-219">
         <name>.text.ti_sysbios_family_arm_cc26xx_Timer_periodicStub</name>
         <load_address>0x2850</load_address>
         <readonly>true</readonly>
         <executable>true</executable>
         <run_address>0x2850</run_address>
         <size>0x3c</size>
         <alignment>0x4</alignment>
         <input_file_ref idref="fl-4"/>
      </object_component>
      <object_component id="oc-171">
         <name>.text.ti_sysbios_heaps_HeapMem_construct</name>
         <load_address>0x288c</load_address>
         <readonly>true</readonly>
         <executable>true</executable>
         <run_address>0x288c</run_address>
         <size>0x3c</size>
         <alignment>0x4</alignment>
         <input_file_ref idref="fl-4"/>
      </object_component>
      <object_component id="oc-174">
         <name>.text.ti_sysbios_knl_ClockSupport_init</name>
         <load_address>0x28c8</load_address>
         <readonly>true</readonly>
         <executable>true</executable>
         <run_address>0x28c8</run_address>
         <size>0x3c</size>
         <alignment>0x4</alignment>
         <input_file_ref idref="fl-4"/>
      </object_component>
      <object_component id="oc-20b">
         <name>.text.ti_sysbios_knl_Task_blockI</name>
         <load_address>0x2904</load_address>
         <readonly>true</readonly>
         <executable>true</executable>
         <run_address>0x2904</run_address>
         <size>0x3c</size>
         <alignment>0x4</alignment>
         <input_file_ref idref="fl-4"/>
      </object_component>
      <object_component id="oc-157">
         <name>.text.ti_sysbios_knl_Task_restore</name>
         <load_address>0x2940</load_address>
         <readonly>true</readonly>
         <executable>true</executable>
         <run_address>0x2940</run_address>
         <size>0x3c</size>
         <alignment>0x4</alignment>
         <input_file_ref idref="fl-4"/>
      </object_component>
      <object_component id="oc-ef">
         <name>.text.ti_sysbios_runtime_Memory_alloc</name>
         <load_address>0x297c</load_address>
         <readonly>true</readonly>
         <executable>true</executable>
         <run_address>0x297c</run_address>
         <size>0x3c</size>
         <alignment>0x4</alignment>
         <input_file_ref idref="fl-4"/>
      </object_component>
      <object_component id="oc-d5">
         <name>.text.NOROM_AUXSYSIFOpModeChange</name>
         <load_address>0x29b8</load_address>
         <readonly>true</readonly>
         <executable>true</executable>
         <run_address>0x29b8</run_address>
         <size>0x38</size>
         <alignment>0x4</alignment>
         <input_file_ref idref="fl-24"/>
      </object_component>
      <object_component id="oc-226">
         <name>.text.NOROM_OSCHF_SwitchToRcOscTurnOffXosc</name>
         <load_address>0x29f0</load_address>
         <readonly>true</readonly>
         <executable>true</executable>
         <run_address>0x29f0</run_address>
         <size>0x38</size>
         <alignment>0x4</alignment>
         <input_file_ref idref="fl-20"/>
      </object_component>
      <object_component id="oc-22c">
         <name>.text.NOROM_SysCtrlIdle</name>
         <load_address>0x2a28</load_address>
         <readonly>true</readonly>
         <executable>true</executable>
         <run_address>0x2a28</run_address>
         <size>0x38</size>
         <alignment>0x4</alignment>
         <input_file_ref idref="fl-23"/>
      </object_component>
      <object_component id="oc-248">
         <name>.text.OSCHfSourceSwitch</name>
         <load_address>0x2a60</load_address>
         <readonly>true</readonly>
         <executable>true</executable>
         <run_address>0x2a60</run_address>
         <size>0x38</size>
         <alignment>0x4</alignment>
         <input_file_ref idref="fl-20"/>
      </object_component>
      <object_component id="oc-129">
         <name>.text.PowerCC26X2_oscDisableQualifiers</name>
         <load_address>0x2a98</load_address>
         <readonly>true</readonly>
         <executable>true</executable>
         <run_address>0x2a98</run_address>
         <size>0x38</size>
         <alignment>0x4</alignment>
         <input_file_ref idref="fl-1d"/>
      </object_component>
      <object_component id="oc-207">
         <name>.text.ti_sysbios_knl_Task_processVitalTaskFlag</name>
         <load_address>0x2ad0</load_address>
         <readonly>true</readonly>
         <executable>true</executable>
         <run_address>0x2ad0</run_address>
         <size>0x38</size>
         <alignment>0x4</alignment>
         <input_file_ref idref="fl-4"/>
      </object_component>
      <object_component id="oc-78">
         <name>.text:__TI_auto_init_nobinit_nopinit</name>
         <load_address>0x2b08</load_address>
         <readonly>true</readonly>
         <executable>true</executable>
         <run_address>0x2b08</run_address>
         <size>0x38</size>
         <alignment>0x4</alignment>
         <input_file_ref idref="fl-45"/>
      </object_component>
      <object_component id="oc-190">
         <name>.text.PowerCC26X2_setSubSecIncToXoscLf</name>
         <load_address>0x2b40</load_address>
         <readonly>true</readonly>
         <executable>true</executable>
         <run_address>0x2b40</run_address>
         <size>0x34</size>
         <alignment>0x4</alignment>
         <input_file_ref idref="fl-1d"/>
      </object_component>
      <object_component id="oc-192">
         <name>.text.Power_releaseConstraint</name>
         <load_address>0x2b74</load_address>
         <readonly>true</readonly>
         <executable>true</executable>
         <run_address>0x2b74</run_address>
         <size>0x34</size>
         <alignment>0x4</alignment>
         <input_file_ref idref="fl-18"/>
      </object_component>
      <object_component id="oc-242">
         <name>.text._pthread_cleanupFxn</name>
         <load_address>0x2ba8</load_address>
         <readonly>true</readonly>
         <executable>true</executable>
         <run_address>0x2ba8</run_address>
         <size>0x34</size>
         <alignment>0x4</alignment>
         <input_file_ref idref="fl-4"/>
      </object_component>
      <object_component id="oc-23e">
         <name>.text.ti_sysbios_family_arm_cc26xx_Timer_setThreshold</name>
         <load_address>0x2bdc</load_address>
         <readonly>true</readonly>
         <executable>true</executable>
         <run_address>0x2bdc</run_address>
         <size>0x34</size>
         <alignment>0x4</alignment>
         <input_file_ref idref="fl-4"/>
      </object_component>
      <object_component id="oc-16f">
         <name>.text.ti_sysbios_family_arm_m3_Hwi_getStackInfo</name>
         <load_address>0x2c10</load_address>
         <readonly>true</readonly>
         <executable>true</executable>
         <run_address>0x2c10</run_address>
         <size>0x34</size>
         <alignment>0x4</alignment>
         <input_file_ref idref="fl-4"/>
      </object_component>
      <object_component id="oc-11a">
         <name>.text.ti_sysbios_family_arm_m3_Hwi_init</name>
         <load_address>0x2c44</load_address>
         <readonly>true</readonly>
         <executable>true</executable>
         <run_address>0x2c44</run_address>
         <size>0x34</size>
         <alignment>0x4</alignment>
         <input_file_ref idref="fl-4"/>
      </object_component>
      <object_component id="oc-183">
         <name>.text.ti_sysbios_knl_Clock_Instance_init</name>
         <load_address>0x2c78</load_address>
         <readonly>true</readonly>
         <executable>true</executable>
         <run_address>0x2c78</run_address>
         <size>0x34</size>
         <alignment>0x4</alignment>
         <input_file_ref idref="fl-4"/>
      </object_component>
      <object_component id="oc-20a">
         <name>.text.ti_sysbios_knl_Task_unblockI</name>
         <load_address>0x2cac</load_address>
         <readonly>true</readonly>
         <executable>true</executable>
         <run_address>0x2cac</run_address>
         <size>0x34</size>
         <alignment>0x4</alignment>
         <input_file_ref idref="fl-4"/>
      </object_component>
      <object_component id="oc-23c">
         <name>.text.ti_sysbios_knl_Semaphore_pendTimeout</name>
         <load_address>0x2ce0</load_address>
         <readonly>true</readonly>
         <executable>true</executable>
         <run_address>0x2ce0</run_address>
         <size>0x32</size>
         <alignment>0x2</alignment>
         <input_file_ref idref="fl-4"/>
      </object_component>
      <object_component id="oc-21c">
         <name>.text.__aeabi_ldiv0</name>
         <load_address>0x2d12</load_address>
         <readonly>true</readonly>
         <executable>true</executable>
         <run_address>0x2d12</run_address>
         <size>0x2</size>
         <alignment>0x2</alignment>
         <input_file_ref idref="fl-10f"/>
      </object_component>
      <object_component id="oc-149">
         <name>.text.Board_wakeUpExtFlash</name>
         <load_address>0x2d14</load_address>
         <readonly>true</readonly>
         <executable>true</executable>
         <run_address>0x2d14</run_address>
         <size>0x30</size>
         <alignment>0x4</alignment>
         <input_file_ref idref="fl-3"/>
      </object_component>
      <object_component id="oc-123">
         <name>.text.ClockP_construct</name>
         <load_address>0x2d44</load_address>
         <readonly>true</readonly>
         <executable>true</executable>
         <run_address>0x2d44</run_address>
         <size>0x30</size>
         <alignment>0x4</alignment>
         <input_file_ref idref="fl-4"/>
      </object_component>
      <object_component id="oc-128">
         <name>.text.Power_setConstraint</name>
         <load_address>0x2d74</load_address>
         <readonly>true</readonly>
         <executable>true</executable>
         <run_address>0x2d74</run_address>
         <size>0x30</size>
         <alignment>0x4</alignment>
         <input_file_ref idref="fl-18"/>
      </object_component>
      <object_component id="oc-193">
         <name>.text.notify</name>
         <load_address>0x2da4</load_address>
         <readonly>true</readonly>
         <executable>true</executable>
         <run_address>0x2da4</run_address>
         <size>0x30</size>
         <alignment>0x4</alignment>
         <input_file_ref idref="fl-18"/>
      </object_component>
      <object_component id="oc-f6">
         <name>.text.testGPIO</name>
         <load_address>0x2dd4</load_address>
         <readonly>true</readonly>
         <executable>true</executable>
         <run_address>0x2dd4</run_address>
         <size>0x30</size>
         <alignment>0x4</alignment>
         <input_file_ref idref="fl-1"/>
      </object_component>
      <object_component id="oc-97">
         <name>.text.ti_sysbios_family_arm_m3_Hwi_excHandlerMin</name>
         <load_address>0x2e04</load_address>
         <readonly>true</readonly>
         <executable>true</executable>
         <run_address>0x2e04</run_address>
         <size>0x30</size>
         <alignment>0x4</alignment>
         <input_file_ref idref="fl-4"/>
      </object_component>
      <object_component id="oc-1d6">
         <name>.text.ti_sysbios_heaps_HeapMem_free</name>
         <load_address>0x2e34</load_address>
         <readonly>true</readonly>
         <executable>true</executable>
         <run_address>0x2e34</run_address>
         <size>0x30</size>
         <alignment>0x4</alignment>
         <input_file_ref idref="fl-4"/>
      </object_component>
      <object_component id="oc-100">
         <name>.text.ti_sysbios_runtime_System_atexit</name>
         <load_address>0x2e64</load_address>
         <readonly>true</readonly>
         <executable>true</executable>
         <run_address>0x2e64</run_address>
         <size>0x30</size>
         <alignment>0x4</alignment>
         <input_file_ref idref="fl-4"/>
      </object_component>
      <object_component id="oc-8c">
         <name>.text.ti_sysbios_runtime_System_processAtExit</name>
         <load_address>0x2e94</load_address>
         <readonly>true</readonly>
         <executable>true</executable>
         <run_address>0x2e94</run_address>
         <size>0x30</size>
         <alignment>0x4</alignment>
         <input_file_ref idref="fl-4"/>
      </object_component>
      <object_component id="oc-227">
         <name>.text.PowerCC26XX_schedulerDisable</name>
         <load_address>0x2ec4</load_address>
         <readonly>true</readonly>
         <executable>true</executable>
         <run_address>0x2ec4</run_address>
         <size>0x2c</size>
         <alignment>0x4</alignment>
         <input_file_ref idref="fl-4"/>
      </object_component>
      <object_component id="oc-f3">
         <name>.text._pthread_delete</name>
         <load_address>0x2ef0</load_address>
         <readonly>true</readonly>
         <executable>true</executable>
         <run_address>0x2ef0</run_address>
         <size>0x2c</size>
         <alignment>0x4</alignment>
         <input_file_ref idref="fl-4"/>
      </object_component>
      <object_component id="oc-15b">
         <name>.text.sleep</name>
         <load_address>0x2f1c</load_address>
         <readonly>true</readonly>
         <executable>true</executable>
         <run_address>0x2f1c</run_address>
         <size>0x2c</size>
         <alignment>0x4</alignment>
         <input_file_ref idref="fl-4"/>
      </object_component>
      <object_component id="oc-1c9">
         <name>.text.ti_sysbios_gates_GateMutex_enter</name>
         <load_address>0x2f48</load_address>
         <readonly>true</readonly>
         <executable>true</executable>
         <run_address>0x2f48</run_address>
         <size>0x2c</size>
         <alignment>0x4</alignment>
         <input_file_ref idref="fl-4"/>
      </object_component>
      <object_component id="oc-23d">
         <name>.text.ti_sysbios_knl_Clock_getTicks</name>
         <load_address>0x2f74</load_address>
         <readonly>true</readonly>
         <executable>true</executable>
         <run_address>0x2f74</run_address>
         <size>0x2c</size>
         <alignment>0x4</alignment>
         <input_file_ref idref="fl-4"/>
      </object_component>
      <object_component id="oc-9c">
         <name>.text.ti_sysbios_knl_Task_restoreHwi</name>
         <load_address>0x2fa0</load_address>
         <readonly>true</readonly>
         <executable>true</executable>
         <run_address>0x2fa0</run_address>
         <size>0x2c</size>
         <alignment>0x4</alignment>
         <input_file_ref idref="fl-4"/>
      </object_component>
      <object_component id="oc-241">
         <name>.text.ti_sysbios_family_arm_cc26xx_Timer_setNextTick</name>
         <load_address>0x2fcc</load_address>
         <readonly>true</readonly>
         <executable>true</executable>
         <run_address>0x2fcc</run_address>
         <size>0x2a</size>
         <alignment>0x2</alignment>
         <input_file_ref idref="fl-4"/>
      </object_component>
      <object_component id="oc-109">
         <name>.text.ti_sysbios_knl_Task_allBlockedFunction</name>
         <load_address>0x2ff6</load_address>
         <readonly>true</readonly>
         <executable>true</executable>
         <run_address>0x2ff6</run_address>
         <size>0x2a</size>
         <alignment>0x2</alignment>
         <input_file_ref idref="fl-4"/>
      </object_component>
      <object_component id="oc-102">
         <name>.text.BIOS_registerRTSLock</name>
         <load_address>0x3020</load_address>
         <readonly>true</readonly>
         <executable>true</executable>
         <run_address>0x3020</run_address>
         <size>0x28</size>
         <alignment>0x4</alignment>
         <input_file_ref idref="fl-4"/>
      </object_component>
      <object_component id="oc-48">
         <name>.text.ti_sysbios_family_arm_m3_Hwi_excHandlerAsm</name>
         <load_address>0x3048</load_address>
         <readonly>true</readonly>
         <executable>true</executable>
         <run_address>0x3048</run_address>
         <size>0x28</size>
         <alignment>0x4</alignment>
         <input_file_ref idref="fl-27"/>
      </object_component>
      <object_component id="oc-101">
         <name>.text.ti_sysbios_gates_GateMutex_Instance_init</name>
         <load_address>0x3070</load_address>
         <readonly>true</readonly>
         <executable>true</executable>
         <run_address>0x3070</run_address>
         <size>0x28</size>
         <alignment>0x4</alignment>
         <input_file_ref idref="fl-4"/>
      </object_component>
      <object_component id="oc-f0">
         <name>.text.ti_sysbios_knl_Semaphore_Instance_init</name>
         <load_address>0x3098</load_address>
         <readonly>true</readonly>
         <executable>true</executable>
         <run_address>0x3098</run_address>
         <size>0x28</size>
         <alignment>0x4</alignment>
         <input_file_ref idref="fl-4"/>
      </object_component>
      <object_component id="oc-117">
         <name>.text.ti_sysbios_knl_Swi_init</name>
         <load_address>0x30c0</load_address>
         <readonly>true</readonly>
         <executable>true</executable>
         <run_address>0x30c0</run_address>
         <size>0x28</size>
         <alignment>0x4</alignment>
         <input_file_ref idref="fl-4"/>
      </object_component>
      <object_component id="oc-156">
         <name>.text.ti_sysbios_knl_Task_construct</name>
         <load_address>0x30e8</load_address>
         <readonly>true</readonly>
         <executable>true</executable>
         <run_address>0x30e8</run_address>
         <size>0x28</size>
         <alignment>0x4</alignment>
         <input_file_ref idref="fl-4"/>
      </object_component>
      <object_component id="oc-118">
         <name>.text.ti_sysbios_knl_Task_init</name>
         <load_address>0x3110</load_address>
         <readonly>true</readonly>
         <executable>true</executable>
         <run_address>0x3110</run_address>
         <size>0x28</size>
         <alignment>0x4</alignment>
         <input_file_ref idref="fl-4"/>
      </object_component>
      <object_component id="oc-108">
         <name>.text.BIOS_removeRTSLock</name>
         <load_address>0x3138</load_address>
         <readonly>true</readonly>
         <executable>true</executable>
         <run_address>0x3138</run_address>
         <size>0x24</size>
         <alignment>0x4</alignment>
         <input_file_ref idref="fl-4"/>
      </object_component>
      <object_component id="oc-1f4">
         <name>.text.NOROM_OSCHF_TurnOnXosc</name>
         <load_address>0x315c</load_address>
         <readonly>true</readonly>
         <executable>true</executable>
         <run_address>0x315c</run_address>
         <size>0x24</size>
         <alignment>0x4</alignment>
         <input_file_ref idref="fl-20"/>
      </object_component>
      <object_component id="oc-19b">
         <name>.text.PowerCC26X2_writeCtrim</name>
         <load_address>0x3180</load_address>
         <readonly>true</readonly>
         <executable>true</executable>
         <run_address>0x3180</run_address>
         <size>0x24</size>
         <alignment>0x4</alignment>
         <input_file_ref idref="fl-1c"/>
      </object_component>
      <object_component id="oc-19c">
         <name>.text.PowerCC26X2_writeCtrimFract</name>
         <load_address>0x31a4</load_address>
         <readonly>true</readonly>
         <executable>true</executable>
         <run_address>0x31a4</run_address>
         <size>0x24</size>
         <alignment>0x4</alignment>
         <input_file_ref idref="fl-1c"/>
      </object_component>
      <object_component id="oc-1a1">
         <name>.text.PowerCC26X2_writeCtrimFractEn</name>
         <load_address>0x31c8</load_address>
         <readonly>true</readonly>
         <executable>true</executable>
         <run_address>0x31c8</run_address>
         <size>0x24</size>
         <alignment>0x4</alignment>
         <input_file_ref idref="fl-1c"/>
      </object_component>
      <object_component id="oc-19d">
         <name>.text.PowerCC26X2_writeRtrim</name>
         <load_address>0x31ec</load_address>
         <readonly>true</readonly>
         <executable>true</executable>
         <run_address>0x31ec</run_address>
         <size>0x24</size>
         <alignment>0x4</alignment>
         <input_file_ref idref="fl-1c"/>
      </object_component>
      <object_component id="oc-1e4">
         <name>.text.ti_sysbios_family_arm_m3_Hwi_construct</name>
         <load_address>0x3210</load_address>
         <readonly>true</readonly>
         <executable>true</executable>
         <run_address>0x3210</run_address>
         <size>0x24</size>
         <alignment>0x4</alignment>
         <input_file_ref idref="fl-4"/>
      </object_component>
      <object_component id="oc-158">
         <name>.text.ti_sysbios_knl_Semaphore_destruct</name>
         <load_address>0x3234</load_address>
         <readonly>true</readonly>
         <executable>true</executable>
         <run_address>0x3234</run_address>
         <size>0x24</size>
         <alignment>0x2</alignment>
         <input_file_ref idref="fl-4"/>
      </object_component>
      <object_component id="oc-23a">
         <name>.text.ti_sysbios_knl_Task_enter</name>
         <load_address>0x3258</load_address>
         <readonly>true</readonly>
         <executable>true</executable>
         <run_address>0x3258</run_address>
         <size>0x24</size>
         <alignment>0x4</alignment>
         <input_file_ref idref="fl-4"/>
      </object_component>
      <object_component id="oc-27">
         <name>.text:_c_int00</name>
         <load_address>0x327c</load_address>
         <readonly>true</readonly>
         <executable>true</executable>
         <run_address>0x327c</run_address>
         <size>0x24</size>
         <alignment>0x4</alignment>
         <input_file_ref idref="fl-29"/>
      </object_component>
      <object_component id="oc-9d">
         <name>.text.NOROM_ThisLibraryIsFor_CC13x1_CC26x1_HaltIfViolated</name>
         <load_address>0x32a0</load_address>
         <readonly>true</readonly>
         <executable>true</executable>
         <run_address>0x32a0</run_address>
         <size>0x20</size>
         <alignment>0x4</alignment>
         <input_file_ref idref="fl-25"/>
      </object_component>
      <object_component id="oc-1e9">
         <name>.text.PowerCC26X2_disableTCXOQual</name>
         <load_address>0x32c0</load_address>
         <readonly>true</readonly>
         <executable>true</executable>
         <run_address>0x32c0</run_address>
         <size>0x20</size>
         <alignment>0x4</alignment>
         <input_file_ref idref="fl-1d"/>
      </object_component>
[...]
      <symbol id="sm-2a4">
         <name>ti_sysbios_runtime_Error_ignore</name>
         <value>0x20002844</value>
         <object_component_ref idref="oc-9a"/>
      </symbol>
      <symbol id="sm-2a5">
         <name>ti_sysbios_family_arm_cc26xx_Timer_Module_state</name>
         <value>0x20002850</value>
         <object_component_ref idref="oc-9a"/>
      </symbol>
      <symbol id="sm-2a6">
         <name>ti_sysbios_runtime_System_Module_state</name>
         <value>0x2000285c</value>
         <object_component_ref idref="oc-9a"/>
      </symbol>
      <symbol id="sm-2a7">
         <name>ti_sysbios_knl_Swi_Module_state</name>
         <value>0x20002868</value>
         <object_component_ref idref="oc-9a"/>
      </symbol>
      <symbol id="sm-2a8">
         <name>BIOS_Module_state</name>
         <value>0x200027c0</value>
         <object_component_ref idref="oc-98"/>
      </symbol>
      <symbol id="sm-2a9">
         <name>ti_sysbios_family_arm_m3_Hwi_Module_state</name>
         <value>0x200027ec</value>
         <object_component_ref idref="oc-98"/>
      </symbol>
      <symbol id="sm-2b3">
         <name>main</name>
         <value>0x1ea9</value>
         <object_component_ref idref="oc-85"/>
      </symbol>
      <symbol id="sm-2b4">
         <name>__TI_ATRegion0_src_addr</name>
         <value>0x0</value>
      </symbol>
      <symbol id="sm-2b5">
         <name>__TI_ATRegion0_trg_addr</name>
         <value>0x0</value>
      </symbol>
      <symbol id="sm-2b6">
         <name>__TI_ATRegion0_region_sz</name>
         <value>0x0</value>
      </symbol>
      <symbol id="sm-2b7">
         <name>__TI_ATRegion1_src_addr</name>
         <value>0x0</value>
      </symbol>
      <symbol id="sm-2b8">
         <name>__TI_ATRegion1_trg_addr</name>
         <value>0x0</value>
      </symbol>
      <symbol id="sm-2b9">
         <name>__TI_ATRegion1_region_sz</name>
         <value>0x0</value>
      </symbol>
      <symbol id="sm-2ba">
         <name>__TI_ATRegion2_src_addr</name>
         <value>0x0</value>
      </symbol>
      <symbol id="sm-2bb">
         <name>__TI_ATRegion2_trg_addr</name>
         <value>0x0</value>
      </symbol>
      <symbol id="sm-2bc">
         <name>__TI_ATRegion2_region_sz</name>
         <value>0x0</value>
      </symbol>
      <symbol id="sm-2c7">
         <name>GPIO_resetConfig</name>
         <value>0x2761</value>
         <object_component_ref idref="oc-14c"/>
      </symbol>
      <symbol id="sm-2dd">
         <name>GPIO_disableInt</name>
         <value>0x3499</value>
         <object_component_ref idref="oc-1b5"/>
      </symbol>
      <symbol id="sm-2de">
         <name>GPIO_setConfig</name>
         <value>0x37e3</value>
         <object_component_ref idref="oc-14b"/>
      </symbol>
      <symbol id="sm-2df">
         <name>GPIO_setConfigAndMux</name>
         <value>0x1521</value>
         <object_component_ref idref="oc-1b4"/>
      </symbol>
      <symbol id="sm-2e0">
         <name>GPIO_write</name>
         <value>0x35f5</value>
         <object_component_ref idref="oc-13c"/>
      </symbol>
      <symbol id="sm-2e1">
         <name>GPIO_toggle</name>
         <value>0x356d</value>
         <object_component_ref idref="oc-15c"/>
      </symbol>
      <symbol id="sm-326">
         <name>Power_releaseConstraint</name>
         <value>0x2b75</value>
         <object_component_ref idref="oc-192"/>
      </symbol>
      <symbol id="sm-327">
         <name>Power_setConstraint</name>
         <value>0x2d75</value>
         <object_component_ref idref="oc-128"/>
      </symbol>
      <symbol id="sm-328">
         <name>PowerCC26X2_module</name>
         <value>0x200025d0</value>
         <object_component_ref idref="oc-12a"/>
      </symbol>
      <symbol id="sm-329">
         <name>Power_getConstraintMask</name>
         <value>0x3741</value>
         <object_component_ref idref="oc-1ed"/>
      </symbol>
      <symbol id="sm-32a">
         <name>Power_getTransitionLatency</name>
         <value>0x33dd</value>
         <object_component_ref idref="oc-1ef"/>
      </symbol>
      <symbol id="sm-32b">
         <name>Power_idleFunc</name>
         <value>0x34c9</value>
         <object_component_ref idref="oc-243"/>
      </symbol>
      <symbol id="sm-32c">
         <name>Power_init</name>
         <value>0x445</value>
         <object_component_ref idref="oc-dd"/>
      </symbol>
      <symbol id="sm-32d">
         <name>Power_releaseDependency</name>
         <value>0x12a9</value>
         <object_component_ref idref="oc-200"/>
      </symbol>
      <symbol id="sm-32e">
         <name>resourceDB</name>
         <value>0x3a72</value>
         <object_component_ref idref="oc-1a9"/>
      </symbol>
      <symbol id="sm-32f">
         <name>Power_setDependency</name>
         <value>0x1149</value>
         <object_component_ref idref="oc-13a"/>
      </symbol>
      <symbol id="sm-330">
         <name>Power_sleep</name>
         <value>0x1d1</value>
         <object_component_ref idref="oc-1f0"/>
      </symbol>
      <symbol id="sm-331">
         <name>PowerCC26XX_calibrate</name>
         <value>0x34b1</value>
         <object_component_ref idref="oc-18b"/>
      </symbol>
      <symbol id="sm-347">
         <name>PowerCC26X2_initiateCalibration</name>
         <value>0x1cc9</value>
         <object_component_ref idref="oc-1f3"/>
      </symbol>
      <symbol id="sm-348">
         <name>PowerCC26X2_auxISR</name>
         <value>0x3d</value>
         <object_component_ref idref="oc-135"/>
      </symbol>
      <symbol id="sm-349">
         <name>PowerCC26X2_calibrate</name>
         <value>0x55d</value>
         <object_component_ref idref="oc-1a2"/>
      </symbol>
      <symbol id="sm-34a">
         <name>PowerCC26X2_RCOSC_clockFunc</name>
         <value>0x2621</value>
         <object_component_ref idref="oc-12e"/>
      </symbol>
      <symbol id="sm-35d">
         <name>GPIO_hwiIntFxn</name>
         <value>0x2401</value>
         <object_component_ref idref="oc-144"/>
      </symbol>
      <symbol id="sm-35e">
         <name>GPIO_init</name>
         <value>0x669</value>
         <object_component_ref idref="oc-e3"/>
      </symbol>
      <symbol id="sm-384">
         <name>PowerCC26X2_updateSubSecInc</name>
         <value>0x179d</value>
         <object_component_ref idref="oc-195"/>
      </symbol>
      <symbol id="sm-385">
         <name>PowerCC26X2_readCtrim</name>
         <value>0x3635</value>
         <object_component_ref idref="oc-19e"/>
      </symbol>
      <symbol id="sm-386">
         <name>PowerCC26X2_readCtrimFract</name>
         <value>0x3645</value>
         <object_component_ref idref="oc-19f"/>
      </symbol>
      <symbol id="sm-387">
         <name>PowerCC26X2_readRtrim</name>
         <value>0x3655</value>
         <object_component_ref idref="oc-1a0"/>
      </symbol>
      <symbol id="sm-388">
         <name>PowerCC26X2_writeCtrim</name>
         <value>0x3181</value>
         <object_component_ref idref="oc-19b"/>
      </symbol>
      <symbol id="sm-389">
         <name>PowerCC26X2_writeCtrimFract</name>
         <value>0x31a5</value>
         <object_component_ref idref="oc-19c"/>
      </symbol>
      <symbol id="sm-38a">
         <name>PowerCC26X2_writeCtrimFractEn</name>
         <value>0x31c9</value>
         <object_component_ref idref="oc-1a1"/>
      </symbol>
      <symbol id="sm-38b">
         <name>PowerCC26X2_writeRtrim</name>
         <value>0x31ed</value>
         <object_component_ref idref="oc-19d"/>
      </symbol>
      <symbol id="sm-38c">
         <name>PowerCC26X2_setTdcClkSrc24M</name>
         <value>0x2815</value>
         <object_component_ref idref="oc-1fe"/>
      </symbol>
      <symbol id="sm-38d">
         <name>PowerCC26X2_setAclkRefSrc</name>
         <value>0x2661</value>
         <object_component_ref idref="oc-1ff"/>
      </symbol>
      <symbol id="sm-3c0">
         <name>PowerCC26X2_oscCtlClearXtal</name>
         <value>0x3615</value>
         <object_component_ref idref="oc-124"/>
      </symbol>
      <symbol id="sm-3c1">
         <name>PowerCC26X2_prcmEnableCacheRetention</name>
         <value>0x3625</value>
         <object_component_ref idref="oc-22a"/>
      </symbol>
      <symbol id="sm-3c2">
         <name>PowerCC26X2_oschfSwitchToRcosc</name>
         <value>0x3821</value>
         <object_component_ref idref="oc-1e7"/>
      </symbol>
      <symbol id="sm-3c3">
         <name>PowerCC26X2_oscClockSourceGet</name>
         <value>0x3711</value>
         <object_component_ref idref="oc-191"/>
      </symbol>
      <symbol id="sm-3c4">
         <name>PowerCC26X2_oscDisableQualifiers</name>
         <value>0x2a99</value>
         <object_component_ref idref="oc-129"/>
      </symbol>
      <symbol id="sm-3c5">
         <name>PowerCC26X2_oschfTrySwitchToXosc</name>
         <value>0x37c3</value>
         <object_component_ref idref="oc-1f9"/>
      </symbol>
      <symbol id="sm-3c6">
         <name>PowerCC26X2_enableTCXOQual</name>
         <value>0x32e1</value>
         <object_component_ref idref="oc-1e5"/>
      </symbol>
      <symbol id="sm-3c7">
         <name>PowerCC26X2_disableTCXOQual</name>
         <value>0x32c1</value>
         <object_component_ref idref="oc-1e9"/>
      </symbol>
      <symbol id="sm-3c8">
         <name>PowerCC26X2_turnOnXosc</name>
         <value>0x3829</value>
         <object_component_ref idref="oc-1ea"/>
      </symbol>
      <symbol id="sm-3c9">
         <name>PowerCC26X2_switchToTCXO</name>
         <value>0x3665</value>
         <object_component_ref idref="oc-18c"/>
      </symbol>
      <symbol id="sm-3ca">
         <name>PowerCC26X2_sysCtrlStandby</name>
         <value>0x379f</value>
         <object_component_ref idref="oc-229"/>
      </symbol>
      <symbol id="sm-3cb">
         <name>PowerCC26X2_sysCtrlIdle</name>
         <value>0x3825</value>
         <object_component_ref idref="oc-1f1"/>
      </symbol>
      <symbol id="sm-3cc">
         <name>PowerCC26X2_setPeriphDeepSleepEnable</name>
         <value>0x371d</value>
         <object_component_ref idref="oc-22b"/>
      </symbol>
      <symbol id="sm-3cd">
         <name>PowerCC26X2_sysCtrlGetResetSource</name>
         <value>0x3729</value>
         <object_component_ref idref="oc-11d"/>
      </symbol>
      <symbol id="sm-3ce">
         <name>PowerCC26X2_setSubSecIncToXoscLf</name>
         <value>0x2b41</value>
         <object_component_ref idref="oc-190"/>
      </symbol>
      <symbol id="sm-3cf">
         <name>PowerCC26X2_sysCtrlUpdateVoltageRegulator</name>
         <value>0x3735</value>
         <object_component_ref idref="oc-1ec"/>
      </symbol>
      <symbol id="sm-3de">
         <name>NOROM_CPUcpsid</name>
         <value>0x37b3</value>
         <object_component_ref idref="oc-1eb"/>
      </symbol>
      <symbol id="sm-3df">
         <name>NOROM_CPUcpsie</name>
         <value>0x37bb</value>
         <object_component_ref idref="oc-1f2"/>
      </symbol>
      <symbol id="sm-3e0">
         <name>NOROM_CPUdelay</name>
         <value>0x37ef</value>
         <object_component_ref idref="oc-1af"/>
      </symbol>
      <symbol id="sm-3fd">
         <name>NOROM_OSCHF_TurnOnXosc</name>
         <value>0x315d</value>
         <object_component_ref idref="oc-1f4"/>
      </symbol>
      <symbol id="sm-3fe">
         <name>NOROM_OSCHF_AttemptToSwitchToXosc</name>
         <value>0x1c65</value>
         <object_component_ref idref="oc-235"/>
      </symbol>
      <symbol id="sm-3ff">
         <name>NOROM_OSCHF_SwitchToRcOscTurnOffXosc</name>
         <value>0x29f1</value>
         <object_component_ref idref="oc-226"/>
      </symbol>
      <symbol id="sm-400">
         <name>_hposcCoeffs</name>
         <value>0x20002958</value>
         <object_component_ref idref="oc-236"/>
      </symbol>
      <symbol id="sm-401">
         <name>NOROM_OSC_HPOSCRelativeFrequencyOffsetGet</name>
         <value>0x27d9</value>
         <object_component_ref idref="oc-1fa"/>
      </symbol>
      <symbol id="sm-40f">
         <name>NOROM_PRCMPowerDomainsAllOff</name>
         <value>0x2445</value>
         <object_component_ref idref="oc-237"/>
      </symbol>
      <symbol id="sm-410">
         <name>NOROM_PRCMPowerDomainsAllOn</name>
         <value>0x2489</value>
         <object_component_ref idref="oc-1a3"/>
      </symbol>
      <symbol id="sm-41f">
         <name>NOROM_SetupTrimDevice</name>
         <value>0xcb9</value>
         <object_component_ref idref="oc-72"/>
      </symbol>
      <symbol id="sm-42d">
         <name>NOROM_SysCtrlIdle</name>
         <value>0x2a29</value>
         <object_component_ref idref="oc-22c"/>
      </symbol>
      <symbol id="sm-42e">
         <name>NOROM_SysCtrlStandby</name>
         <value>0x76d</value>
         <object_component_ref idref="oc-24b"/>
      </symbol>
      <symbol id="sm-43b">
         <name>NOROM_AUXSYSIFOpModeChange</name>
         <value>0x29b9</value>
         <object_component_ref idref="oc-d5"/>
      </symbol>
      <symbol id="sm-446">
         <name>NOROM_ThisLibraryIsFor_CC13x1_CC26x1_HaltIfViolated</name>
         <value>0x32a1</value>
         <object_component_ref idref="oc-9d"/>
      </symbol>
      <symbol id="sm-44f">
         <name>ti_sysbios_knl_TaskSupport_swap</name>
         <value>0x3341</value>
         <object_component_ref idref="oc-10a"/>
      </symbol>
      <symbol id="sm-450">
         <name>ti_sysbios_knl_TaskSupport_glue</name>
         <value>0x3511</value>
         <object_component_ref idref="oc-24f"/>
      </symbol>
      <symbol id="sm-451">
         <name>ti_sysbios_knl_TaskSupport_swapReturn</name>
         <value>0x3348</value>
         <object_component_ref idref="oc-10a"/>
      </symbol>
      <symbol id="sm-466">
         <name>ti_sysbios_family_arm_m3_Hwi_dispatch</name>
         <value>0x85d</value>
         <object_component_ref idref="oc-4d"/>
      </symbol>
      <symbol id="sm-467">
         <name>ti_sysbios_family_arm_m3_Hwi_pendSV</name>
         <value>0x915</value>
         <object_component_ref idref="oc-4d"/>
      </symbol>
      <symbol id="sm-468">
         <name>ti_sysbios_family_arm_m3_Hwi_excHandlerAsm</name>
         <value>0x3049</value>
         <object_component_ref idref="oc-48"/>
      </symbol>
      <symbol id="sm-469">
         <name>ti_sysbios_family_arm_m3_Hwi_return</name>
         <value>0x92c</value>
         <object_component_ref idref="oc-4d"/>
      </symbol>
      <symbol id="sm-46a">
         <name>ti_sysbios_family_arm_m3_Hwi_interruptsAreDisabledButShouldNotBe</name>
         <value>0x910</value>
         <object_component_ref idref="oc-4d"/>
      </symbol>
      <symbol id="sm-476">
         <name>ti_sysbios_family_arm_m3_Hwi_switchAndRunFunc</name>
         <value>0x33a1</value>
         <object_component_ref idref="oc-211"/>
      </symbol>
      <symbol id="sm-477">
         <name>ti_sysbios_family_arm_m3_Hwi_initStacks</name>
         <value>0x220d</value>
         <object_component_ref idref="oc-1cc"/>
      </symbol>
      <symbol id="sm-480">
         <name>_c_int00</name>
         <value>0x327d</value>
         <object_component_ref idref="oc-27"/>
      </symbol>
      <symbol id="sm-481">
         <name>__stack</name>
         <value>0x20007c00</value>
         <object_component_ref idref="oc-44"/>
      </symbol>
      <symbol id="sm-48c">
         <name>abort</name>
         <value>0x3849</value>
         <object_component_ref idref="oc-1be"/>
      </symbol>
      <symbol id="sm-48d">
         <name>C$$EXIT</name>
         <value>0x3848</value>
         <object_component_ref idref="oc-1be"/>
      </symbol>
      <symbol id="sm-49c">
         <name>_nop</name>
         <value>0x33bf</value>
         <object_component_ref idref="oc-16c"/>
      </symbol>
      <symbol id="sm-49d">
         <name>_register_lock</name>
         <value>0x374d</value>
         <object_component_ref idref="oc-162"/>
      </symbol>
      <symbol id="sm-49e">
         <name>_lock</name>
         <value>0x20002984</value>
         <object_component_ref idref="oc-1c5"/>
      </symbol>
      <symbol id="sm-49f">
         <name>_register_unlock</name>
         <value>0x3759</value>
         <object_component_ref idref="oc-167"/>
      </symbol>
      <symbol id="sm-4a0">
         <name>_unlock</name>
         <value>0x20002988</value>
         <object_component_ref idref="oc-1c8"/>
      </symbol>
      <symbol id="sm-4aa">
         <name>_args_main</name>
         <value>0x3595</value>
         <object_component_ref idref="oc-53"/>
      </symbol>
      <symbol id="sm-4b7">
         <name>__TI_auto_init_nobinit_nopinit</name>
         <value>0x2b09</value>
         <object_component_ref idref="oc-78"/>
      </symbol>
      <symbol id="sm-4c2">
         <name>__TI_zero_init</name>
         <value>0x3695</value>
         <object_component_ref idref="oc-6b"/>
      </symbol>
      <symbol id="sm-4cb">
         <name>__TI_decompress_none</name>
         <value>0x36dd</value>
         <object_component_ref idref="oc-33"/>
      </symbol>
      <symbol id="sm-4d5">
         <name>__TI_decompress_lzss</name>
         <value>0x18f9</value>
         <object_component_ref idref="oc-2f"/>
      </symbol>
      <symbol id="sm-4f9">
         <name>__aeabi_memcpy</name>
         <value>0x3831</value>
         <object_component_ref idref="oc-5e"/>
      </symbol>
      <symbol id="sm-4fa">
         <name>__aeabi_memcpy4</name>
         <value>0x3831</value>
         <object_component_ref idref="oc-5e"/>
      </symbol>
      <symbol id="sm-4fb">
         <name>__aeabi_memcpy8</name>
         <value>0x3831</value>
         <object_component_ref idref="oc-5e"/>
      </symbol>
      <symbol id="sm-504">
         <name>__aeabi_memset</name>
         <value>0x37a9</value>
         <object_component_ref idref="oc-24e"/>
      </symbol>
      <symbol id="sm-505">
         <name>__aeabi_memset4</name>
         <value>0x37a9</value>
         <object_component_ref idref="oc-24e"/>
      </symbol>
      <symbol id="sm-506">
         <name>__aeabi_memset8</name>
         <value>0x37a9</value>
         <object_component_ref idref="oc-24e"/>
      </symbol>
      <symbol id="sm-507">
         <name>__aeabi_memclr</name>
         <value>0x37cd</value>
         <object_component_ref idref="oc-92"/>
      </symbol>
      <symbol id="sm-508">
         <name>__aeabi_memclr4</name>
         <value>0x37cd</value>
         <object_component_ref idref="oc-92"/>
      </symbol>
      <symbol id="sm-509">
         <name>__aeabi_memclr8</name>
         <value>0x37cd</value>
         <object_component_ref idref="oc-92"/>
      </symbol>
      <symbol id="sm-50f">
         <name>__aeabi_uldivmod</name>
         <value>0x3581</value>
         <object_component_ref idref="oc-175"/>
      </symbol>
      <symbol id="sm-515">
         <name>__udivmoddi4</name>
         <value>0x11f9</value>
         <object_component_ref idref="oc-1db"/>
      </symbol>
      <symbol id="sm-521">
         <name>__aeabi_ldiv0</name>
         <value>0x2d13</value>
         <object_component_ref idref="oc-21c"/>
      </symbol>
      <symbol id="sm-52a">
         <name>TI_memcpy_small</name>
         <value>0x35e3</value>
         <object_component_ref idref="oc-c1"/>
      </symbol>
      <symbol id="sm-532">
         <name>TI_memset_small</name>
         <value>0x36cf</value>
         <object_component_ref idref="oc-fa"/>
      </symbol>
      <symbol id="sm-533">
         <name>__TI_static_base__</name>
         <value>0x0</value>
      </symbol>
      <symbol id="sm-536">
         <name>ITM_flush</name>
         <value>0x0</value>
      </symbol>
      <symbol id="sm-537">
         <name>ITM_restore</name>
         <value>0x0</value>
      </symbol>
      <symbol id="sm-538">
         <name>__mpu_init</name>
         <value>0x0</value>
      </symbol>
   </symbol_table>
   <title>Link successful</title>
</link_info>
